11-29 18:55:32.318 29653 29697 W System.err: java.lang.NullPointerException: Attempt to invoke virtual method 'boolean e.d.a.h0.b.a.b()' on a null object reference
11-29 18:55:32.319 29653 29697 W System.err: 	at e.h.c.e$b.run(SourceFile:7)
11-29 18:55:32.319 29653 29697 W System.err: 	at android.os.Handler.handleCallback(Handler.java:938)
11-29 18:55:32.319 29653 29697 W System.err: 	at android.os.Handler.dispatchMessage(Handler.java:99)
11-29 18:55:32.319 29653 29697 W System.err: 	at android.os.Looper.loop(Looper.java:268)
11-29 18:55:32.319 29653 29697 W System.err: 	at android.os.HandlerThread.run(HandlerThread.java:67)
11-29 18:55:32.471   825   943 D ULogGuard: Monitoring: 16 threads, 0 requests, 0 time-bombs; 1 guards. ResetFlags = 0x7
11-29 18:55:29.355  1413  1535 D OsPrivacyNotifyManager: onActiveStateChanged ENABLE true code != OP_RECORD_AUDIO true
11-29 18:55:32.589  1203  1203 I MWN     : onSignalStrengthsChanged...
11-29 18:55:32.591  1203  1203 I MWN     : network type = 0
11-29 18:55:32.592  1413  1535 D MobileSignalController: roaming = false , isCdma = false
11-29 18:55:32.592  1203  1203 I MWN     : mobile type = 13
11-29 18:55:32.593  1203  1203 I MWN     : Write 0 to node. type=4G mSimExist=true mFlightMode=false
11-29 18:55:32.594  1203  1203 I MWN     : write the value:0 to node successfully.
11-29 18:55:32.596  1691  1691 I OtherSimPSListener: mOthersign:3subid :1
11-29 18:55:32.597  1413  1535 I NetworkController.MobileSignalController(1): isImsOverWfc = false , mDisableWfc = false , mHideWfcInCsCall = false , isImsOverVoice = true , isLteNetWork = true
11-29 18:55:32.598  1413  1535 D MobileSignalController: show->trueVolteIcon->2131233145:!isImsOverWfc:->true::airplaneMode:->false:::mCurrentState.volteIcon:2131233145
11-29 18:55:32.599  1413  1413 D StatusBarSignalPolicy: state.show = truestate.mMobileVolteId = 2131233145 subId = 1
11-29 18:55:32.645  6223  6224 I simo_trace: function:silver_socket_init	line:1659	
11-29 18:55:32.652  6223  6224 I simo_trace: function:val_is_used_unix_name	line:1789	silver SDKvercode:30
11-29 18:55:32.694  6223  6224 I simo_trace: function:val_is_used_unix_name	line:1789	silver SDKvercode:30
11-29 18:55:32.698  6223  6224 I simo_trace: function:_map_ret_err_code	line:107	err = Connection refused
11-29 18:55:32.848  1203  1338 W SoftApManager: DIFF 145486874
11-29 18:55:32.848  1203  1338 W SoftApManager: datalimit kick 145486874
11-29 18:55:33.023  1413  1535 D MobileSignalController: roaming = false , isCdma = false
11-29 18:55:33.026  1413  1535 I NetworkController.MobileSignalController(6): isImsOverWfc = false , mDisableWfc = false , mHideWfcInCsCall = false , isImsOverVoice = false , isLteNetWork = true
11-29 18:55:33.026  1691  1691 I TranPhoneSwitcher: mDefaultsign:4subid :6
11-29 18:55:33.026  1413  1535 D MobileSignalController: show->falseVolteIcon->0:!isImsOverWfc:->true::airplaneMode:->false:::mCurrentState.volteIcon:0
11-29 18:55:33.026  1413  1413 D StatusBarSignalPolicy: state.show = falsestate.mMobileVolteId = 0 subId = 6
11-29 18:55:33.853  1203  1338 W SoftApManager: DIFF 145486962
11-29 18:55:33.854  1203  1338 W SoftApManager: datalimit kick 145486962
11-29 18:55:34.859  1203  1338 W SoftApManager: DIFF 145487037
11-29 18:55:34.859  1203  1338 W SoftApManager: datalimit kick 145487037
11-29 18:55:35.406 14372 14650 E MvfstCallbacks.cpp: readError: streamid=3; error=LocalError: Idle timeout, Idle timeout: 35 seconds
11-29 18:55:35.406 14372 14650 E MvfstCallbacks.cpp: readError: streamid=7; error=LocalError: Idle timeout, Idle timeout: 35 seconds
11-29 18:55:35.406 14372 14650 E MvfstCallbacks.cpp: readError: streamid=11; error=LocalError: Idle timeout, Idle timeout: 35 seconds
11-29 18:55:35.406 14372 14650 E MvfstCallbacks.cpp: onConnectionError: error=LocalError: Idle timeout, Idle timeout: 35 seconds
11-29 18:55:35.473   825   943 D ULogGuard: Monitoring: 16 threads, 0 requests, 0 time-bombs; 1 guards. ResetFlags = 0x7
11-29 18:55:35.620  1413  1535 D MobileSignalController: roaming = false , isCdma = false
11-29 18:55:35.623  1413  1535 I NetworkController.MobileSignalController(6): isImsOverWfc = false , mDisableWfc = false , mHideWfcInCsCall = false , isImsOverVoice = false , isLteNetWork = true
11-29 18:55:35.624  1413  1535 D MobileSignalController: show->falseVolteIcon->0:!isImsOverWfc:->true::airplaneMode:->false:::mCurrentState.volteIcon:0
11-29 18:55:35.624  1413  1413 D StatusBarSignalPolicy: state.show = falsestate.mMobileVolteId = 0 subId = 6
11-29 18:55:35.624  1691  1691 I TranPhoneSwitcher: mDefaultsign:4subid :6
11-29 18:55:35.863  1203  1338 W SoftApManager: DIFF 145487037
11-29 18:55:35.863  1203  1338 W SoftApManager: datalimit kick 145487037
11-29 18:55:36.298   614  1975 I BufferQueueProducer: [StatusBar#0](this:0xb40000708eb47f58,id:7,api:1,p:1413,c:614) queueBuffer: fps=0.20 dur=4998.11 max=4998.11 min=4998.11
11-29 18:55:36.311   588   720 I hwcomposer: [HWCDisplay] [Display_0 (type:1)] fps:0.199890,dur:5002.76,max:5002.76,min:5002.76  
11-29 18:55:36.833  1203  1408 D Griffin/ResourceTracker: Cat meminfo coast time: 17ms
11-29 18:55:36.867  1203  1338 W SoftApManager: DIFF 145487037
11-29 18:55:36.867  1203  1338 W SoftApManager: datalimit kick 145487037
11-29 18:55:37.020 20246 20246 W ThreadPoolForeg: type=1400 audit(0.0:179225): avc: denied { write } for name="traced_producer" dev="tmpfs" ino=10766 scontext=u:r:gmscore_app:s0:c512,c768 tcontext=u:object_r:traced_producer_socket:s0 tclass=sock_file permissive=0 app=com.google.android.gms
11-29 18:55:37.135  1413  1413 D StackScroller: setMaxTopPadding() maxTopPadding:1252 StackScrollAlpha:1.0
11-29 18:55:37.136  1413  1413 D StackScroller: setMaxTopPadding() maxTopPadding:1252 StackScrollAlpha:1.0
11-29 18:55:37.137  1413  1413 D PanelView: getHeaderTranslation() translation:-656.46576
11-29 18:55:37.138  1413  1413 D PanelView: updateExpandedHeight() expandedHeight:0.0
11-29 18:55:37.139  1413  1413 D PanelView: getHeaderTranslation() translation:-656.46576
11-29 18:55:37.141  1413  1413 D TAG     : updateClearButton: cccc
11-29 18:55:37.234   830   830 I thermal_repeater: [recvMdThermalInfo] ret=27, strLen=127,  3, 49, 2, -28405, 32767, 0
11-29 18:55:37.646  6223  6224 I simo_trace: function:silver_socket_init	line:1659	
11-29 18:55:37.653  6223  6224 I simo_trace: function:val_is_used_unix_name	line:1789	silver SDKvercode:30
11-29 18:55:37.692  6223  6224 I simo_trace: function:val_is_used_unix_name	line:1789	silver SDKvercode:30
11-29 18:55:37.699  6223  6224 I simo_trace: function:_map_ret_err_code	line:107	err = Connection refused
11-29 18:55:37.701  1203  1203 I MWN     : onSignalStrengthsChanged...
11-29 18:55:37.703  1691  1691 I OtherSimPSListener: mOthersign:3subid :1
11-29 18:55:37.703  1203  1203 I MWN     : network type = 0
11-29 18:55:37.704  1203  1203 I MWN     : mobile type = 13
11-29 18:55:37.704  1203  1203 I MWN     : Write 0 to node. type=4G mSimExist=true mFlightMode=false
11-29 18:55:37.705  1203  1203 I MWN     : write the value:0 to node successfully.
11-29 18:55:37.706  1413  1535 D MobileSignalController: roaming = false , isCdma = false
11-29 18:55:37.707  1413  1535 I NetworkController.MobileSignalController(1): isImsOverWfc = false , mDisableWfc = false , mHideWfcInCsCall = false , isImsOverVoice = true , isLteNetWork = true
11-29 18:55:37.708  1413  1535 D MobileSignalController: show->trueVolteIcon->2131233145:!isImsOverWfc:->true::airplaneMode:->false:::mCurrentState.volteIcon:2131233145
11-29 18:55:37.708  1413  1413 D StatusBarSignalPolicy: state.show = truestate.mMobileVolteId = 2131233145 subId = 1
11-29 18:55:37.872  1203  1338 W SoftApManager: DIFF 145488176
11-29 18:55:37.872  1203  1338 W SoftApManager: datalimit kick 145488176
11-29 18:55:38.133  1413  1413 D StackScroller: setMaxTopPadding() maxTopPadding:1252 StackScrollAlpha:1.0
11-29 18:55:38.134  1413  1413 D StackScroller: setMaxTopPadding() maxTopPadding:1252 StackScrollAlpha:1.0
11-29 18:55:38.134  1413  1413 D PanelView: getHeaderTranslation() translation:-656.46576
11-29 18:55:38.135  1413  1413 D PanelView: updateExpandedHeight() expandedHeight:0.0
11-29 18:55:38.135   614  1975 I BufferQueueProducer: [StatusBar#0](this:0xb40000708eb47f58,id:7,api:1,p:1413,c:614) queueBuffer: fps=1.09 dur=1836.94 max=997.38 min=839.56
11-29 18:55:38.135  1413  1413 D PanelView: getHeaderTranslation() translation:-656.46576
11-29 18:55:38.136  1413  1413 D TAG     : updateClearButton: cccc
11-29 18:55:38.147   588   720 I hwcomposer: [HWCDisplay] [Display_0 (type:1)] fps:1.089296,dur:1836.05,max:1002.13,min:833.92  
11-29 18:55:38.214  1413  1535 D MobileSignalController: roaming = false , isCdma = false
11-29 18:55:38.216  1691  1691 I TranPhoneSwitcher: mDefaultsign:4subid :6
11-29 18:55:38.216  1413  1535 I NetworkController.MobileSignalController(6): isImsOverWfc = false , mDisableWfc = false , mHideWfcInCsCall = false , isImsOverVoice = false , isLteNetWork = true
11-29 18:55:38.217  1413  1535 D MobileSignalController: show->falseVolteIcon->0:!isImsOverWfc:->true::airplaneMode:->false:::mCurrentState.volteIcon:0
11-29 18:55:38.217  1413  1413 D StatusBarSignalPolicy: state.show = falsestate.mMobileVolteId = 0 subId = 6
11-29 18:55:38.474   825   943 D ULogGuard: Monitoring: 16 threads, 0 requests, 0 time-bombs; 1 guards. ResetFlags = 0x7
11-29 18:55:38.876  1203  1338 W SoftApManager: DIFF 145488264
11-29 18:55:38.877  1203  1338 W SoftApManager: datalimit kick 145488264
11-29 18:55:39.437 20246 20246 D BoundBrokerSvc: onUnbind: Intent { act=com.google.android.gms.auth.aang.events.services.START dat=chimera-action: cmp=com.google.android.gms/.chimera.PersistentApiService }
11-29 18:55:39.692 20246 14763 E GmsCoreLogger: Failed to persist aggregation state [CONTEXT service_id=299 ]
11-29 18:55:39.692 20246 14763 E GmsCoreLogger: java.lang.IllegalArgumentException
11-29 18:55:39.692 20246 14763 E GmsCoreLogger: 	at azxv.b(:com.google.android.gms@254730022@25.47.30 (150400-833691957):6)
11-29 18:55:39.692 20246 14763 E GmsCoreLogger: 	at cdag.f(:com.google.android.gms@254730022@25.47.30 (150400-833691957):146)
11-29 18:55:39.692 20246 14763 E GmsCoreLogger: 	at cdcx.f(:com.google.android.gms@254730022@25.47.30 (150400-833691957):21)
11-29 18:55:39.692 20246 14763 E GmsCoreLogger: 	at cdcn.run(:com.google.android.gms@254730022@25.47.30 (150400-833691957):95)
11-29 18:55:39.692 20246 14763 E GmsCoreLogger: 	at java.util.concurrent.Executors$RunnableAdapter.call(Executors.java:462)
11-29 18:55:39.692 20246 14763 E GmsCoreLogger: 	at java.util.concurrent.FutureTask.run(FutureTask.java:266)
11-29 18:55:39.692 20246 14763 E GmsCoreLogger: 	at baqh.c(:com.google.android.gms@254730022@25.47.30 (150400-833691957):50)
11-29 18:55:39.692 20246 14763 E GmsCoreLogger: 	at baqh.run(:com.google.android.gms@254730022@25.47.30 (150400-833691957):73)
11-29 18:55:39.692 20246 14763 E GmsCoreLogger: 	at java.util.concurrent.ThreadPoolExecutor.runWorker(ThreadPoolExecutor.java:1167)
11-29 18:55:39.692 20246 14763 E GmsCoreLogger: 	at java.util.concurrent.ThreadPoolExecutor$Worker.run(ThreadPoolExecutor.java:641)
11-29 18:55:39.692 20246 14763 E GmsCoreLogger: 	at bavy.run(:com.google.android.gms@254730022@25.47.30 (150400-833691957):8)
11-29 18:55:39.692 20246 14763 E GmsCoreLogger: 	at java.lang.Thread.run(Thread.java:923)
11-29 18:55:39.880  1203  1338 W SoftApManager: DIFF 145488339
11-29 18:55:39.881  1203  1338 W SoftApManager: datalimit kick 145488339
11-29 18:55:40.328 29653 29697 W System.err: java.lang.NullPointerException: Attempt to invoke virtual method 'boolean e.d.a.h0.b.a.b()' on a null object reference
11-29 18:55:40.328 29653 29697 W System.err: 	at e.h.c.e$b.run(SourceFile:7)
11-29 18:55:40.328 29653 29697 W System.err: 	at android.os.Handler.handleCallback(Handler.java:938)
11-29 18:55:40.328 29653 29697 W System.err: 	at android.os.Handler.dispatchMessage(Handler.java:99)
11-29 18:55:40.328 29653 29697 W System.err: 	at android.os.Looper.loop(Looper.java:268)
11-29 18:55:40.328 29653 29697 W System.err: 	at android.os.HandlerThread.run(HandlerThread.java:67)
11-29 18:55:40.738 20246 20246 D BoundBrokerSvc: onUnbind: Intent { act=com.google.android.gms.libs.gmscorelogger.service.START dat=chimera-action: cmp=com.google.android.gms/.chimera.PersistentDirectBootAwareApiService }
11-29 18:55:40.835  1413  1535 D MobileSignalController: roaming = false , isCdma = false
11-29 18:55:40.836  1691  1691 I TranPhoneSwitcher: mDefaultsign:4subid :6
11-29 18:55:40.839  1413  1535 I NetworkController.MobileSignalController(6): isImsOverWfc = false , mDisableWfc = false , mHideWfcInCsCall = false , isImsOverVoice = false , isLteNetWork = true
11-29 18:55:40.839  1413  1535 D MobileSignalController: show->falseVolteIcon->0:!isImsOverWfc:->true::airplaneMode:->false:::mCurrentState.volteIcon:0
11-29 18:55:40.839  1413  1413 D StatusBarSignalPolicy: state.show = falsestate.mMobileVolteId = 0 subId = 6
11-29 18:55:40.884  1203  1338 W SoftApManager: DIFF 145488339
11-29 18:55:40.885  1203  1338 W SoftApManager: datalimit kick 145488339
11-29 18:55:40.938 14372 14395 W CrashLoopRemedyLog: unable to delete remedy log, instaCrash: true
11-29 18:55:40.947  1203  1540 D BatteryService: Sending ACTION_BATTERY_CHANGED. scale:100, info:{.chargerAcOnline = false, .chargerUsbOnline = true, .chargerWirelessOnline = false, .maxChargingCurrent = 500000, .maxChargingVoltage = 5000000, .batteryStatus = CHARGING, .batteryHealth = GOOD, .batteryPresent = true, .batteryLevel = 61, .batteryVoltage = 3941, .batteryTemperature = 354, .batteryCurrent = 169700, .batteryCycleCount = 1, .batteryFullCharge = 2310000, .batteryChargeCounter = 1409100, .batteryTechnology = Li-ion}
11-29 18:55:40.948  1203  1540 D BatteryService: HealthInfoUpdate: {.chargerAcOnline = false, .chargerUsbOnline = true, .chargerWirelessOnline = false, .maxChargingCurrent = 500000, .maxChargingVoltage = 5000000, .batteryStatus = CHARGING, .batteryHealth = GOOD, .batteryPresent = true, .batteryLevel = 61, .batteryVoltage = 3941, .batteryTemperature = 354, .batteryCurrent = 169700, .batteryCycleCount = 1, .batteryFullCharge = 2310000, .batteryChargeCounter = 1409100, .batteryTechnology = Li-ion}
11-29 18:55:40.952  1413  1413 D FlashlightController: oldStatus = false , newStatus = false , mIsLowBatteryLevel = false , mIsCharging = true
11-29 18:55:40.953  2806  2806 I Hoffnung: Universal onReceive: Intent { act=android.intent.action.BATTERY_CHANGED flg=0x60000010 (has extras) }
11-29 18:55:40.953  2806  2806 I Hoffnung: LocalBroadcastManager onReceive Intent { act=android.intent.action.BATTERY_CHANGED flg=0x60000010 (has extras) }
11-29 18:55:40.956  1413 21889 D ExpressionController: #mgz# onReceive
11-29 18:55:40.956 29583 29583 D BatteryLabService: system is charging
11-29 18:55:40.966   614  1975 I BufferQueueProducer: [StatusBar#0](this:0xb40000708eb47f58,id:7,api:1,p:1413,c:614) queueBuffer: fps=0.35 dur=2830.77 max=2830.77 min=2830.77
11-29 18:55:40.980   588   720 I hwcomposer: [HWCDisplay] [Display_0 (type:1)] fps:0.352990,dur:2832.94,max:2832.94,min:2832.94  
11-29 18:55:41.476   825   943 D ULogGuard: Monitoring: 16 threads, 0 requests, 0 time-bombs; 1 guards. ResetFlags = 0x7
11-29 18:55:41.889  1203  1338 W SoftApManager: DIFF 145488339
11-29 18:55:41.890  1203  1338 W SoftApManager: datalimit kick 145488339
11-29 18:55:42.151  1413  1413 D StackScroller: setMaxTopPadding() maxTopPadding:1252 StackScrollAlpha:1.0
11-29 18:55:42.152  1413  1413 D StackScroller: setMaxTopPadding() maxTopPadding:1252 StackScrollAlpha:1.0
11-29 18:55:42.152  1413  1413 D PanelView: getHeaderTranslation() translation:-656.46576
11-29 18:55:42.152  1413  1413 D PanelView: updateExpandedHeight() expandedHeight:0.0
11-29 18:55:42.152  1413  1413 D PanelView: getHeaderTranslation() translation:-656.46576
11-29 18:55:42.152   614  1975 I BufferQueueProducer: [StatusBar#0](this:0xb40000708eb47f58,id:7,api:1,p:1413,c:614) queueBuffer: fps=1.69 dur=1186.84 max=868.25 min=318.59
11-29 18:55:42.154  1413  1413 D TAG     : updateClearButton: cccc
11-29 18:55:42.164   588   720 I hwcomposer: [HWCDisplay] [Display_0 (type:1)] fps:1.689536,dur:1183.76,max:861.79,min:321.96  
11-29 18:55:42.260 12193 12206 W JavaBinder: BinderProxy is being destroyed but the application did not call unlinkToDeath to unlink all of its death recipients beforehand.  Releasing leaked death recipient: X.5R5
11-29 18:55:42.263 12193 12206 I BpBinder: onLastStrongRef automatically unlinking death recipients: <uncached descriptor>
11-29 18:55:42.533  1203  1233 D AES     : AEEIOCTL_GET/SET_SF_STATE IOCTL,cmd= 1074294797, lParam=0. 
11-29 18:55:42.533  1203  1233 D AES     : AEEIOCTL_RT_MON_Kick IOCTL,cmd= 2147774474, lParam=300. 
11-29 18:55:42.645  6223  6224 I simo_trace: function:silver_socket_init	line:1659	
11-29 18:55:42.651  6223  6224 I simo_trace: function:val_is_used_unix_name	line:1789	silver SDKvercode:30
11-29 18:55:42.685   624   642 D ccci_mdinit: (1):monitor_time_update_thread round:8054 ########
11-29 18:55:42.694  6223  6224 I simo_trace: function:val_is_used_unix_name	line:1789	silver SDKvercode:30
11-29 18:55:42.698  6223  6224 I simo_trace: function:_map_ret_err_code	line:107	err = Connection refused
11-29 18:55:42.819  1203  1203 I MWN     : onSignalStrengthsChanged...
11-29 18:55:42.821  1203  1203 I MWN     : network type = 0
11-29 18:55:42.821  1691  1691 I OtherSimPSListener: mOthersign:3subid :1
11-29 18:55:42.822  1413  1535 D MobileSignalController: roaming = false , isCdma = false
11-29 18:55:42.824  1203  1203 I MWN     : mobile type = 13
11-29 18:55:42.824  1203  1203 I MWN     : Write 0 to node. type=4G mSimExist=true mFlightMode=false
11-29 18:55:42.824  1413  1535 I NetworkController.MobileSignalController(1): isImsOverWfc = false , mDisableWfc = false , mHideWfcInCsCall = false , isImsOverVoice = true , isLteNetWork = true
11-29 18:55:42.824  1413  1535 D MobileSignalController: show->trueVolteIcon->2131233145:!isImsOverWfc:->true::airplaneMode:->false:::mCurrentState.volteIcon:2131233145
11-29 18:55:42.825  1203  1203 I MWN     : write the value:0 to node successfully.
11-29 18:55:42.825  1413  1413 D StatusBarSignalPolicy: state.show = truestate.mMobileVolteId = 2131233145 subId = 1
11-29 18:55:42.894  1203  1338 W SoftApManager: DIFF 145488339
11-29 18:55:42.894  1203  1338 W SoftApManager: datalimit kick 145488339
11-29 18:55:43.024 13956 14007 E unknown:ReconnectingWebSocket: Error occurred, shutting down websocket connection: Websocket exception
11-29 18:55:43.024 13956 14007 E unknown:ReconnectingWebSocket: java.io.EOFException
11-29 18:55:43.024 13956 14007 E unknown:ReconnectingWebSocket: 	at okio.RealBufferedSource.require(RealBufferedSource.kt:204)
11-29 18:55:43.024 13956 14007 E unknown:ReconnectingWebSocket: 	at okio.RealBufferedSource.readByte(RealBufferedSource.kt:214)
11-29 18:55:43.024 13956 14007 E unknown:ReconnectingWebSocket: 	at okhttp3.internal.ws.WebSocketReader.readHeader(WebSocketReader.kt:119)
11-29 18:55:43.024 13956 14007 E unknown:ReconnectingWebSocket: 	at okhttp3.internal.ws.WebSocketReader.processNextFrame(WebSocketReader.kt:102)
11-29 18:55:43.024 13956 14007 E unknown:ReconnectingWebSocket: 	at okhttp3.internal.ws.RealWebSocket.loopReader(RealWebSocket.kt:293)
11-29 18:55:43.024 13956 14007 E unknown:ReconnectingWebSocket: 	at okhttp3.internal.ws.RealWebSocket$connect$1.onResponse(RealWebSocket.kt:195)
11-29 18:55:43.024 13956 14007 E unknown:ReconnectingWebSocket: 	at okhttp3.internal.connection.RealCall$AsyncCall.run(RealCall.kt:519)
11-29 18:55:43.024 13956 14007 E unknown:ReconnectingWebSocket: 	at java.util.concurrent.ThreadPoolExecutor.runWorker(ThreadPoolExecutor.java:1167)
11-29 18:55:43.024 13956 14007 E unknown:ReconnectingWebSocket: 	at java.util.concurrent.ThreadPoolExecutor$Worker.run(ThreadPoolExecutor.java:641)
11-29 18:55:43.024 13956 14007 E unknown:ReconnectingWebSocket: 	at java.lang.Thread.run(Thread.java:923)
11-29 18:55:43.024 13956 14032 E unknown:ReconnectingWebSocket: Error occurred, shutting down websocket connection: Websocket exception
11-29 18:55:43.024 13956 14032 E unknown:ReconnectingWebSocket: java.io.EOFException
11-29 18:55:43.024 13956 14032 E unknown:ReconnectingWebSocket: 	at okio.RealBufferedSource.require(RealBufferedSource.kt:204)
11-29 18:55:43.024 13956 14032 E unknown:ReconnectingWebSocket: 	at okio.RealBufferedSource.readByte(RealBufferedSource.kt:214)
11-29 18:55:43.024 13956 14032 E unknown:ReconnectingWebSocket: 	at okhttp3.internal.ws.WebSocketReader.readHeader(WebSocketReader.kt:119)
11-29 18:55:43.024 13956 14032 E unknown:ReconnectingWebSocket: 	at okhttp3.internal.ws.WebSocketReader.processNextFrame(WebSocketReader.kt:102)
11-29 18:55:43.024 13956 14032 E unknown:ReconnectingWebSocket: 	at okhttp3.internal.ws.RealWebSocket.loopReader(RealWebSocket.kt:293)
11-29 18:55:43.024 13956 14032 E unknown:ReconnectingWebSocket: 	at okhttp3.internal.ws.RealWebSocket$connect$1.onResponse(RealWebSocket.kt:195)
11-29 18:55:43.024 13956 14032 E unknown:ReconnectingWebSocket: 	at okhttp3.internal.connection.RealCall$AsyncCall.run(RealCall.kt:519)
11-29 18:55:43.024 13956 14032 E unknown:ReconnectingWebSocket: 	at java.util.concurrent.ThreadPoolExecutor.runWorker(ThreadPoolExecutor.java:1167)
11-29 18:55:43.024 13956 14032 E unknown:ReconnectingWebSocket: 	at java.util.concurrent.ThreadPoolExecutor$Worker.run(ThreadPoolExecutor.java:641)
11-29 18:55:43.024 13956 14032 E unknown:ReconnectingWebSocket: 	at java.lang.Thread.run(Thread.java:923)
11-29 18:55:43.025 13956 14032 W unknown:ReconnectingWebSocket: Couldn't connect to "ws://localhost:8081/inspector/network", will silently retry
11-29 18:55:43.025 13956 14007 W unknown:ReconnectingWebSocket: Couldn't connect to "ws://localhost:8081/message?device=Infinix%20X688B%20-%2011%20-%20API%2030&app=com.anonymous.blockOutApp&clientid=DevLauncherBridgelessDevSupportManager", will silently retry
11-29 18:55:43.151  1413  1413 D StackScroller: setMaxTopPadding() maxTopPadding:1252 StackScrollAlpha:1.0
11-29 18:55:43.152  1413  1413 D StackScroller: setMaxTopPadding() maxTopPadding:1252 StackScrollAlpha:1.0
11-29 18:55:43.152  1413  1413 D PanelView: getHeaderTranslation() translation:-656.46576
11-29 18:55:43.152  1413  1413 D PanelView: updateExpandedHeight() expandedHeight:0.0
11-29 18:55:43.152  1413  1413 D PanelView: getHeaderTranslation() translation:-656.46576
11-29 18:55:43.153   614  1975 I BufferQueueProducer: [StatusBar#0](this:0xb40000708eb47f58,id:7,api:1,p:1413,c:614) queueBuffer: fps=1.00 dur=1000.43 max=1000.43 min=1000.43
11-29 18:55:43.153  1413  1413 D TAG     : updateClearButton: cccc
11-29 18:55:43.166   588   720 I hwcomposer: [HWCDisplay] [Display_0 (type:1)] fps:0.997686,dur:1002.32,max:1002.32,min:1002.32  
11-29 18:55:43.455  1413  1535 D MobileSignalController: roaming = false , isCdma = false
11-29 18:55:43.456  1691  1691 I TranPhoneSwitcher: mDefaultsign:4subid :6
11-29 18:55:43.458  1413  1535 I NetworkController.MobileSignalController(6): isImsOverWfc = false , mDisableWfc = false , mHideWfcInCsCall = false , isImsOverVoice = false , isLteNetWork = true
11-29 18:55:43.458  1413  1535 D MobileSignalController: show->falseVolteIcon->0:!isImsOverWfc:->true::airplaneMode:->false:::mCurrentState.volteIcon:0
11-29 18:55:43.458  1413  1413 D StatusBarSignalPolicy: state.show = falsestate.mMobileVolteId = 0 subId = 6
11-29 18:55:43.899  1203  1338 W SoftApManager: DIFF 145488427
11-29 18:55:43.899  1203  1338 W SoftApManager: datalimit kick 145488427
11-29 18:55:44.477   825   943 D ULogGuard: Monitoring: 16 threads, 0 requests, 0 time-bombs; 1 guards. ResetFlags = 0x7
11-29 18:55:44.905  1203  1338 W SoftApManager: DIFF 145488502
11-29 18:55:44.906  1203  1338 W SoftApManager: datalimit kick 145488502
11-29 18:55:45.046 13956 14032 I System.out: [socket]:check permission begin!
11-29 18:55:45.054 13956 14007 I System.out: [socket]:check permission begin!
11-29 18:55:45.065  1203  1203 I MWN     : onSignalStrengthsChanged...
11-29 18:55:45.067  1203  1203 I MWN     : network type = 0
11-29 18:55:45.069  1203  1203 I MWN     : mobile type = 13
11-29 18:55:45.069  1203  1203 I MWN     : Write 0 to node. type=4G mSimExist=true mFlightMode=false
11-29 18:55:45.069  1691  1691 I OtherSimPSListener: mOthersign:3subid :1
11-29 18:55:45.069  1413  1535 D MobileSignalController: roaming = false , isCdma = false
11-29 18:55:45.070  1203  1203 I MWN     : write the value:0 to node successfully.
11-29 18:55:45.071  1413  1535 I NetworkController.MobileSignalController(1): isImsOverWfc = false , mDisableWfc = false , mHideWfcInCsCall = false , isImsOverVoice = true , isLteNetWork = true
11-29 18:55:45.072  1413  1535 D MobileSignalController: show->trueVolteIcon->2131233145:!isImsOverWfc:->true::airplaneMode:->false:::mCurrentState.volteIcon:2131233145
11-29 18:55:45.072  1413  1413 D StatusBarSignalPolicy: state.show = truestate.mMobileVolteId = 2131233145 subId = 1
11-29 18:55:45.173  1413  1413 D StackScroller: setMaxTopPadding() maxTopPadding:1252 StackScrollAlpha:1.0
11-29 18:55:45.175   614  1975 I BufferQueueProducer: [StatusBar#0](this:0xb40000708eb47f58,id:7,api:1,p:1413,c:614) queueBuffer: fps=0.49 dur=2022.39 max=2022.39 min=2022.39
11-29 18:55:45.175  1413  1413 D StackScroller: setMaxTopPadding() maxTopPadding:1252 StackScrollAlpha:1.0
11-29 18:55:45.176  1413  1413 D PanelView: getHeaderTranslation() translation:-656.46576
11-29 18:55:45.176  1413  1413 D PanelView: updateExpandedHeight() expandedHeight:0.0
11-29 18:55:45.177  1413  1413 D PanelView: getHeaderTranslation() translation:-656.46576
11-29 18:55:45.179  1413  1413 D TAG     : updateClearButton: cccc
11-29 18:55:45.183   588   720 I hwcomposer: [HWCDisplay] [Display_0 (type:1)] fps:0.495951,dur:2016.33,max:2016.33,min:2016.33  
11-29 18:55:45.909  1203  1338 W SoftApManager: DIFF 145488502
11-29 18:55:45.909  1203  1338 W SoftApManager: datalimit kick 145488502
11-29 18:55:46.026  1203  1203 I MWN     : onSignalStrengthsChanged...
11-29 18:55:46.027  1203  1203 I MWN     : network type = 0
11-29 18:55:46.029  1203  1203 I MWN     : mobile type = 13
11-29 18:55:46.029  1203  1203 I MWN     : Write 0 to node. type=4G mSimExist=true mFlightMode=false
11-29 18:55:46.030  1691  1691 I OtherSimPSListener: mOthersign:3subid :1
11-29 18:55:46.030  1203  1203 I MWN     : write the value:0 to node successfully.
11-29 18:55:46.032  1413  1535 D MobileSignalController: roaming = false , isCdma = false
11-29 18:55:46.035  1413  1535 I NetworkController.MobileSignalController(1): isImsOverWfc = false , mDisableWfc = false , mHideWfcInCsCall = false , isImsOverVoice = true , isLteNetWork = true
11-29 18:55:46.035  1413  1535 D MobileSignalController: show->trueVolteIcon->2131233145:!isImsOverWfc:->true::airplaneMode:->false:::mCurrentState.volteIcon:2131233145
11-29 18:55:46.036  1413  1413 D StatusBarSignalPolicy: state.show = truestate.mMobileVolteId = 2131233145 subId = 1
11-29 18:55:46.054  1413  1535 D MobileSignalController: roaming = false , isCdma = false
11-29 18:55:46.056  1413  1535 I NetworkController.MobileSignalController(6): isImsOverWfc = false , mDisableWfc = false , mHideWfcInCsCall = false , isImsOverVoice = false , isLteNetWork = true
11-29 18:55:46.056  1413  1535 D MobileSignalController: show->falseVolteIcon->0:!isImsOverWfc:->true::airplaneMode:->false:::mCurrentState.volteIcon:0
11-29 18:55:46.056  1413  1413 D StatusBarSignalPolicy: state.show = falsestate.mMobileVolteId = 0 subId = 6
11-29 18:55:46.056  1691  1691 I TranPhoneSwitcher: mDefaultsign:4subid :6
11-29 18:55:46.190  1413  1413 D StackScroller: setMaxTopPadding() maxTopPadding:1252 StackScrollAlpha:1.0
11-29 18:55:46.192  1413  1413 D StackScroller: setMaxTopPadding() maxTopPadding:1252 StackScrollAlpha:1.0
11-29 18:55:46.193  1413  1413 D PanelView: getHeaderTranslation() translation:-656.46576
11-29 18:55:46.194   614  1975 I BufferQueueProducer: [StatusBar#0](this:0xb40000708eb47f58,id:7,api:1,p:1413,c:614) queueBuffer: fps=0.98 dur=1018.44 max=1018.44 min=1018.44
11-29 18:55:46.194  1413  1413 D PanelView: updateExpandedHeight() expandedHeight:0.0
11-29 18:55:46.194  1413  1413 D PanelView: getHeaderTranslation() translation:-656.46576
11-29 18:55:46.196  1413  1413 D TAG     : updateClearButton: cccc
11-29 18:55:46.201   588   720 I hwcomposer: [HWCDisplay] [Display_0 (type:1)] fps:0.982115,dur:1018.21,max:1018.21,min:1018.21  
11-29 18:55:46.644  6223  6224 I simo_trace: function:_user_log_check_timeout	line:219	
11-29 18:55:46.646  6223  6224 I simo_trace: function:_user_log_create_file	line:191	file = /data/simo_fs/val_trace/val_log.txt, size = 170509
11-29 18:55:46.648  6223  6224 I simo_trace: function:_user_log_create_file	line:197	file_index = 15782
11-29 18:55:46.650  6223  6224 I simo_trace: function:_user_log_create_file	line:208	old = /data/simo_fs/val_trace/val_log.txt, new = /data/simo_fs/val_trace/simo_user_log15782.txt
11-29 18:55:46.654  6223  6224 I simo_trace: function:_user_log_compress_file	line:157	dest_file = simo_user_log15782.gz, src_file = simo_user_log15782.txt, trace_dir = /data/simo_fs/val_trace/
11-29 18:55:46.656  6223  6224 I simo_trace: function:pfl_file_compress	line:536	dest_file_path:/data/simo_fs/val_trace/simo_user_log15782.gz
11-29 18:55:46.658  6223  6224 I simo_trace: function:pfl_file_compress	line:537	src_file_path:/data/simo_fs/val_trace/simo_user_log15782.txt
11-29 18:55:46.659  6223  6224 I simo_trace: function:pfl_file_compress	line:566	file_len = 170509
11-29 18:55:46.664  6223  6224 I simo_trace: function:pfl_gzip_compress	line:327	pfl_gzip_compress
11-29 18:55:46.697  6223  6224 I simo_trace: function:pfl_gzip_compress	line:366	 
11-29 18:55:46.701  6223  6224 I simo_trace: function:pfl_gzip_compress	line:385	 
11-29 18:55:46.714  6223  6224 I simo_trace: function:bsl_report_log_notify	line:561	
11-29 18:55:46.914  1203  1338 W SoftApManager: DIFF 145488502
11-29 18:55:46.914  1203  1338 W SoftApManager: datalimit kick 145488502
11-29 18:55:47.070 13956 14032 I System.out: [socket]:check permission begin!
11-29 18:55:47.075 13956 14007 I System.out: [socket]:check permission begin!
11-29 18:55:47.247   830   830 I thermal_repeater: [recvMdThermalInfo] ret=27, strLen=127,  3, 50, 6, -28405, 32767, 0
11-29 18:55:47.479   825   943 D ULogGuard: Monitoring: 16 threads, 0 requests, 0 time-bombs; 1 guards. ResetFlags = 0x7
11-29 18:55:47.644  6223  6224 I simo_trace: function:silver_socket_init	line:1659	
11-29 18:55:47.648  6223  6224 I simo_trace: function:val_is_used_unix_name	line:1789	silver SDKvercode:30
11-29 18:55:47.685  6223  6224 I simo_trace: function:val_is_used_unix_name	line:1789	silver SDKvercode:30
11-29 18:55:47.689  6223  6224 I simo_trace: function:_map_ret_err_code	line:107	err = Connection refused
11-29 18:55:47.919  1203  1338 W SoftApManager: DIFF 145488502
11-29 18:55:47.920  1203  1338 W SoftApManager: datalimit kick 145488502
11-29 18:55:48.334 29653 29697 W System.err: java.lang.NullPointerException: Attempt to invoke virtual method 'boolean e.d.a.h0.b.a.b()' on a null object reference
11-29 18:55:48.335 29653 29697 W System.err: 	at e.h.c.e$b.run(SourceFile:7)
11-29 18:55:48.335 29653 29697 W System.err: 	at android.os.Handler.handleCallback(Handler.java:938)
11-29 18:55:48.335 29653 29697 W System.err: 	at android.os.Handler.dispatchMessage(Handler.java:99)
11-29 18:55:48.335 29653 29697 W System.err: 	at android.os.Looper.loop(Looper.java:268)
11-29 18:55:48.335 29653 29697 W System.err: 	at android.os.HandlerThread.run(HandlerThread.java:67)
11-29 18:55:48.623  1413  1535 D MobileSignalController: roaming = false , isCdma = false
11-29 18:55:48.624  1691  1691 I TranPhoneSwitcher: mDefaultsign:4subid :6
11-29 18:55:48.625  1413  1535 I NetworkController.MobileSignalController(6): isImsOverWfc = false , mDisableWfc = false , mHideWfcInCsCall = false , isImsOverVoice = false , isLteNetWork = true
11-29 18:55:48.626  1413  1535 D MobileSignalController: show->falseVolteIcon->0:!isImsOverWfc:->true::airplaneMode:->false:::mCurrentState.volteIcon:0
11-29 18:55:48.626  1413  1413 D StatusBarSignalPolicy: state.show = falsestate.mMobileVolteId = 0 subId = 6
11-29 18:55:48.923  1203  1338 W SoftApManager: DIFF 145488910
11-29 18:55:48.924  1203  1338 W SoftApManager: datalimit kick 145488910
11-29 18:55:49.094 13956 14032 I System.out: [socket]:check permission begin!
11-29 18:55:49.102 13956 14007 I System.out: [socket]:check permission begin!
11-29 18:55:49.547  1203  1203 I MWN     : onSignalStrengthsChanged...
11-29 18:55:49.550  1203  1203 I MWN     : network type = 0
11-29 18:55:49.552  1203  1203 I MWN     : mobile type = 13
11-29 18:55:49.553  1203  1203 I MWN     : Write 0 to node. type=4G mSimExist=true mFlightMode=false
11-29 18:55:49.554  1203  1203 I MWN     : write the value:0 to node successfully.
11-29 18:55:49.554  1691  1691 I OtherSimPSListener: mOthersign:3subid :1
11-29 18:55:49.555  1413  1535 D MobileSignalController: roaming = false , isCdma = false
11-29 18:55:49.558  1413  1535 I NetworkController.MobileSignalController(1): isImsOverWfc = false , mDisableWfc = false , mHideWfcInCsCall = false , isImsOverVoice = true , isLteNetWork = true
11-29 18:55:49.558  1413  1535 D MobileSignalController: show->trueVolteIcon->2131233145:!isImsOverWfc:->true::airplaneMode:->false:::mCurrentState.volteIcon:2131233145
11-29 18:55:49.559  1413  1413 D StatusBarSignalPolicy: state.show = truestate.mMobileVolteId = 2131233145 subId = 1
11-29 18:55:49.931  1203  1338 W SoftApManager: DIFF 145489115
11-29 18:55:49.931  1203  1338 W SoftApManager: datalimit kick 145489115
11-29 18:55:50.481   825   943 D ULogGuard: Monitoring: 16 threads, 0 requests, 0 time-bombs; 1 guards. ResetFlags = 0x7
11-29 18:55:50.935  1203  1338 W SoftApManager: DIFF 145489561
11-29 18:55:50.936  1203  1338 W SoftApManager: datalimit kick 145489561
11-29 18:55:51.119 13956 14032 I System.out: [socket]:check permission begin!
11-29 18:55:51.129 13956 14007 I System.out: [socket]:check permission begin!
11-29 18:55:51.218  1413  1535 D MobileSignalController: roaming = false , isCdma = false
11-29 18:55:51.222  1413  1535 I NetworkController.MobileSignalController(6): isImsOverWfc = false , mDisableWfc = false , mHideWfcInCsCall = false , isImsOverVoice = false , isLteNetWork = true
11-29 18:55:51.222  1413  1535 D MobileSignalController: show->falseVolteIcon->0:!isImsOverWfc:->true::airplaneMode:->false:::mCurrentState.volteIcon:0
11-29 18:55:51.222  1691  1691 I TranPhoneSwitcher: mDefaultsign:4subid :6
11-29 18:55:51.222  1413  1413 D StatusBarSignalPolicy: state.show = falsestate.mMobileVolteId = 0 subId = 6
11-29 18:55:51.236 19680 19680 W ThreadPoolForeg: type=1400 audit(0.0:179226): avc: denied { write } for name="traced_producer" dev="tmpfs" ino=10766 scontext=u:r:gmscore_app:s0:c512,c768 tcontext=u:object_r:traced_producer_socket:s0 tclass=sock_file permissive=0 app=com.google.android.gms
11-29 18:55:51.291   614  1975 I BufferQueueProducer: [StatusBar#0](this:0xb40000708eb47f58,id:7,api:1,p:1413,c:614) queueBuffer: fps=0.39 dur=5096.82 max=5001.98 min=94.84
11-29 18:55:51.303   588   720 I hwcomposer: [HWCDisplay] [Display_0 (type:1)] fps:0.392038,dur:5101.54,max:4999.93,min:101.61  
11-29 18:55:51.939  1203  1338 W SoftApManager: DIFF 145490643
11-29 18:55:51.940  1203  1338 W SoftApManager: datalimit kick 145490643
11-29 18:55:52.652   590   590 D IMGMemtrackHAL: hal_get_memory: memtrack cache rebuild was required
11-29 18:55:52.683  6223  6224 I simo_trace: function:silver_socket_init	line:1659	
11-29 18:55:52.685  6223  6224 I simo_trace: function:val_is_used_unix_name	line:1789	silver SDKvercode:30
11-29 18:55:52.730  6223  6224 I simo_trace: function:val_is_used_unix_name	line:1789	silver SDKvercode:30
11-29 18:55:52.733  6223  6224 I simo_trace: function:_map_ret_err_code	line:107	err = Connection refused
11-29 18:55:52.944  1203  1338 W SoftApManager: DIFF 145490643
11-29 18:55:52.945  1203  1338 W SoftApManager: datalimit kick 145490643
11-29 18:55:53.483   825   943 D ULogGuard: Monitoring: 16 threads, 0 requests, 0 time-bombs; 1 guards. ResetFlags = 0x7
11-29 18:55:53.822  1413  1535 D MobileSignalController: roaming = false , isCdma = false
11-29 18:55:53.824  1413  1535 I NetworkController.MobileSignalController(6): isImsOverWfc = false , mDisableWfc = false , mHideWfcInCsCall = false , isImsOverVoice = false , isLteNetWork = true
11-29 18:55:53.824  1413  1535 D MobileSignalController: show->falseVolteIcon->0:!isImsOverWfc:->true::airplaneMode:->false:::mCurrentState.volteIcon:0
11-29 18:55:53.825  1413  1413 D StatusBarSignalPolicy: state.show = falsestate.mMobileVolteId = 0 subId = 6
11-29 18:55:53.825  1691  1691 I TranPhoneSwitcher: mDefaultsign:4subid :6
11-29 18:55:53.948  1203  1338 W SoftApManager: DIFF 145490731
11-29 18:55:53.949  1203  1338 W SoftApManager: datalimit kick 145490731
11-29 18:55:54.025  1203  1203 I MWN     : onSignalStrengthsChanged...
11-29 18:55:54.026  1203  1203 I MWN     : network type = 0
11-29 18:55:54.029  1203  1203 I MWN     : mobile type = 13
11-29 18:55:54.029  1203  1203 I MWN     : Write 0 to node. type=4G mSimExist=true mFlightMode=false
11-29 18:55:54.030  1203  1203 I MWN     : write the value:0 to node successfully.
11-29 18:55:54.031  1691  1691 I OtherSimPSListener: mOthersign:3subid :1
11-29 18:55:54.032  1413  1535 D MobileSignalController: roaming = false , isCdma = false
11-29 18:55:54.035  1413  1535 I NetworkController.MobileSignalController(1): isImsOverWfc = false , mDisableWfc = false , mHideWfcInCsCall = false , isImsOverVoice = true , isLteNetWork = true
11-29 18:55:54.035  1413  1535 D MobileSignalController: show->trueVolteIcon->2131233145:!isImsOverWfc:->true::airplaneMode:->false:::mCurrentState.volteIcon:2131233145
11-29 18:55:54.036  1413  1413 D StatusBarSignalPolicy: state.show = truestate.mMobileVolteId = 2131233145 subId = 1
11-29 18:55:54.352   590   590 D IMGMemtrackHAL: hal_get_memory: memtrack cache rebuild was required
11-29 18:55:54.808   590   590 I chatty  : uid=1000(system) memtrack@1.0-se identical 7 lines
11-29 18:55:54.942   590   590 D IMGMemtrackHAL: hal_get_memory: memtrack cache rebuild was required
11-29 18:55:54.952  1203  1338 W SoftApManager: DIFF 145490731
11-29 18:55:54.953  1203  1338 W SoftApManager: datalimit kick 145490731
11-29 18:55:54.983  1203  1203 I MWN     : onSignalStrengthsChanged...
11-29 18:55:54.984  1203  1203 I MWN     : network type = 0
11-29 18:55:54.987  1203  1203 I MWN     : mobile type = 13
11-29 18:55:54.987  1203  1203 I MWN     : Write 0 to node. type=4G mSimExist=true mFlightMode=false
11-29 18:55:54.988  1203  1203 I MWN     : write the value:0 to node successfully.
11-29 18:55:54.989  1413  1535 D MobileSignalController: roaming = false , isCdma = false
11-29 18:55:54.990  1691  1691 I OtherSimPSListener: mOthersign:3subid :1
11-29 18:55:54.991  1413  1535 I NetworkController.MobileSignalController(1): isImsOverWfc = false , mDisableWfc = false , mHideWfcInCsCall = false , isImsOverVoice = true , isLteNetWork = true
11-29 18:55:54.992  1413  1535 D MobileSignalController: show->trueVolteIcon->2131233145:!isImsOverWfc:->true::airplaneMode:->false:::mCurrentState.volteIcon:2131233145
11-29 18:55:54.993  1413  1413 D StatusBarSignalPolicy: state.show = truestate.mMobileVolteId = 2131233145 subId = 1
11-29 18:55:55.023   590   590 D IMGMemtrackHAL: hal_get_memory: memtrack cache rebuild was required
11-29 18:55:55.340   590   590 I chatty  : uid=1000(system) memtrack@1.0-se identical 4 lines
11-29 18:55:55.466   590   590 D IMGMemtrackHAL: hal_get_memory: memtrack cache rebuild was required
11-29 18:55:55.490   979   996 I VoLTE SOC: recv() failed, idx:105119747 (0xe87837c0), fd:17,  EAGAIN:11, errno:104, msg:Connection reset by peer (module/volte//volte_stack/src/soc/soc_api.c:970)
11-29 18:55:55.490   979   996 I VoLTE SIPTX: siptx_soc_disconnect_by_peer, sock_idx:105119747 (0xe87837c0) (module/volte//volte_stack/src/sip/sip_transport.c:2099)
11-29 18:55:55.491   979   996 I VoLTE SIPTX: conn->soc_client_idx = 105119747, conn->soc_server_idx = 83427411 (module/volte//volte_stack/src/sip/sip_transport.c:2114)
11-29 18:55:55.491   979   996 I VoLTE SIPTX: clear the conn->soc_client_idx to 0, conn : 0xe76c6130, conn_id = 393219 (module/volte//volte_stack/src/sip/sip_transport.c:2116)
11-29 18:55:55.491   979   996 I VoLTE SIPTX: conn : 0xe76c6130, conn_id = 393219, conn->ipsec:0xe7708800 (module/volte//volte_stack/src/sip/sip_transport.c:2121)
11-29 18:55:55.491   979   996 I VoLTE SIPTX: conn : 0xe76c6130, conn_id = 393219, channel:0xe7708c28, ch->state:2 (module/volte//volte_stack/src/sip/sip_transport.c:2125)
11-29 18:55:55.491   979   996 I VoLTE SIPTX: channel:0xe7708c28, channel->soc_client_idx:83558485, channel->soc_server_idx:83689559 (module/volte//volte_stack/src/sip/sip_transport.c:2127)
11-29 18:55:55.491   979   996 I VoLTE TRANS: sip_ts_handler => SIP_TS_SOC_DISCONNECT, request_id = 128, ts_id = 255, found_ts = 0, run_ts_fsm = 0 (module/volte//volte_stack/src/sip/sip_transaction.c:2479)
11-29 18:55:55.491   979   996 I VoLTE SIPTX: enter siptx_recv_data_tcp (sock_idx:105119747); new tcp_buffer; sizeof(tcp_buffer->buffer) : 65535[0xe8d4a040], tcp_buffer->offset : 0, tcp_buffer->body_offset :0, tcp_buffer->body_length :0; ret : -15;  (module/volte//volte_stack/src/sip/sip_transport.c:4484)
11-29 18:55:55.491   979   996 I VoLTE SIPTX: reset type: 1 (module/volte//volte_stack/src/sip/sip_transport.c:4689)
11-29 18:55:55.492   979   996 I VoLTE SIPTX: conn(393219) start TCP connect (module/volte//volte_stack/src/sip/sip_transport.c:1773)
11-29 18:55:55.515   979   996 I VoLTE SIPTX: conn(393219) complete TCP connect - result: Success (type: 3040) (module/volte//volte_stack/src/sip/sip_transport.c:4876)
11-29 18:55:55.515   979   996 I VoLTE SIPTX: siptx_reset_tcp_client,  client connect, conn_id = 393219, soc_idx = 105185283/105185283 is connected(set_ondemand) (module/volte//volte_stack/src/sip/sip_transport.c:4962)
11-29 18:55:55.516   979   996 I VoLTE SIPTX: conn(393219) send backup TCP message done (module/volte//volte_stack/src/sip/sip_transport.c:5010)
11-29 18:55:55.524   590   590 D IMGMemtrackHAL: hal_get_memory: memtrack cache rebuild was required
11-29 18:55:55.846   590   590 I chatty  : uid=1000(system) memtrack@1.0-se identical 3 lines
11-29 18:55:55.935   590   590 D IMGMemtrackHAL: hal_get_memory: memtrack cache rebuild was required
11-29 18:55:55.956  1203  1338 W SoftApManager: DIFF 145490806
11-29 18:55:55.958  1203  1338 W SoftApManager: datalimit kick 145490806
11-29 18:55:56.137  1203  1408 D ResMonitor2Proxy: foreground mem gap 357091Kb
11-29 18:55:56.137  1203  1408 D Griffin/AdjClean: item=1
11-29 18:55:56.138  1203  1256 D Griffin/CleanManager: dispatch clean index=9
11-29 18:55:56.138  1203  1256 D Griffin/AdjClean: clean code: foreground(1) begin:
11-29 18:55:56.139  1203  1256 D Griffin/AdjClean: clean code:foreground(1) finish: coast 1ms
11-29 18:55:56.150   590   590 D IMGMemtrackHAL: hal_get_memory: memtrack cache rebuild was required
11-29 18:55:56.227   590   590 I chatty  : uid=1000(system) memtrack@1.0-se identical 2 lines
11-29 18:55:56.254   590   590 D IMGMemtrackHAL: hal_get_memory: memtrack cache rebuild was required
11-29 18:55:56.296   614  1966 I BufferQueueProducer: [StatusBar#0](this:0xb40000708eb47f58,id:7,api:1,p:1413,c:614) queueBuffer: fps=0.20 dur=5005.34 max=5005.34 min=5005.34
11-29 18:55:56.306   588   720 I hwcomposer: [HWCDisplay] [Display_0 (type:1)] fps:0.199850,dur:5003.74,max:5003.74,min:5003.74  
11-29 18:55:56.342 29653 29697 W System.err: java.lang.NullPointerException: Attempt to invoke virtual method 'boolean e.d.a.h0.b.a.b()' on a null object reference
11-29 18:55:56.343 29653 29697 W System.err: 	at e.h.c.e$b.run(SourceFile:7)
11-29 18:55:56.343 29653 29697 W System.err: 	at android.os.Handler.handleCallback(Handler.java:938)
11-29 18:55:56.343 29653 29697 W System.err: 	at android.os.Handler.dispatchMessage(Handler.java:99)
11-29 18:55:56.343 29653 29697 W System.err: 	at android.os.Looper.loop(Looper.java:268)
11-29 18:55:56.343 29653 29697 W System.err: 	at android.os.HandlerThread.run(HandlerThread.java:67)
11-29 18:55:56.379   590   590 D IMGMemtrackHAL: hal_get_memory: memtrack cache rebuild was required
11-29 18:55:56.438   590   590 D IMGMemtrackHAL: hal_get_memory: memtrack cache rebuild was required
11-29 18:55:56.484   825   943 D ULogGuard: Monitoring: 16 threads, 0 requests, 0 time-bombs; 1 guards. ResetFlags = 0x7
11-29 18:55:56.480 19680 19680 W PerfettoTrace: type=1400 audit(0.0:179227): avc: denied { write } for name="traced_producer" dev="tmpfs" ino=10766 scontext=u:r:gmscore_app:s0:c512,c768 tcontext=u:object_r:traced_producer_socket:s0 tclass=sock_file permissive=0 app=com.google.android.gms
11-29 18:55:56.592   590   590 D IMGMemtrackHAL: hal_get_memory: memtrack cache rebuild was required
11-29 18:55:56.615   590   590 D IMGMemtrackHAL: hal_get_memory: memtrack cache rebuild was required
11-29 18:55:56.744  1413  1535 D MobileSignalController: roaming = false , isCdma = false
11-29 18:55:56.748  1413  1535 I NetworkController.MobileSignalController(6): isImsOverWfc = false , mDisableWfc = false , mHideWfcInCsCall = false , isImsOverVoice = false , isLteNetWork = true
11-29 18:55:56.749  1691  1691 I TranPhoneSwitcher: mDefaultsign:4subid :6
11-29 18:55:56.749  1413  1535 D MobileSignalController: show->falseVolteIcon->0:!isImsOverWfc:->true::airplaneMode:->false:::mCurrentState.volteIcon:0
11-29 18:55:56.750  1413  1413 D StatusBarSignalPolicy: state.show = falsestate.mMobileVolteId = 0 subId = 6
11-29 18:55:56.758   590   590 D IMGMemtrackHAL: hal_get_memory: memtrack cache rebuild was required
11-29 18:55:56.844   590   590 D IMGMemtrackHAL: hal_get_memory: memtrack cache rebuild was required
11-29 18:55:56.962  1203  1338 W SoftApManager: DIFF 145490881
11-29 18:55:56.963  1203  1338 W SoftApManager: datalimit kick 145490881
11-29 18:55:57.058  1203  1408 D ResMonitor2Proxy: visible mem gap 92991Kb
11-29 18:55:57.058  1203  1408 D Griffin/AdjClean: item=2
11-29 18:55:57.058  1203  1256 D Griffin/CleanManager: dispatch clean index=9
11-29 18:55:57.058  1203  1256 D Griffin/AdjClean: clean code: visible(2) begin:
11-29 18:55:57.064  1203  1256 D Griffin/AdjClean: clean code:visible(2) finish: coast 5ms
11-29 18:55:57.070   590   590 D IMGMemtrackHAL: hal_get_memory: memtrack cache rebuild was required
11-29 18:55:57.145   590   590 I chatty  : uid=1000(system) memtrack@1.0-se identical 2 lines
11-29 18:55:57.174   590   590 D IMGMemtrackHAL: hal_get_memory: memtrack cache rebuild was required
11-29 18:55:57.262   830   830 I thermal_repeater: [recvMdThermalInfo] ret=28, strLen=127,  3, 49, -4, -28405, 32767, 0
11-29 18:55:57.280  1413  1413 D StackScroller: setMaxTopPadding() maxTopPadding:1252 StackScrollAlpha:1.0
11-29 18:55:57.281  1413  1413 D StackScroller: setMaxTopPadding() maxTopPadding:1252 StackScrollAlpha:1.0
11-29 18:55:57.282  1413  1413 D PanelView: getHeaderTranslation() translation:-656.46576
11-29 18:55:57.283  1413  1413 D PanelView: updateExpandedHeight() expandedHeight:0.0
11-29 18:55:57.283  1413  1413 D PanelView: getHeaderTranslation() translation:-656.46576
11-29 18:55:57.286  1413  1413 D TAG     : updateClearButton: cccc
11-29 18:55:57.298   590   590 D IMGMemtrackHAL: hal_get_memory: memtrack cache rebuild was required
11-29 18:55:57.540  1203  1203 I MWN     : onSignalStrengthsChanged...
11-29 18:55:57.542  1203  1203 I MWN     : network type = 0
11-29 18:55:57.510   590   590 I chatty  : uid=1000(system) memtrack@1.0-se identical 2 lines
11-29 18:55:57.531   590   590 D IMGMemtrackHAL: hal_get_memory: memtrack cache rebuild was required
11-29 18:55:57.543  1413  1535 D MobileSignalController: roaming = false , isCdma = false
11-29 18:55:57.543  1691  1691 I OtherSimPSListener: mOthersign:3subid :1
11-29 18:55:57.544  1203  1203 I MWN     : mobile type = 13
11-29 18:55:57.544  1203  1203 I MWN     : Write 0 to node. type=4G mSimExist=true mFlightMode=false
11-29 18:55:57.545  1203  1203 I MWN     : write the value:0 to node successfully.
11-29 18:55:57.546  1413  1535 I NetworkController.MobileSignalController(1): isImsOverWfc = false , mDisableWfc = false , mHideWfcInCsCall = false , isImsOverVoice = true , isLteNetWork = true
11-29 18:55:57.546  1413  1535 D MobileSignalController: show->trueVolteIcon->2131233145:!isImsOverWfc:->true::airplaneMode:->false:::mCurrentState.volteIcon:2131233145
11-29 18:55:57.547  1413  1413 D StatusBarSignalPolicy: state.show = truestate.mMobileVolteId = 2131233145 subId = 1
11-29 18:55:57.623   619   619 W ccci_fsd(1): O: X://NA77_006, flag 0x700, ret 1
11-29 18:55:57.627   619   619 W ccci_fsd(1): O: X://NA77_006, flag 0x10400, ret 1
11-29 18:55:57.635   619   619 W ccci_fsd(1): O: Y://NA77_006, flag 0x10400, ret 1
11-29 18:55:57.642  6223  6224 I simo_trace: function:silver_socket_init	line:1659	
11-29 18:55:57.643   619   619 W ccci_fsd(1): O: X://NA77_006, flag 0x21010400, ret 1
11-29 18:55:57.645  6223  6224 I simo_trace: function:val_is_used_unix_name	line:1789	silver SDKvercode:30
11-29 18:55:57.650   619   619 W ccci_fsd(1): O: Y://NA77_006, flag 0x21010400, ret 1
11-29 18:55:57.660   619   619 W ccci_fsd(1): O: X://NA77_006, flag 0x700, ret 1
11-29 18:55:57.663   619   619 W ccci_fsd(1): O: X://NA77_006, flag 0x10400, ret 1
11-29 18:55:57.667   619   619 W ccci_fsd(1): O: Y://NA77_006, flag 0x10400, ret 1
11-29 18:55:57.669   590   590 D IMGMemtrackHAL: hal_get_memory: memtrack cache rebuild was required
11-29 18:55:57.670   619   619 W ccci_fsd(1): O: X://NA77_006, flag 0x21010400, ret 1
11-29 18:55:57.678   619   619 W ccci_fsd(1): O: Y://NA77_006, flag 0x21010400, ret 1
