11-29 18:56:22.569   825 15050 I FlickerHal: config(): m_sensorDev(1)
11-29 18:56:22.569   825 15050 I FlickerPlatformAdapter: setWindowInfo(): sensorDev(1) sensorId(0) tg(1) tgImg(2104,3120) configImg(2101,3095) offset(0,20) win(700,1030) dma(18540)
11-29 18:56:22.569   825 15050 I FlickerHal: setWindowInfo(): m_sensorDev(1) flkHwInfo(1)
11-29 18:56:22.569   825 15050 I aaa_common_custom.cpp: [cust_initSpecialLongExpOnOff] g_bIsSpecialLongExpOn(0) AEEffectiveFrame(0)
11-29 18:56:22.570   825 15126 I af_mgr_v3: AF-Start          : Dev(0x0001), PDAF flow is enabled, PD version 1.20323001
11-29 18:56:22.571   825 15126 I af_mgr_v3: AF-Start          : Dev(0x0001), PD Flow (1), SensorMode(1), PDAF_Support_Type(1), SensorModeSupportPDAF(1), PDPipeCtrl(1), ImgSz(4208, 3120), FullSz(4208, 3120), IsZSD 1, AETargetMode(0)
11-29 18:56:22.571   825 15126 I af_mgr_v3: #(    0,    0) SetCropRegionInfo (x,y,w,h)=(0, 0, 4208, 3120), dzX(100), dzY(100), Fac(100)
11-29 18:56:22.571   823   926 E android.hardware.sensors@2.0-service-mediatek: MEMSIC  vir111 gyro algoRstGyro = 0 algoRst = 0
11-29 18:56:22.571   825 15126 I af_mgr_v3: UpdateCenterROI 37 38 37 39 18 24 - scale 37 39
11-29 18:56:22.571   825 15126 I af_mgr_v3: ROI-C [X]1326 [Y]952 [W]1556 [H]1216
11-29 18:56:22.571   825 15126 I AfAlgoC : [initAF] version .4 20241005 20200820 8225007 8362002 8042003, param 20210116
11-29 18:56:22.573   825 15126 I af_mgr_v3: AF-IspMgrAFStatStart: ReadOutTimePerLine(10200), P1DoneTime(31824)
11-29 18:56:22.573   825 15126 I isp_mgr_af_stat: [start] Support AF
11-29 18:56:22.573   825 15126 I isp_mgr_af_stat: [start] SensorDev(1) SensorIdx(0) -
11-29 18:56:22.573   825 15126 I isp_mgr_af_stat: sendAFConfigCtrl : ReadOutTimePerLine(10200), P1ReadOutTime(31824)
11-29 18:56:22.573   825 15126 I af_mgr_v3: AF-Start          : -
11-29 18:56:22.574   825 15050 I LCSHal  : [GetSensorInfo]Sensor Static Info, previewW,H = 2104,1560,
11-29 18:56:22.576   825 15039 W aaa_hal_sttCtrl: [startStt] SensorDev = 1, m_i4SttPortEnable = 15 
11-29 18:56:22.576   823   926 E android.hardware.sensors@2.0-service-mediatek: Error 13, memsic_log open SYS_FS_USB_ONLINE failed
11-29 18:56:22.577   823   926 E android.hardware.sensors@2.0-service-mediatek: MEMSICBEFORE compenstation MEMSIC memsic_log get_battery_current_now  = -440000 current_avg = -400700 current_chg = 0, charge_ret = 2 torch_ret  = -1 x y z -0.634700 0.164000 2.864200 
11-29 18:56:22.581   823   926 E android.hardware.sensors@2.0-service-mediatek: MEMSIC  vir111 gyro algoRstGyro = 0 algoRst = 0
11-29 18:56:22.586   825 15039 I isp_mgr_af_stat: HW : CAM_AFO_XSIZE(0xc00) CAM_AFO_YSIZE(0x48) CAM_AF_SIZE(0x1070)
11-29 18:56:22.586   825 15039 I isp_mgr_af_stat: HW : CAM_AF_CON(0x701731) CAM_AF_VLD(0x3d80538) CAM_AF_BLK_0(0x100010) CAM_AF_BLK_1(0x480060)
11-29 18:56:22.586   825 15039 I isp_mgr_af_stat: HW : CAM_AF_TH_0(0x10001) CAM_AF_TH_1(0xf0f0f001) CAM_AF_TH_2(0xe6e6e6e6)
11-29 18:56:22.586   825 15039 I isp_mgr_af_stat: HW : CAM_SGG1_PGN(0x10) CAM_SGG1_GMRC_1(0x2f1c1009) CAM_SGG1_GMRC_2(0xad734a)
11-29 18:56:22.586   825 15039 I isp_mgr_af_stat: HW : CAM_SGG5_PGN(0x10) CAM_SGG5_GMRC_1(0x10080402) CAM_SGG5_GMRC_2(0x804020)
11-29 18:56:22.586   825 15039 I isp_mgr_af_stat: HW : CAM_AF_FLT_1(0x242b240f) CAM_AF_FLT_2(0x20a16) CAM_AF_FLT_3(0x0) CAM_AF_FLT_4(0x242b240f)
11-29 18:56:22.586   825 15039 I isp_mgr_af_stat: HW : CAM_AF_FLT_5(0x20a16) CAM_AF_FLT_6(0x0) CAM_AF_FLT_7(0x1000100) CAM_AF_FLT_8(0x7000700)
11-29 18:56:22.586   825 15039 I isp_mgr_af_stat: HW-ConfigUpdate Config(0)
11-29 18:56:22.586   825 15039 W TuningMgr: TuningMgr[updateEngine] WARNING: [temp log] AF enable(1_0xa0000_0x800068)
11-29 18:56:22.586   825 15039 I isp_mgr_af_stat: HW-apply Magic(1) , Config(0)
11-29 18:56:22.587   825 15131 I af_mgr_v3: AF-AFThreadStart  : + Dev 1
11-29 18:56:22.587   825 15131 I af_mgr_v3: Read (3) calibration data from EEPROM by camcal
11-29 18:56:22.587   825 15039 I FlickerHal: start(): m_sensorDev(1)
11-29 18:56:22.587   825 15039 I FlickerHal: attach(): isAttach(1), count(1/1). m_sensorDev(1)
11-29 18:56:22.590   825 15039 I FlickerHal: init_algo(): sensorDev(1) sensorId(12486) sensorMode(2) sensorType(0) initFreq(50) ratio(1) clkFreq(480000000) pixelsInLine(4896) imgH(3095) winH(1030) winW(700) mUsers(1) period(2 ms)
11-29 18:56:22.590   825 15039 I FlickerHal: start(): m_decreaseFrameRateType(0)
11-29 18:56:22.590   825 15039 I FlashMgrM: getFlashMode(): mode(2).
11-29 18:56:22.590   823   926 E android.hardware.sensors@2.0-service-mediatek: MEMSIC  vir111 gyro algoRstGyro = 0 algoRst = 0
11-29 18:56:22.593   825 15039 W TaskMgr : [sendEvent] TaskEvent:PreivewStart
11-29 18:56:22.593   825 15039 W TaskMgr : [sendEvent] Create Task(0), overridePriority(-1)
11-29 18:56:22.593   825 15039 W TaskMgr : [sendEvent] Create Task(7), overridePriority(-1)
11-29 18:56:22.593   825 15050 I MtkCam/P1NodeUtility: [wait] [Cam::0] StageCtrl wait(1) OK
11-29 18:56:22.593   825 15131 I af_mgr_v3: Middle OTP adjust:214 NVRAM:0 INF:214 Mac:444
11-29 18:56:22.593   825 15131 I af_mgr_v3: AF-readOTP        : calibrated data [af_dac_inf]214 [af_dac_marco]444 [af_dac_min]205 [af_dac_max]481 [af_distance_inf]0 [af_distance_marco]0
11-29 18:56:22.593   825 15131 I af_mgr_v3: readOTP : [Inf]214 [Macro]444 [50cm]0 [InitPos]214
11-29 18:56:22.593   825 15131 I af_mgr_v3: AF-AFThreadStart  : initMCU + Dev 1, moveMCU 214
11-29 18:56:22.593   825 15131 D LensDrv : [init] Dev : 1 +
11-29 18:56:22.594   825 15131 D LensDrv : [Main ][init] : pthread_create(0)
11-29 18:56:22.594   825 15131 D LensDrv : [Main ][init] : pthread_create success
11-29 18:56:22.594   825 15131 D LensDrv : [init] -
11-29 18:56:22.594   825 15131 I af_mgr_v3: AF-AFThreadStart  : initMCU -
11-29 18:56:22.594   825 15131 I af_mgr_v3: AF-AFThreadStart  : -
11-29 18:56:22.594   825 15050 W LMVDrv  : [GetLMVStatusAndUpdate]Cannot find magicNum(0) in queue(0)
11-29 18:56:22.594   825 15050 W Hal3Av3 : [send3ACtrl] pMetaResult is NULL
11-29 18:56:22.594   825 15134 D LensDrv : [Main ][initMCU] : lens init() [m_userCnt] 0  +
11-29 18:56:22.594   825 15134 D LensDrv : [Main ][initMCU] : [Lens Driver] DW9718SAF
11-29 18:56:22.596   825 15050 I MtkCam/P1NodeImp: [hardwareOps_start] [Cam::0] End - Cam::0 Sensor(4208x3120)(31824000ns) Raw(1,0x3)-Proc(4208x3120)-Pure(4208x3120) Bin(4208x3120) SizeChangedAfterBin=0 TG(0:0) DTwin(1@0)=0 LSM(1) QLV(2) Ratio(25) SensorCfg(i:0 4208x3120 s:1 b:0 c:1, h:0 f:30 t:0 d:0) ConfigPort[4]:(0xf) InitParam[R:0 B:10 D:1 Nd:0 Ul:0 Pb:1 Rc:x3 Dt:0 Iq:2 F(DataPattern:x0 OffBin:x1 SensorNum:x0 Fus:0 RAW:x10)]AE(Ep:70000 Afe:16128 Ep_se:0 Afe_se:0 Ep_me:0 Afe_me:0 Ep_vse:0 Afe_vse:0)
11-29 18:56:22.596   825 15712 I MtkCam/ppl_context: [waitUntilConfigDone] sendFrame: pipeline config done - err:0
11-29 18:56:22.596   823   926 E android.hardware.sensors@2.0-service-mediatek: Error 13, memsic_log open SYS_FS_USB_ONLINE failed
11-29 18:56:22.596   823   926 E android.hardware.sensors@2.0-service-mediatek: MEMSICBEFORE compenstation MEMSIC memsic_log get_battery_current_now  = -183500 current_avg = -183500 current_chg = 0, charge_ret = 2 torch_ret  = -1 x y z -0.631800 0.163000 2.866200 
11-29 18:56:22.599   825 15712 I Hal3ARaw: [1412664697] SEC data.0304, Dev(1) i4FrameNum(0) MasterIdx = 0, SlaveIdx = 0, m_bIsSkipSync3A(0) rNewParam(0,0,0)(0,0)
11-29 18:56:22.599   825 15712 I FlashMgrM: [CAT][Event] FlashMode:2
11-29 18:56:22.599   825 15712 I FlashMgrM: setManualExposureTime(): manualExp(10000).
11-29 18:56:22.599   825 15712 I FlashMgrM: setManualSensitivity(): ISO(100)
11-29 18:56:22.599   825 15712 I FlashHal: setSubFlashCustomization(): enable(0).
11-29 18:56:22.599   825 15712 I FlickerHal: setFlickerMode(): mode change(0->3).
11-29 18:56:22.599   825 15712 I mtkpower_client: perf_lock_acq, hdl:0, dur:0, num:4, tid:15712
11-29 18:56:22.600   825 15712 I mtkpower_client: ret_hdl:35068
11-29 18:56:22.600   825 15712 I mtkcam-dev3: [0-session::processCaptureRequest] [PerformanceFlow] processCaptureRequest -> 1st request - OK
11-29 18:56:22.600   598   668 I libPowerHal: cmdSetting - unknown cmd:2040100, scmd:(null) ,param_1:5
11-29 18:56:22.600   598   668 I libPowerHal: [perfLockAcq] idx:5 hdl:35068 hint:-1 pid:825 duration:0 => ret_hdl:35068
11-29 18:56:22.600   598   668 I libPowerHal: [PE] scn:5 hdl:35068 lock_user:camerahalserver pid:825 tid:15712 dur:0
11-29 18:56:22.601   823   926 E android.hardware.sensors@2.0-service-mediatek: MEMSIC  vir111 gyro algoRstGyro = 0 algoRst = 0
11-29 18:56:22.602   825 15134 D LensDrv : [Main ][initMCU] : Init Done 1 - 1
11-29 18:56:22.602   825 15134 D LensDrv : [Main ][initMCU] : lens init() [m_userCnt]1 [fdMCU_main]221 [Status]1 - 1 -
11-29 18:56:22.607   825 15802 D mtkcam-dev3-utils: [capture intent: 1] +  ULog#358
11-29 18:56:22.607   825 15802 D mtkcam-dev3-utils: [capture intent: 1] -  ULog#359
11-29 18:56:22.608   825 15802 I mtkcam-AppStreamMgr: [earlyCallbackMeta] early callback metadata, requestNo: 1
11-29 18:56:22.608   825 15036 W MtkCam/streambuf: [haveAllUsersReleasedLocked] [subject:0 s0:d0:App:YV12:0|HW_TEXTURE|HW_COMPOSER] NO_INIT
11-29 18:56:22.608   825 15036 W MtkCam/streambuf: [haveAllUsersReleasedOrPreReleasedLocked] [subject:0 s0:d0:App:YV12:0|HW_TEXTURE|HW_COMPOSER] NO_INIT
11-29 18:56:22.608   825 15036 W MtkCam/streambuf: [haveAllUsersReleasedLocked] [subject:0x2 s2:d0:App:YCrCb_420_SP:0|SW_READ_OFTEN] NO_INIT
11-29 18:56:22.608   825 15036 W MtkCam/streambuf: [haveAllUsersReleasedOrPreReleasedLocked] [subject:0x2 s2:d0:App:YCrCb_420_SP:0|SW_READ_OFTEN] NO_INIT
11-29 18:56:22.608   825 15036 W MtkCam/streambuf: [haveAllUsersReleasedLocked] [subject:0 s0:d0:App:YV12:0|HW_TEXTURE|HW_COMPOSER] NO_INIT
11-29 18:56:22.608   825 15036 W MtkCam/streambuf: [haveAllUsersReleasedOrPreReleasedLocked] [subject:0 s0:d0:App:YV12:0|HW_TEXTURE|HW_COMPOSER] NO_INIT
11-29 18:56:22.608   825 15036 W MtkCam/streambuf: [haveAllUsersReleasedLocked] [subject:0x2 s2:d0:App:YCrCb_420_SP:0|SW_READ_OFTEN] NO_INIT
11-29 18:56:22.608   825 15036 W MtkCam/streambuf: [haveAllUsersReleasedOrPreReleasedLocked] [subject:0x2 s2:d0:App:YCrCb_420_SP:0|SW_READ_OFTEN] NO_INIT
11-29 18:56:22.608   825 15036 W MtkCam/streambuf: [haveAllUsersReleasedLocked] [subject:0 s0:d0:App:YV12:0|HW_TEXTURE|HW_COMPOSER] NO_INIT
11-29 18:56:22.608   825 15036 W MtkCam/streambuf: [haveAllUsersReleasedLocked] [subject:0x2 s2:d0:App:YCrCb_420_SP:0|SW_READ_OFTEN] NO_INIT
11-29 18:56:22.608   825 15802 I mtkcam-PipelineModelSession: [submitRequest] <Default/0> requestNo:1 { repeating:0 control.aeTargetFpsRange:5,30 control.captureIntent:1 control.enableZsl:0 control.processRawEn:0 control.mode:1 control.sceneMode:0 control.videoStabilizationMode:0 edge.mode:1 }
11-29 18:56:22.611   823   926 E android.hardware.sensors@2.0-service-mediatek: MEMSIC  vir111 gyro algoRstGyro = 0 algoRst = 0
11-29 18:56:22.616   823   926 E android.hardware.sensors@2.0-service-mediatek: Error 13, memsic_log open SYS_FS_USB_ONLINE failed
11-29 18:56:22.616   823   926 E android.hardware.sensors@2.0-service-mediatek: MEMSICBEFORE compenstation MEMSIC memsic_log get_battery_current_now  = -438100 current_avg = -438100 current_chg = 0, charge_ret = 2 torch_ret  = -1 x y z -0.630800 0.163000 2.865200 
11-29 18:56:22.619   825 15802 D mtkcam-dev3-utils: [capture intent: 1] +  ULog#360
11-29 18:56:22.619   825 15802 D mtkcam-dev3-utils: [capture intent: 1] -  ULog#361
11-29 18:56:22.619   825 15131 I af_mgr_v3: #(    2,    0) cmd-setAFMode Dev(1):ctl_afmode(4)
11-29 18:56:22.619   825 15131 I af_mgr_v3: #(    2,    0) cmd-setAFMode Dev(1):lib_afmode 0->2
11-29 18:56:22.619   825 15131 I af_mgr_v3: #(    2,    0) UpdateState Dev(1) EVENT_CMD_CHANGE_MODE
11-29 18:56:22.619   825 15131 I af_mgr_v3: [UpdateStateContinuousMode] LaunchCamTrigger, LockAlgo for waiting (AEStable or PDValid) + FDinfo
11-29 18:56:22.619   825 15131 I af_mgr_v3: #(    2,    0) LockAlgo Dev(1): Lock(1), Pause(0)
11-29 18:56:22.619   825 15131 I af_mgr_v3: LockAlgo
11-29 18:56:22.619   825 15131 I af_mgr_v3: #(    2,    0) UpdateState  Dev(1) : 0->6
11-29 18:56:22.619   825 15131 I af_mgr_v3: cmd-getAFState Dev 1 : 0->6
11-29 18:56:22.619   825 15802 I mtkcam-AppStreamMgr: [earlyCallbackMeta] early callback metadata, requestNo: 2
11-29 18:56:22.619   825 15036 W MtkCam/streambuf: [haveAllUsersReleasedLocked] [subject:0 s0:d0:App:YV12:0|HW_TEXTURE|HW_COMPOSER] NO_INIT
11-29 18:56:22.619   825 15036 W MtkCam/streambuf: [haveAllUsersReleasedOrPreReleasedLocked] [subject:0 s0:d0:App:YV12:0|HW_TEXTURE|HW_COMPOSER] NO_INIT
11-29 18:56:22.619   825 15036 W MtkCam/streambuf: [haveAllUsersReleasedLocked] [subject:0x2 s2:d0:App:YCrCb_420_SP:0|SW_READ_OFTEN] NO_INIT
11-29 18:56:22.619   825 15036 W MtkCam/streambuf: [haveAllUsersReleasedOrPreReleasedLocked] [subject:0x2 s2:d0:App:YCrCb_420_SP:0|SW_READ_OFTEN] NO_INIT
11-29 18:56:22.619   825 15036 W MtkCam/streambuf: [haveAllUsersReleasedLocked] [subject:0 s0:d0:App:YV12:0|HW_TEXTURE|HW_COMPOSER] NO_INIT
11-29 18:56:22.619   825 15036 W MtkCam/streambuf: [haveAllUsersReleasedOrPreReleasedLocked] [subject:0 s0:d0:App:YV12:0|HW_TEXTURE|HW_COMPOSER] NO_INIT
11-29 18:56:22.619   825 15036 W MtkCam/streambuf: [haveAllUsersReleasedLocked] [subject:0x2 s2:d0:App:YCrCb_420_SP:0|SW_READ_OFTEN] NO_INIT
11-29 18:56:22.619   825 15036 W MtkCam/streambuf: [haveAllUsersReleasedOrPreReleasedLocked] [subject:0x2 s2:d0:App:YCrCb_420_SP:0|SW_READ_OFTEN] NO_INIT
11-29 18:56:22.619   825 15131 I isp_mgr_af_stat: HW-Rdy (0) - (0)
11-29 18:56:22.619   825 15802 I mtkcam-PipelineModelSession: [submitRequest] <Default/0> requestNo:2 { repeating:0 control.aeTargetFpsRange:5,30 control.captureIntent:1 control.enableZsl:0 control.processRawEn:0 control.mode:1 control.sceneMode:0 control.videoStabilizationMode:0 edge.mode:1 }
11-29 18:56:22.619   825 15036 W MtkCam/streambuf: [haveAllUsersReleasedLocked] [subject:0 s0:d0:App:YV12:0|HW_TEXTURE|HW_COMPOSER] NO_INIT
11-29 18:56:22.620   825 15036 W MtkCam/streambuf: [haveAllUsersReleasedLocked] [subject:0x2 s2:d0:App:YCrCb_420_SP:0|SW_READ_OFTEN] NO_INIT
11-29 18:56:22.621   823   926 E android.hardware.sensors@2.0-service-mediatek: MEMSIC  vir111 gyro algoRstGyro = 0 algoRst = 0
11-29 18:56:22.622   825 15131 D AfAlgoC : PDMUL/PDSEL PD Single window, FV multi-win, select 0
11-29 18:56:22.622   825 15131 I af_mgr_v3: #(    2,    1) MoveLensTo Dev(1) DAC(214)
11-29 18:56:22.630   825 15129 I FlickerHal: update(): skip, not enough frame(1).
11-29 18:56:22.631   823   926 E android.hardware.sensors@2.0-service-mediatek: MEMSIC  vir111 gyro algoRstGyro = 0 algoRst = 0
11-29 18:56:22.636   823   926 E android.hardware.sensors@2.0-service-mediatek: Error 13, memsic_log open SYS_FS_USB_ONLINE failed
11-29 18:56:22.636   823   926 E android.hardware.sensors@2.0-service-mediatek: MEMSICBEFORE compenstation MEMSIC memsic_log get_battery_current_now  = -301700 current_avg = -301700 current_chg = 0, charge_ret = 2 torch_ret  = -1 x y z -0.630800 0.166000 2.869100 
11-29 18:56:22.640   823   926 E android.hardware.sensors@2.0-service-mediatek: MEMSIC  vir111 gyro algoRstGyro = 0 algoRst = 0
11-29 18:56:22.642  6223  6224 I simo_trace: function:silver_socket_init	line:1659	
11-29 18:56:22.645  6223  6224 I simo_trace: function:val_is_used_unix_name	line:1789	silver SDKvercode:30
11-29 18:56:22.651   823   926 E android.hardware.sensors@2.0-service-mediatek: MEMSIC  vir111 gyro algoRstGyro = 0 algoRst = 0
11-29 18:56:22.656   823   926 E android.hardware.sensors@2.0-service-mediatek: Error 13, memsic_log open SYS_FS_USB_ONLINE failed
11-29 18:56:22.656   823   926 E android.hardware.sensors@2.0-service-mediatek: MEMSICBEFORE compenstation MEMSIC memsic_log get_battery_current_now  = -269000 current_avg = -269000 current_chg = 0, charge_ret = 2 torch_ret  = -1 x y z -0.636700 0.166000 2.868100 
11-29 18:56:22.660   823   926 E android.hardware.sensors@2.0-service-mediatek: MEMSIC  vir111 gyro algoRstGyro = 0 algoRst = 0
11-29 18:56:22.667   825 15039 E aao_buf_mgr: [updateInfo]  pAEResult is NULL 
11-29 18:56:22.667   825 15039 E aao_buf_mgr:  (updateInfo){#614:vendor/mediatek/proprietary/hardware/mtkcam/aaa/source/mt6765/buf_mgr/AAOBufMgr.cpp}
11-29 18:56:22.667   825 15039 E aao_buf_mgr: [updateInfo] Failed to get FLASHResult for MagicNum(1)
11-29 18:56:22.667   825 15039 E aao_buf_mgr:  (updateInfo){#622:vendor/mediatek/proprietary/hardware/mtkcam/aaa/source/mt6765/buf_mgr/AAOBufMgr.cpp}
11-29 18:56:22.667   825 15039 W ResultPool: [getAllResult]- Index is illegal value(-1)
11-29 18:56:22.669   825 15039 D AppTsf  : [TsfReset] TsfReset
11-29 18:56:22.671   823   926 E android.hardware.sensors@2.0-service-mediatek: MEMSIC  vir111 gyro algoRstGyro = 0 algoRst = 0
11-29 18:56:22.672   825 15039 W TuningMgr: TuningMgr[updateEngine] WARNING: [temp log] AF enable(1_0x100e02e0_0x808811e8)
11-29 18:56:22.676   823   926 E android.hardware.sensors@2.0-service-mediatek: Error 13, memsic_log open SYS_FS_USB_ONLINE failed
11-29 18:56:22.676   823   926 E android.hardware.sensors@2.0-service-mediatek: MEMSICBEFORE compenstation MEMSIC memsic_log get_battery_current_now  = -519900 current_avg = -575800 current_chg = 0, charge_ret = 2 torch_ret  = -1 x y z -0.637600 0.170800 2.862300 
11-29 18:56:22.681   823   926 E android.hardware.sensors@2.0-service-mediatek: MEMSIC  vir111 gyro algoRstGyro = 0 algoRst = 0
11-29 18:56:22.687  6223  6224 I simo_trace: function:val_is_used_unix_name	line:1789	silver SDKvercode:30
11-29 18:56:22.689  6223  6224 I simo_trace: function:_map_ret_err_code	line:107	err = Connection refused
11-29 18:56:22.689   825 15131 I isp_mgr_af_stat: HW-Rdy (0) - (0)
11-29 18:56:22.690   825 15131 D AfAlgoC : [HB] DafIO in PD: Input source invalid, skip update Cen 2 AP 0 FD 0
11-29 18:56:22.691   823   926 E android.hardware.sensors@2.0-service-mediatek: MEMSIC  vir111 gyro algoRstGyro = 0 algoRst = 0
11-29 18:56:22.696   823   926 E android.hardware.sensors@2.0-service-mediatek: Error 13, memsic_log open SYS_FS_USB_ONLINE failed
11-29 18:56:22.697   823   926 E android.hardware.sensors@2.0-service-mediatek: MEMSICBEFORE compenstation MEMSIC memsic_log get_battery_current_now  = -548800 current_avg = -548800 current_chg = 0, charge_ret = 2 torch_ret  = -1 x y z -0.635700 0.168900 2.867100 
11-29 18:56:22.700   825 15129 I FlickerHal: update(): skip, not enough frame(2).
11-29 18:56:22.700   823   926 E android.hardware.sensors@2.0-service-mediatek: MEMSIC  vir111 gyro algoRstGyro = 0 algoRst = 0
11-29 18:56:22.711   823   926 E android.hardware.sensors@2.0-service-mediatek: MEMSIC  vir111 gyro algoRstGyro = 0 algoRst = 0
11-29 18:56:22.716   823   926 E android.hardware.sensors@2.0-service-mediatek: Error 13, memsic_log open SYS_FS_USB_ONLINE failed
11-29 18:56:22.716   823   926 E android.hardware.sensors@2.0-service-mediatek: MEMSICBEFORE compenstation MEMSIC memsic_log get_battery_current_now  = -200500 current_avg = -200500 current_chg = 0, charge_ret = 2 torch_ret  = -1 x y z -0.642500 0.166000 2.869100 
11-29 18:56:22.720   823   926 E android.hardware.sensors@2.0-service-mediatek: MEMSIC  vir111 gyro algoRstGyro = 0 algoRst = 0
11-29 18:56:22.730   614  1975 I BufferQueueProducer: [host.exp.exponent/host.exp.exponent.experience.HomeActivity#0](this:0xb40000708ebdc898,id:2773,api:1,p:14828,c:614) queueBuffer: fps=48.98 dur=1000.38 max=129.14 min=6.00
11-29 18:56:22.731   823   926 E android.hardware.sensors@2.0-service-mediatek: MEMSIC  vir111 gyro algoRstGyro = 0 algoRst = 0
11-29 18:56:22.736   823   926 E android.hardware.sensors@2.0-service-mediatek: Error 13, memsic_log open SYS_FS_USB_ONLINE failed
11-29 18:56:22.736   823   926 E android.hardware.sensors@2.0-service-mediatek: MEMSICBEFORE compenstation MEMSIC memsic_log get_battery_current_now  = -91700 current_avg = -91700 current_chg = 0, charge_ret = 2 torch_ret  = -1 x y z -0.638600 0.166900 2.873000 
11-29 18:56:22.737   825 15039 I Hal3ARaw: [1412664697] SEC data.0304, Dev(1) i4FrameNum(1) MasterIdx = 0, SlaveIdx = 0, m_bIsSkipSync3A(0) rNewParam(0,0,0)(0,0)
11-29 18:56:22.737   825 15039 E aao_buf_mgr: [updateInfo]  pAEResult is NULL 
11-29 18:56:22.737   825 15039 E aao_buf_mgr:  (updateInfo){#614:vendor/mediatek/proprietary/hardware/mtkcam/aaa/source/mt6765/buf_mgr/AAOBufMgr.cpp}
11-29 18:56:22.737   825 15039 E aao_buf_mgr: [updateInfo] Failed to get FLASHResult for MagicNum(1)
11-29 18:56:22.737   825 15039 E aao_buf_mgr:  (updateInfo){#622:vendor/mediatek/proprietary/hardware/mtkcam/aaa/source/mt6765/buf_mgr/AAOBufMgr.cpp}
11-29 18:56:22.737   825 15039 W ResultPool: [getAllResult]- Index is illegal value(-1)
11-29 18:56:22.738   825 15061 W LMVDrv  : [GetLMVStatusAndUpdate]Cannot find magicNum(0) in queue(0)
11-29 18:56:22.739   825 15039 W TuningMgr: TuningMgr[updateEngine] WARNING: [temp log] AF enable(1_0x100e02e0_0x808811e8)
11-29 18:56:22.741   823   926 E android.hardware.sensors@2.0-service-mediatek: MEMSIC  vir111 gyro algoRstGyro = 0 algoRst = 0
11-29 18:56:22.744   588   720 I hwcomposer: [HWCDisplay] [Display_0 (type:1)] fps:51.917900,dur:1001.58,max:118.08,min:15.33  
11-29 18:56:22.751   823   926 E android.hardware.sensors@2.0-service-mediatek: MEMSIC  vir111 gyro algoRstGyro = 0 algoRst = 0
11-29 18:56:22.755   849   934 D AAL     : 11-29 06:56:22.522 BL= 252,ESS= 256, 11-29 06:56:22.572 BL= 253,ESS= 256, 11-29 06:56:22.638 BL= 254,ESS= 256, 11-29 06:56:22.688 BL= 255,ESS= 256, 11-29 06:56:22.755 BL= 256,ESS= 256, 
11-29 18:56:22.756   823   926 E android.hardware.sensors@2.0-service-mediatek: Error 13, memsic_log open SYS_FS_USB_ONLINE failed
11-29 18:56:22.756   823   926 E android.hardware.sensors@2.0-service-mediatek: MEMSICBEFORE compenstation MEMSIC memsic_log get_battery_current_now  = -305500 current_avg = -305500 current_chg = 0, charge_ret = 2 torch_ret  = -1 x y z -0.641600 0.164000 2.868100 
11-29 18:56:22.759   825 15131 I isp_mgr_af_stat: HW-Rdy (0) - (0)
11-29 18:56:22.759   825 15131 I af_mgr_v3: #(    3,    1) HybridAFPreprocessing Dev(1) LaunchCamTrigger VALID PD(3) - BUT NOT TRIGGER YET
11-29 18:56:22.761   823   926 E android.hardware.sensors@2.0-service-mediatek: MEMSIC  vir111 gyro algoRstGyro = 0 algoRst = 0
11-29 18:56:22.771   823   926 E android.hardware.sensors@2.0-service-mediatek: MEMSIC  vir111 gyro algoRstGyro = 0 algoRst = 0
11-29 18:56:22.776   823   926 E android.hardware.sensors@2.0-service-mediatek: Error 13, memsic_log open SYS_FS_USB_ONLINE failed
11-29 18:56:22.776   823   926 E android.hardware.sensors@2.0-service-mediatek: MEMSICBEFORE compenstation MEMSIC memsic_log get_battery_current_now  = -305200 current_avg = -305200 current_chg = 0, charge_ret = 2 torch_ret  = -1 x y z -0.641600 0.160100 2.872000 
11-29 18:56:22.781   823   926 E android.hardware.sensors@2.0-service-mediatek: MEMSIC  vir111 gyro algoRstGyro = 0 algoRst = 0
11-29 18:56:22.791   823   926 E android.hardware.sensors@2.0-service-mediatek: MEMSIC  vir111 gyro algoRstGyro = 0 algoRst = 0
11-29 18:56:22.796   823   926 E android.hardware.sensors@2.0-service-mediatek: Error 13, memsic_log open SYS_FS_USB_ONLINE failed
11-29 18:56:22.796   823   926 E android.hardware.sensors@2.0-service-mediatek: MEMSICBEFORE compenstation MEMSIC memsic_log get_battery_current_now  = -141700 current_avg = -141700 current_chg = 0, charge_ret = 2 torch_ret  = -1 x y z -0.644500 0.165000 2.874000 
11-29 18:56:22.797   825 15039 I Hal3ARaw: [1412664697] SEC data.0304, Dev(1) i4FrameNum(2) MasterIdx = 0, SlaveIdx = 0, m_bIsSkipSync3A(0) rNewParam(0,0,0)(0,0)
11-29 18:56:22.798   825 15039 E aao_buf_mgr: [updateInfo]  pAEResult is NULL 
11-29 18:56:22.798   825 15039 E aao_buf_mgr:  (updateInfo){#614:vendor/mediatek/proprietary/hardware/mtkcam/aaa/source/mt6765/buf_mgr/AAOBufMgr.cpp}
11-29 18:56:22.798   825 15039 E aao_buf_mgr: [updateInfo] Failed to get FLASHResult for MagicNum(1)
11-29 18:56:22.798   825 15039 E aao_buf_mgr:  (updateInfo){#622:vendor/mediatek/proprietary/hardware/mtkcam/aaa/source/mt6765/buf_mgr/AAOBufMgr.cpp}
11-29 18:56:22.798   825 15039 W ResultPool: [getAllResult]- Index is illegal value(-1)
11-29 18:56:22.798   825 15061 W LMVDrv  : [GetLMVStatusAndUpdate]Cannot find magicNum(0) in queue(0)
11-29 18:56:22.799   825 15039 W TuningMgr: TuningMgr[updateEngine] WARNING: [temp log] AF enable(1_0x100e02e0_0x808811e8)
11-29 18:56:22.801   823   926 E android.hardware.sensors@2.0-service-mediatek: MEMSIC  vir111 gyro algoRstGyro = 0 algoRst = 0
11-29 18:56:22.811   823   926 E android.hardware.sensors@2.0-service-mediatek: MEMSIC  vir111 gyro algoRstGyro = 0 algoRst = 0
11-29 18:56:22.816   823   926 E android.hardware.sensors@2.0-service-mediatek: Error 13, memsic_log open SYS_FS_USB_ONLINE failed
11-29 18:56:22.816   823   926 E android.hardware.sensors@2.0-service-mediatek: MEMSICBEFORE compenstation MEMSIC memsic_log get_battery_current_now  = -316800 current_avg = -316800 current_chg = 0, charge_ret = 2 torch_ret  = -1 x y z -0.641600 0.166900 2.871000 
11-29 18:56:22.820   825 15131 I af_mgr_v3: #(    4,    2) HybridAFPreprocessing Dev(1) LaunchCamTrigger VALID PD(3 + 1) - UnlockAlgo + TRIGGERAF lib_afmode(2)
11-29 18:56:22.820   825 15131 I af_mgr_v3: #(    4,    2) UnlockAlgo Dev(1): Lock(0), Pause(0)
11-29 18:56:22.820   825 15131 I af_mgr_v3: UnlockAlgo
11-29 18:56:22.820   825 15131 I af_mgr_v3: triggerAF  Dev(1) lib_afmode(2)
11-29 18:56:22.820   825 15131 I af_mgr_v3: #(    4,    2) UpdateState Dev(1) EVENT_CMD_TRIGGERAF_WITH_AE_STBL
11-29 18:56:22.820   825 15131 I af_mgr_v3: Force trigger searching [NeedLock(0) LatchROI(0) isAFSearch(0)]
11-29 18:56:22.820   825 15131 D AfAlgo  : down maxOffset=41 maxCompLevel=41, cutOffset=6, maxOffset=41 offset -16, level 16, cut offset 6, x/y/z/g=-45/904/390/985
11-29 18:56:22.820   823   926 E android.hardware.sensors@2.0-service-mediatek: MEMSIC  vir111 gyro algoRstGyro = 0 algoRst = 0
11-29 18:56:22.821   825 15131 I af_mgr_v3: #(    4,    2) doAF Dev(1) isAFSearch changed : 0 -> 4
11-29 18:56:22.821   825 15131 I af_mgr_v3: #(    4,    2) doAF Dev(1) checkSendCallback: m_bNeedSendCallback(0), AfterAutoMode(0), Searching(4), PDCL(0, 100), ISO(1393, 0), FPS(16, 0)
11-29 18:56:22.821   825 15131 I af_mgr_v3: #(    4,    2) doAF Dev(1): [Status] IsAFSearch(0->4), IsSelHWROI(0->1), ROISel(4), Event(0x4)
11-29 18:56:22.830   825 15055 I af_mgr_v3: AFmeta OPTICAL_STABILIZATION 0  0
11-29 18:56:22.831   823   926 E android.hardware.sensors@2.0-service-mediatek: MEMSIC  vir111 gyro algoRstGyro = 0 algoRst = 0
11-29 18:56:22.836   823   926 E android.hardware.sensors@2.0-service-mediatek: Error 13, memsic_log open SYS_FS_USB_ONLINE failed
11-29 18:56:22.836   825 15109 W MtkCam/StreamingPipe/P2G_P2SWUTIL: [prepareNR3D_common]!!warn: mkdbg: VIPIInfo invalid
11-29 18:56:22.836   823   926 E android.hardware.sensors@2.0-service-mediatek: MEMSICBEFORE compenstation MEMSIC memsic_log get_battery_current_now  = -219700 current_avg = -308300 current_chg = 0, charge_ret = 2 torch_ret  = -1 x y z -0.640600 0.161100 2.869100 
11-29 18:56:22.841   823   926 E android.hardware.sensors@2.0-service-mediatek: MEMSIC  vir111 gyro algoRstGyro = 0 algoRst = 0
11-29 18:56:22.851   823   926 E android.hardware.sensors@2.0-service-mediatek: MEMSIC  vir111 gyro algoRstGyro = 0 algoRst = 0
11-29 18:56:22.856   823   926 E android.hardware.sensors@2.0-service-mediatek: Error 13, memsic_log open SYS_FS_USB_ONLINE failed
11-29 18:56:22.856   823   926 E android.hardware.sensors@2.0-service-mediatek: MEMSICBEFORE compenstation MEMSIC memsic_log get_battery_current_now  = -308600 current_avg = -308600 current_chg = 0, charge_ret = 2 torch_ret  = -1 x y z -0.645500 0.164000 2.870100 
11-29 18:56:22.857   825 15039 I Hal3ARaw: [1412664697] SEC data.0304, Dev(1) i4FrameNum(3) MasterIdx = 0, SlaveIdx = 0, m_bIsSkipSync3A(0) rNewParam(0,0,0)(0,0)
11-29 18:56:22.858   825 15061 W LMVDrv  : [GetLMVStatusAndUpdate]Cannot find magicNum(0) in queue(0)
11-29 18:56:22.859   825 15039 W TuningMgr: TuningMgr[updateEngine] WARNING: [temp log] AF enable(1_0x100e02e0_0x808811e8)
11-29 18:56:22.861   823   926 E android.hardware.sensors@2.0-service-mediatek: MEMSIC  vir111 gyro algoRstGyro = 0 algoRst = 0
11-29 18:56:22.871   823   926 E android.hardware.sensors@2.0-service-mediatek: MEMSIC  vir111 gyro algoRstGyro = 0 algoRst = 0
11-29 18:56:22.876   823   926 E android.hardware.sensors@2.0-service-mediatek: Error 13, memsic_log open SYS_FS_USB_ONLINE failed
11-29 18:56:22.877   823   926 E android.hardware.sensors@2.0-service-mediatek: MEMSICBEFORE compenstation MEMSIC memsic_log get_battery_current_now  = -282800 current_avg = -282800 current_chg = 0, charge_ret = 2 torch_ret  = -1 x y z -0.645500 0.166000 2.872000 
11-29 18:56:22.878   825 15106 W MDP     : DpIsp: 0xe702b040, src 37 ms, 0, 0, 0, 0
11-29 18:56:22.879   825 15131 I af_mgr_v3: #(    5,    3) SelROIToFocusing Dev(1) latch(0) type(4) sel(4) issel(1) ROI(X,Y,W,H) : Center(1326, 952, 1556, 1216), AP(1326, 952, 1556, 1216), OT(1326, 952, 1556, 1216), HW(1336, 984, 1536, 1152)
11-29 18:56:22.880   825 15131 I af_mgr_v3: #(    5,    3) SelROIToFocusing [SEL] 4 (X,Y,W,H)=(1326, 952, 1556, 1216)
11-29 18:56:22.880   825 15131 D AfAlgo  : down maxOffset=41 maxCompLevel=41, cutOffset=6, maxOffset=41 offset -16, level 16, cut offset 6, x/y/z/g=-11/907/381/983
11-29 18:56:22.880   823   926 E android.hardware.sensors@2.0-service-mediatek: MEMSIC  vir111 gyro algoRstGyro = 0 algoRst = 0
11-29 18:56:22.881   825 15131 I af_mgr_v3: #(    5,    3) doAF Dev(1): [Status] IsAFSearch(4->4), IsSelHWROI(1->0), ROISel(4), Event(0x0)
11-29 18:56:22.882   825 15035 I mtkcam-AppStreamMgr: [0-CallbackHandler::performCallback] [PerformanceFlow] -> callback first image
11-29 18:56:22.885 14828 15026 D StreamStateObserver: Update Preview stream state to STREAMING
11-29 18:56:22.891   823   926 E android.hardware.sensors@2.0-service-mediatek: MEMSIC  vir111 gyro algoRstGyro = 0 algoRst = 0
11-29 18:56:22.896   823   926 E android.hardware.sensors@2.0-service-mediatek: Error 13, memsic_log open SYS_FS_USB_ONLINE failed
11-29 18:56:22.896   823   926 E android.hardware.sensors@2.0-service-mediatek: MEMSICBEFORE compenstation MEMSIC memsic_log get_battery_current_now  = -430600 current_avg = -430600 current_chg = 0, charge_ret = 2 torch_ret  = -1 x y z -0.645500 0.170800 2.871000 
11-29 18:56:22.900   588   720 I hwcomposer: [DBQ] (q2:0xb400007195d196e0) Buffer queue is created with size(3), m_id(13612)  
11-29 18:56:22.901   823   926 E android.hardware.sensors@2.0-service-mediatek: MEMSIC  vir111 gyro algoRstGyro = 0 algoRst = 0
11-29 18:56:22.901   588   720 I hwcomposer: [DBQ] (q2:0xb400007195d196e0) Reallocate Slot(0), pool(0 -> 0) size(0 -> 2361600)  
11-29 18:56:22.903   588   720 I hwcomposer: [DBQ] (q2:0xb400007195d196e0) Alloc Slot(0), handle=0xb400007135d18c10 c=0 w=720 h=1640 p=736 ys=736 vs=1664 f=268  
11-29 18:56:22.904   588   728 D MDP     : DpAsyncBlit: in: job (126257 123) (960, 720, 960, 480, C8s, P2), sec0, flush 0 Buffer 63128: plane=3 bufVA={0x7c,0x7c,0x7c} bufMVA={0x0,0x0,0x0} bufSize={0xa8c00,0x2a300,0x2a300} proxy={0xb4000070d5d2f110,0x0,0x0}fence=-1
11-29 18:56:22.904   588   728 D MDP     : DpAsyncBlit: out0: (482, 1008, 1472, 0, C5, P2), misc: (X:0, Y:0, R:90, F:0, S:0, A:0, D:0), sec0, flush 0 Buffer 63128: plane=1 bufVA={0x86,0x0,0x0} bufMVA={0x0,0x0,0x0} bufSize={0x24d600,0x0,0x0} proxy={0xb4000070d5d30a10,0x0,0x0}fence=-1
11-29 18:56:22.904   588   728 D MDP     : DpAsyncBlit: crop0: (0, 131, 960, 458, 0, 0, 0, 0)
11-29 18:56:22.905   588   728 D MDP     : [PQ][PQRSZAdaptor(1)] SUPPORT_VIDEO_UR
11-29 18:56:22.911   823   926 E android.hardware.sensors@2.0-service-mediatek: MEMSIC  vir111 gyro algoRstGyro = 0 algoRst = 0
11-29 18:56:22.916   823   926 E android.hardware.sensors@2.0-service-mediatek: Error 13, memsic_log open SYS_FS_USB_ONLINE failed
11-29 18:56:22.916   823   926 E android.hardware.sensors@2.0-service-mediatek: MEMSICBEFORE compenstation MEMSIC memsic_log get_battery_current_now  = -600600 current_avg = -600600 current_chg = 0, charge_ret = 2 torch_ret  = -1 x y z -0.646400 0.169900 2.870100 
11-29 18:56:22.917   825 15039 I Hal3ARaw: [1412664697] SEC data.0304, Dev(1) i4FrameNum(4) MasterIdx = 0, SlaveIdx = 0, m_bIsSkipSync3A(0) rNewParam(0,0,0)(0,0)
11-29 18:56:22.918   825 15061 W LMVDrv  : [GetLMVStatusAndUpdate]Cannot find magicNum(0) in queue(0)
11-29 18:56:22.920   825 15039 W TuningMgr: TuningMgr[updateEngine] WARNING: [temp log] AF enable(1_0x100e02e0_0x808811e8)
11-29 18:56:22.921   823   926 E android.hardware.sensors@2.0-service-mediatek: MEMSIC  vir111 gyro algoRstGyro = 0 algoRst = 0
11-29 18:56:22.927   588   720 I hwcomposer: [DBQ] (q2:0xb400007195d196e0) Reallocate Slot(1), pool(0 -> 0) size(0 -> 2361600)  
11-29 18:56:22.928   588   720 I hwcomposer: [DBQ] (q2:0xb400007195d196e0) Alloc Slot(1), handle=0xb400007135d1b450 c=0 w=720 h=1640 p=736 ys=736 vs=1664 f=268  
11-29 18:56:22.929   588   728 D MDP     : [PQ][PQRSZAdaptor(1)] SUPPORT_VIDEO_UR
11-29 18:56:22.931   823   926 E android.hardware.sensors@2.0-service-mediatek: MEMSIC  vir111 gyro algoRstGyro = 0 algoRst = 0
11-29 18:56:22.936   823   926 E android.hardware.sensors@2.0-service-mediatek: Error 13, memsic_log open SYS_FS_USB_ONLINE failed
11-29 18:56:22.936   823   926 E android.hardware.sensors@2.0-service-mediatek: MEMSICBEFORE compenstation MEMSIC memsic_log get_battery_current_now  = -690200 current_avg = -690200 current_chg = 0, charge_ret = 2 torch_ret  = -1 x y z -0.647400 0.172800 2.865200 
11-29 18:56:22.940   825 15131 D AfAlgo  : down maxOffset=41 maxCompLevel=41, cutOffset=6, maxOffset=41 offset -16, level 16, cut offset 6, x/y/z/g=-11/907/377/982
11-29 18:56:22.940   823   926 E android.hardware.sensors@2.0-service-mediatek: MEMSIC  vir111 gyro algoRstGyro = 0 algoRst = 0
11-29 18:56:22.951   823   926 E android.hardware.sensors@2.0-service-mediatek: MEMSIC  vir111 gyro algoRstGyro = 0 algoRst = 0
11-29 18:56:22.956   823   926 E android.hardware.sensors@2.0-service-mediatek: Error 13, memsic_log open SYS_FS_USB_ONLINE failed
11-29 18:56:22.956   823   926 E android.hardware.sensors@2.0-service-mediatek: MEMSICBEFORE compenstation MEMSIC memsic_log get_battery_current_now  = -364600 current_avg = -364600 current_chg = 0, charge_ret = 2 torch_ret  = -1 x y z -0.649400 0.167900 2.870100 
11-29 18:56:22.961   823   926 E android.hardware.sensors@2.0-service-mediatek: MEMSIC  vir111 gyro algoRstGyro = 0 algoRst = 0
11-29 18:56:22.971   823   926 E android.hardware.sensors@2.0-service-mediatek: MEMSIC  vir111 gyro algoRstGyro = 0 algoRst = 0
11-29 18:56:22.976   823   926 E android.hardware.sensors@2.0-service-mediatek: Error 13, memsic_log open SYS_FS_USB_ONLINE failed
11-29 18:56:22.976   823   926 E android.hardware.sensors@2.0-service-mediatek: MEMSICBEFORE compenstation MEMSIC memsic_log get_battery_current_now  = -192900 current_avg = -192900 current_chg = 0, charge_ret = 2 torch_ret  = -1 x y z -0.654200 0.175700 2.868100 
11-29 18:56:22.976   588   720 I hwcomposer: [DBQ] (q2:0xb400007195d196e0) Reallocate Slot(2), pool(0 -> 0) size(0 -> 2361600)  
11-29 18:56:22.977   825 15039 I Hal3ARaw: [1412664697] SEC data.0304, Dev(1) i4FrameNum(5) MasterIdx = 0, SlaveIdx = 0, m_bIsSkipSync3A(0) rNewParam(0,0,0)(0,0)
11-29 18:56:22.978   825 15061 W LMVDrv  : [GetLMVStatusAndUpdate]Cannot find magicNum(0) in queue(0)
11-29 18:56:22.978 14828 15139 I tflite  : Initialized TensorFlow Lite runtime.
11-29 18:56:22.978   588   720 I hwcomposer: [DBQ] (q2:0xb400007195d196e0) Alloc Slot(2), handle=0xb400007135d17c50 c=0 w=720 h=1640 p=736 ys=736 vs=1664 f=268  
11-29 18:56:22.979   588   728 D MDP     : [PQ][PQRSZAdaptor(1)] SUPPORT_VIDEO_UR
11-29 18:56:22.980   825 15039 W TuningMgr: TuningMgr[updateEngine] WARNING: [temp log] AF enable(1_0x100e02e0_0x808811e8)
11-29 18:56:22.981   823   926 E android.hardware.sensors@2.0-service-mediatek: MEMSIC  vir111 gyro algoRstGyro = 0 algoRst = 0
11-29 18:56:22.989   849   934 D AAL     : 11-29 06:56:22.805 BL= 257,ESS= 256, 11-29 06:56:22.872 BL= 258,ESS= 256, 11-29 06:56:22.922 BL= 259,ESS= 256, 11-29 06:56:22.939 BL= 258,ESS= 256, 11-29 06:56:22.989 BL= 257,ESS= 256, 
11-29 18:56:22.991   823   926 E android.hardware.sensors@2.0-service-mediatek: MEMSIC  vir111 gyro algoRstGyro = 0 algoRst = 0
11-29 18:56:22.996   823   926 E android.hardware.sensors@2.0-service-mediatek: Error 13, memsic_log open SYS_FS_USB_ONLINE failed
11-29 18:56:22.996   823   926 E android.hardware.sensors@2.0-service-mediatek: MEMSICBEFORE compenstation MEMSIC memsic_log get_battery_current_now  = -539700 current_avg = -539700 current_chg = 0, charge_ret = 2 torch_ret  = -1 x y z -0.653300 0.162100 2.867100 
11-29 18:56:22.999 14828 15139 E libc    : Access denied finding property "ro.hardware.chipname"
11-29 18:56:23.000   825 15131 D AfAlgo  : down maxOffset=41 maxCompLevel=41, cutOffset=6, maxOffset=41 offset -16, level 16, cut offset 6, x/y/z/g=-26/888/387/969
11-29 18:56:23.000   825 15131 D AfAlgoC : [DAF] DafIO out: mode 2 isL 0 isQ 0 isV 0 afdac 230 afconf 100 qNum -1  sPDWin (0,0,0,0)
11-29 18:56:23.000   825 15131 D AfAlgoC : [handleAFout0](7) Mode=2,Status=1,StatusC=10,IsAfSearch=1,IsSelROI=0,ROISel=4,FDstatus=0,AFMark=1,mTrig=1,SceneState=00000100,ext=1, PostureDac=230/41, TermalPos=0, searchRange (189,465), camA=-40, post=-16
11-29 18:56:23.000   825 15131 D AfAlgoC : [AdpComp]Equivalent lens pos = 214
11-29 18:56:23.000   823   926 E android.hardware.sensors@2.0-service-mediatek: MEMSIC  vir111 gyro algoRstGyro = 0 algoRst = 0
11-29 18:56:23.001   825 15131 I af_mgr_v3: #(    7,    5) doAF Dev(1) isAFSearch changed : 4 -> 1
11-29 18:56:23.001   825 15131 I af_mgr_v3: #(    7,    5) doAF Dev(1) checkSendCallback: m_bNeedSendCallback(0), AfterAutoMode(0), Searching(1), PDCL(99, 100), ISO(1205, 0), FPS(16, 0)
11-29 18:56:23.001   825 15131 I af_mgr_v3: #(    7,    5) doAF Dev(1): [Status] IsAFSearch(4->1), IsSelHWROI(0->0), ROISel(4), Event(0x0)
11-29 18:56:23.003 14828 15139 I tflite  : Created TensorFlow Lite XNNPACK delegate for CPU.
11-29 18:56:23.005 14828 15139 I tflite  : Replacing 43 out of 43 node(s) with delegate (TfLiteXNNPackDelegate) node, yielding 1 partitions for the whole graph.
11-29 18:56:23.011   823   926 E android.hardware.sensors@2.0-service-mediatek: MEMSIC  vir111 gyro algoRstGyro = 0 algoRst = 0
11-29 18:56:23.011 14828 15139 I tflite  : Replacing 35 out of 47 node(s) with delegate (TfLiteXNNPackDelegate) node, yielding 23 partitions for the whole graph.
11-29 18:56:23.016   823   926 E android.hardware.sensors@2.0-service-mediatek: Error 13, memsic_log open SYS_FS_USB_ONLINE failed
11-29 18:56:23.016   823   926 E android.hardware.sensors@2.0-service-mediatek: MEMSICBEFORE compenstation MEMSIC memsic_log get_battery_current_now  = -582400 current_avg = -582400 current_chg = 0, charge_ret = 2 torch_ret  = -1 x y z -0.649400 0.160100 2.874000 
11-29 18:56:23.016 14828 15139 I native  : I0000 00:00:1764417383.016618   15139 oned_decoder_client.cc:696] barhopper::deep_learning::OnedDecoderClient is created successfully.
11-29 18:56:23.021   823   926 E android.hardware.sensors@2.0-service-mediatek: MEMSIC  vir111 gyro algoRstGyro = 0 algoRst = 0
11-29 18:56:23.031   823   926 E android.hardware.sensors@2.0-service-mediatek: MEMSIC  vir111 gyro algoRstGyro = 0 algoRst = 0
11-29 18:56:23.036   823   926 E android.hardware.sensors@2.0-service-mediatek: Error 13, memsic_log open SYS_FS_USB_ONLINE failed
11-29 18:56:23.036   823   926 E android.hardware.sensors@2.0-service-mediatek: MEMSICBEFORE compenstation MEMSIC memsic_log get_battery_current_now  = -429300 current_avg = -429300 current_chg = 0, charge_ret = 2 torch_ret  = -1 x y z -0.655200 0.174800 2.873000 
11-29 18:56:23.037   825 15039 I Hal3ARaw: [1412664697] SEC data.0304, Dev(1) i4FrameNum(6) MasterIdx = 0, SlaveIdx = 0, m_bIsSkipSync3A(0) rNewParam(0,0,0)(0,0)
11-29 18:56:23.038   825 15061 W LMVDrv  : [GetLMVStatusAndUpdate]Cannot find magicNum(0) in queue(0)
11-29 18:56:23.039   825 15039 I isp_mgr_af_stat: HW : CAM_AFO_XSIZE(0xc00) CAM_AFO_YSIZE(0x48) CAM_AF_SIZE(0x1070)
11-29 18:56:23.039   825 15039 I isp_mgr_af_stat: HW : CAM_AF_CON(0x701731) CAM_AF_VLD(0x3d80538) CAM_AF_BLK_0(0x100010) CAM_AF_BLK_1(0x480060)
11-29 18:56:23.039   825 15039 I isp_mgr_af_stat: HW : CAM_AF_TH_0(0x30003) CAM_AF_TH_1(0xf0e6f003) CAM_AF_TH_2(0xe6e6e6e6)
11-29 18:56:23.039   825 15039 I isp_mgr_af_stat: HW : CAM_SGG1_PGN(0x10) CAM_SGG1_GMRC_1(0x3b281a11) CAM_SGG1_GMRC_2(0xb37c56)
11-29 18:56:23.039   825 15039 I isp_mgr_af_stat: HW : CAM_SGG5_PGN(0x10) CAM_SGG5_GMRC_1(0x10080402) CAM_SGG5_GMRC_2(0x804020)
11-29 18:56:23.039   825 15039 I isp_mgr_af_stat: HW : CAM_AF_FLT_1(0x242b240f) CAM_AF_FLT_2(0x20a16) CAM_AF_FLT_3(0x0) CAM_AF_FLT_4(0x242b240f)
11-29 18:56:23.039   825 15039 I isp_mgr_af_stat: HW : CAM_AF_FLT_5(0x20a16) CAM_AF_FLT_6(0x0) CAM_AF_FLT_7(0x1000100) CAM_AF_FLT_8(0x7000700)
11-29 18:56:23.039   825 15039 I isp_mgr_af_stat: HW-ConfigUpdate Config(7)
11-29 18:56:23.039   825 15039 W TuningMgr: TuningMgr[updateEngine] WARNING: [temp log] AF enable(1_0x100e02e0_0x808811e8)
11-29 18:56:23.039   825 15039 I isp_mgr_af_stat: HW-apply Magic(8) , Config(7)
11-29 18:56:23.041   823   926 E android.hardware.sensors@2.0-service-mediatek: MEMSIC  vir111 gyro algoRstGyro = 0 algoRst = 0
11-29 18:56:23.044   588   728 D MDP     : [PQ][PQRSZAdaptor(1)] SUPPORT_VIDEO_UR
11-29 18:56:23.050  1203  1338 W SoftApManager: DIFF 145493085
11-29 18:56:23.050  1203  1338 W SoftApManager: datalimit kick 145493085
11-29 18:56:23.051   823   926 E android.hardware.sensors@2.0-service-mediatek: MEMSIC  vir111 gyro algoRstGyro = 0 algoRst = 0
11-29 18:56:23.056   823   926 E android.hardware.sensors@2.0-service-mediatek: Error 13, memsic_log open SYS_FS_USB_ONLINE failed
11-29 18:56:23.056   823   926 E android.hardware.sensors@2.0-service-mediatek: MEMSICBEFORE compenstation MEMSIC memsic_log get_battery_current_now  = -463000 current_avg = -463000 current_chg = 0, charge_ret = 2 torch_ret  = -1 x y z -0.656200 0.172800 2.868100 
11-29 18:56:23.059   825 15131 W af_mgr_v3: getLensState Phone Moving while TRACKING, ForceCapture: LensState = 0
11-29 18:56:23.060   825 15131 I isp_mgr_af_stat: isHWRdy Config[7, 5] IsApplied(1)
11-29 18:56:23.060   825 15131 D AfAlgoC : [handleAFin0](8) Mode=2,Status=1,StatusC=10,AFSTrigger=0,FirstEnterCam=0,CurPos=214,ISO=1205(100,4800),Shutter=60003,frameT=58,LV=40,deltaBV=-1(-1),curBV=128(128),stable=0,IsAfSearch=1,IsSelROI=0,ROISel=4,FDstatus=0,fundie=4,tmpv=0,AFMark=1,Time=1764417383,tg 4208 3120, hw 4208 3120, afa 1556 1216 config num 5 monitor roi 37 39, focus roi 18 24
11-29 18:56:23.060   825 15131 D AfAlgoC : [AdpComp] TS_AFDone(79889501812) TS_MLStart(79889065332) PixelInLine(4896) PixelClk(480000000)PSample=214 CSample=214 BeforeM=0 MIng=0 AfterM=72406 LENS_MOVING_TIME=12000
11-29 18:56:23.060   825 15131 D AfAlgo  : down maxOffset=41 maxCompLevel=41, cutOffset=6, maxOffset=41 offset -17, level 17, cut offset 6, x/y/z/g=-15/896/407/984
11-29 18:56:23.061   825 15131 I af_mgr_v3: #(    8,    6) MoveLensTo Dev(1) DAC(254)
11-29 18:56:23.061   823   926 E android.hardware.sensors@2.0-service-mediatek: MEMSIC  vir111 gyro algoRstGyro = 0 algoRst = 0
11-29 18:56:23.071   823   926 E android.hardware.sensors@2.0-service-mediatek: MEMSIC  vir111 gyro algoRstGyro = 0 algoRst = 0
11-29 18:56:23.076   823   926 E android.hardware.sensors@2.0-service-mediatek: Error 13, memsic_log open SYS_FS_USB_ONLINE failed
11-29 18:56:23.078   823   926 E android.hardware.sensors@2.0-service-mediatek: MEMSICBEFORE compenstation MEMSIC memsic_log get_battery_current_now  = -533400 current_avg = -533400 current_chg = 0, charge_ret = 2 torch_ret  = -1 x y z -0.656200 0.163000 2.871000 
11-29 18:56:23.081   823   926 E android.hardware.sensors@2.0-service-mediatek: MEMSIC  vir111 gyro algoRstGyro = 0 algoRst = 0
11-29 18:56:23.091   823   926 E android.hardware.sensors@2.0-service-mediatek: MEMSIC  vir111 gyro algoRstGyro = 0 algoRst = 0
11-29 18:56:23.094   588   728 D MDP     : [PQ][PQRSZAdaptor(1)] SUPPORT_VIDEO_UR
11-29 18:56:23.096   823   926 E android.hardware.sensors@2.0-service-mediatek: Error 13, memsic_log open SYS_FS_USB_ONLINE failed
11-29 18:56:23.096   823   926 E android.hardware.sensors@2.0-service-mediatek: MEMSICBEFORE compenstation MEMSIC memsic_log get_battery_current_now  = -440300 current_avg = -440300 current_chg = 0, charge_ret = 2 torch_ret  = -1 x y z -0.656200 0.172800 2.872000 
11-29 18:56:23.097   825 15039 I Hal3ARaw: [1412664697] SEC data.0304, Dev(1) i4FrameNum(7) MasterIdx = 0, SlaveIdx = 0, m_bIsSkipSync3A(0) rNewParam(0,0,0)(0,0)
11-29 18:56:23.098   825 15061 W LMVDrv  : [GetLMVStatusAndUpdate]Cannot find magicNum(0) in queue(0)
11-29 18:56:23.099   825 15039 W TuningMgr: TuningMgr[updateEngine] WARNING: [temp log] AF enable(1_0x100e02e0_0x808811e8)
11-29 18:56:23.101   823   926 E android.hardware.sensors@2.0-service-mediatek: MEMSIC  vir111 gyro algoRstGyro = 0 algoRst = 0
11-29 18:56:23.111   823   926 E android.hardware.sensors@2.0-service-mediatek: MEMSIC  vir111 gyro algoRstGyro = 0 algoRst = 0
11-29 18:56:23.116   823   926 E android.hardware.sensors@2.0-service-mediatek: Error 13, memsic_log open SYS_FS_USB_ONLINE failed
11-29 18:56:23.116   823   926 E android.hardware.sensors@2.0-service-mediatek: MEMSICBEFORE compenstation MEMSIC memsic_log get_battery_current_now  = -435900 current_avg = -435900 current_chg = 0, charge_ret = 2 torch_ret  = -1 x y z -0.656200 0.163000 2.870100 
11-29 18:56:23.120   825 15131 I isp_mgr_af_stat: isHWRdy Config[7, 6] IsApplied(1)
11-29 18:56:23.120   825 15131 D AfAlgo  : down maxOffset=41 maxCompLevel=41, cutOffset=6, maxOffset=41 offset -15, level 15, cut offset 6, x/y/z/g=3/923/375/996
11-29 18:56:23.121   823   926 E android.hardware.sensors@2.0-service-mediatek: MEMSIC  vir111 gyro algoRstGyro = 0 algoRst = 0
11-29 18:56:23.131   823   926 E android.hardware.sensors@2.0-service-mediatek: MEMSIC  vir111 gyro algoRstGyro = 0 algoRst = 0
11-29 18:56:23.133   598   668 I mtkpower@impl: [powerd_req] TIMER_MSG_PERF_LOCK_TIMEOUT hdl:35064
11-29 18:56:23.133   598   668 I libPowerHal: [perfLockRel] hdl:35064, idx:1
11-29 18:56:23.133   598   668 I libPowerHal: [PD] scn:1 hdl:35064 lock_user:camerahalserver pid:825 tid:15712 dur:1000
11-29 18:56:23.136   823   926 E android.hardware.sensors@2.0-service-mediatek: Error 13, memsic_log open SYS_FS_USB_ONLINE failed
11-29 18:56:23.136   823   926 E android.hardware.sensors@2.0-service-mediatek: MEMSICBEFORE compenstation MEMSIC memsic_log get_battery_current_now  = -477400 current_avg = -477400 current_chg = 0, charge_ret = 2 torch_ret  = -1 x y z -0.654200 0.167900 2.866200 
11-29 18:56:23.141   823   926 E android.hardware.sensors@2.0-service-mediatek: MEMSIC  vir111 gyro algoRstGyro = 0 algoRst = 0
11-29 18:56:23.151   823   926 E android.hardware.sensors@2.0-service-mediatek: MEMSIC  vir111 gyro algoRstGyro = 0 algoRst = 0
11-29 18:56:23.157   825 15039 I Hal3ARaw: [1412664697] SEC data.0304, Dev(1) i4FrameNum(8) MasterIdx = 0, SlaveIdx = 0, m_bIsSkipSync3A(0) rNewParam(0,0,0)(0,0)
11-29 18:56:23.158   823   926 E android.hardware.sensors@2.0-service-mediatek: Error 13, memsic_log open SYS_FS_USB_ONLINE failed
11-29 18:56:23.158   823   926 E android.hardware.sensors@2.0-service-mediatek: MEMSICBEFORE compenstation MEMSIC memsic_log get_battery_current_now  = -401700 current_avg = -401700 current_chg = 0, charge_ret = 2 torch_ret  = -1 x y z -0.654200 0.165000 2.872000 
11-29 18:56:23.158   825 15061 W LMVDrv  : [GetLMVStatusAndUpdate]Cannot find magicNum(0) in queue(0)
11-29 18:56:23.160   825 15039 W TuningMgr: TuningMgr[updateEngine] WARNING: [temp log] AF enable(1_0x100e02e0_0x808811e8)
11-29 18:56:23.161   823   926 E android.hardware.sensors@2.0-service-mediatek: MEMSIC  vir111 gyro algoRstGyro = 0 algoRst = 0
11-29 18:56:23.161   588   728 D MDP     : [PQ][PQRSZAdaptor(1)] SUPPORT_VIDEO_UR
11-29 18:56:23.171   823   926 E android.hardware.sensors@2.0-service-mediatek: MEMSIC  vir111 gyro algoRstGyro = 0 algoRst = 0
11-29 18:56:23.176   823   926 E android.hardware.sensors@2.0-service-mediatek: Error 13, memsic_log open SYS_FS_USB_ONLINE failed
11-29 18:56:23.176   823   926 E android.hardware.sensors@2.0-service-mediatek: MEMSICBEFORE compenstation MEMSIC memsic_log get_battery_current_now  = -564200 current_avg = -574500 current_chg = 0, charge_ret = 2 torch_ret  = -1 x y z -0.656200 0.166000 2.868100 
11-29 18:56:23.180   825 15131 I isp_mgr_af_stat: HW-Rdy (7) - (7)
11-29 18:56:23.180   825 15131 D AfAlgo  : down maxOffset=41 maxCompLevel=41, cutOffset=6, maxOffset=41 offset -15, level 15, cut offset 6, x/y/z/g=15/923/351/987
11-29 18:56:23.181   825 15131 I af_mgr_v3: #(   10,    8) MoveLensTo Dev(1) DAC(273)
11-29 18:56:23.181   823   926 E android.hardware.sensors@2.0-service-mediatek: MEMSIC  vir111 gyro algoRstGyro = 0 algoRst = 0
11-29 18:56:23.193   823   926 E android.hardware.sensors@2.0-service-mediatek: MEMSIC  vir111 gyro algoRstGyro = 0 algoRst = 0
11-29 18:56:23.196   823   926 E android.hardware.sensors@2.0-service-mediatek: Error 13, memsic_log open SYS_FS_USB_ONLINE failed
11-29 18:56:23.196   823   926 E android.hardware.sensors@2.0-service-mediatek: MEMSICBEFORE compenstation MEMSIC memsic_log get_battery_current_now  = -592100 current_avg = -592100 current_chg = 0, charge_ret = 2 torch_ret  = -1 x y z -0.654200 0.173800 2.871000 
11-29 18:56:23.201   823   926 E android.hardware.sensors@2.0-service-mediatek: MEMSIC  vir111 gyro algoRstGyro = 0 algoRst = 0
11-29 18:56:23.211   823   926 E android.hardware.sensors@2.0-service-mediatek: MEMSIC  vir111 gyro algoRstGyro = 0 algoRst = 0
11-29 18:56:23.211   588   728 D MDP     : [PQ][PQRSZAdaptor(1)] SUPPORT_VIDEO_UR
