--------- beginning of main
11-29 18:55:16.285   614  1966 I BufferQueueProducer: [StatusBar#0](this:0xb40000708eb47f58,id:7,api:1,p:1413,c:614) queueBuffer: fps=0.20 dur=5004.92 max=5004.92 min=5004.92
11-29 18:55:16.294   588   720 I hwcomposer: [HWCDisplay] [Display_0 (type:1)] fps:0.199945,dur:5001.37,max:5001.37,min:5001.37  
11-29 18:55:16.302 29653 29697 W System.err: java.lang.NullPointerException: Attempt to invoke virtual method 'boolean e.d.a.h0.b.a.b()' on a null object reference
11-29 18:55:16.302 29653 29697 W System.err: 	at e.h.c.e$b.run(SourceFile:7)
11-29 18:55:16.302 29653 29697 W System.err: 	at android.os.Handler.handleCallback(Handler.java:938)
11-29 18:55:16.302 29653 29697 W System.err: 	at android.os.Handler.dispatchMessage(Handler.java:99)
11-29 18:55:16.302 29653 29697 W System.err: 	at android.os.Looper.loop(Looper.java:268)
11-29 18:55:16.302 29653 29697 W System.err: 	at android.os.HandlerThread.run(HandlerThread.java:67)
11-29 18:55:16.773  1203  1338 W SoftApManager: DIFF 145485885
11-29 18:55:16.774  1203  1338 W SoftApManager: datalimit kick 145485885
11-29 18:55:17.197   830   830 I thermal_repeater: [recvMdThermalInfo] ret=27, strLen=127,  3, 50, 8, -28405, 32767, 0
11-29 18:55:17.461   825   943 D ULogGuard: Monitoring: 16 threads, 0 requests, 0 time-bombs; 1 guards. ResetFlags = 0x7
11-29 18:55:17.643  6223  6224 I simo_trace: function:silver_socket_init	line:1659	
11-29 18:55:17.645  6223  6224 I simo_trace: function:val_is_used_unix_name	line:1789	silver SDKvercode:30
11-29 18:55:17.679  6223  6224 I simo_trace: function:val_is_used_unix_name	line:1789	silver SDKvercode:30
11-29 18:55:17.682  6223  6224 I simo_trace: function:_map_ret_err_code	line:107	err = Connection refused
11-29 18:55:17.776  1203  1338 W SoftApManager: DIFF 145485973
11-29 18:55:17.776  1203  1338 W SoftApManager: datalimit kick 145485973
11-29 18:55:18.058  1413  1535 D MobileSignalController: roaming = false , isCdma = false
11-29 18:55:18.061  1413  1535 I NetworkController.MobileSignalController(6): isImsOverWfc = false , mDisableWfc = false , mHideWfcInCsCall = false , isImsOverVoice = false , isLteNetWork = true
11-29 18:55:18.062  1413  1535 D MobileSignalController: show->falseVolteIcon->0:!isImsOverWfc:->true::airplaneMode:->false:::mCurrentState.volteIcon:0
11-29 18:55:18.063  1413  1413 D StatusBarSignalPolicy: state.show = falsestate.mMobileVolteId = 0 subId = 6
11-29 18:55:18.064  1691  1691 I TranPhoneSwitcher: mDefaultsign:4subid :6
11-29 18:55:18.780  1203  1338 W SoftApManager: DIFF 145486104
11-29 18:55:18.781  1203  1338 W SoftApManager: datalimit kick 145486104
--------- beginning of system
11-29 18:55:19.468  1203  1203 I MWN     : onSignalStrengthsChanged...
11-29 18:55:19.470  1203  1203 I MWN     : network type = 0
11-29 18:55:19.474  1691  1691 I OtherSimPSListener: mOthersign:4subid :1
11-29 18:55:19.474  1203  1203 I MWN     : mobile type = 13
11-29 18:55:19.474  1203  1203 I MWN     : Write 0 to node. type=4G mSimExist=true mFlightMode=false
11-29 18:55:19.475  1413  1535 D MobileSignalController: roaming = false , isCdma = false
11-29 18:55:19.475  1203  1203 I MWN     : write the value:0 to node successfully.
11-29 18:55:19.480  1413  1535 I NetworkController.MobileSignalController(1): isImsOverWfc = false , mDisableWfc = false , mHideWfcInCsCall = false , isImsOverVoice = true , isLteNetWork = true
11-29 18:55:19.480  1413  1535 D MobileSignalController: show->trueVolteIcon->2131233145:!isImsOverWfc:->true::airplaneMode:->false:::mCurrentState.volteIcon:2131233145
11-29 18:55:19.481  1413  1413 D StatusBarSignalPolicy: state.show = truestate.mMobileVolteId = 2131233145 subId = 1
11-29 18:55:19.507   614  1975 I BufferQueueProducer: [StatusBar#0](this:0xb40000708eb47f58,id:7,api:1,p:1413,c:614) queueBuffer: fps=0.31 dur=3222.17 max=3222.17 min=3222.17
11-29 18:55:19.516   588   720 I hwcomposer: [HWCDisplay] [Display_0 (type:1)] fps:0.310435,dur:3221.29,max:3221.29,min:3221.29  
11-29 18:55:19.785  1203  1338 W SoftApManager: DIFF 145486104
11-29 18:55:19.786  1203  1338 W SoftApManager: datalimit kick 145486104
11-29 18:55:20.463   825   943 D ULogGuard: Monitoring: 16 threads, 0 requests, 0 time-bombs; 1 guards. ResetFlags = 0x7
11-29 18:55:20.708  1691  1691 I TranPhoneSwitcher: mDefaultsign:4subid :6
11-29 18:55:20.709  1413  1535 D MobileSignalController: roaming = false , isCdma = false
11-29 18:55:20.711  1413  1535 I NetworkController.MobileSignalController(6): isImsOverWfc = false , mDisableWfc = false , mHideWfcInCsCall = false , isImsOverVoice = false , isLteNetWork = true
11-29 18:55:20.711  1413  1535 D MobileSignalController: show->falseVolteIcon->0:!isImsOverWfc:->true::airplaneMode:->false:::mCurrentState.volteIcon:0
11-29 18:55:20.712  1413  1413 D StatusBarSignalPolicy: state.show = falsestate.mMobileVolteId = 0 subId = 6
11-29 18:55:20.790  1203  1338 W SoftApManager: DIFF 145486104
11-29 18:55:20.791  1203  1338 W SoftApManager: datalimit kick 145486104
11-29 18:55:21.043  1413  1413 D StackScroller: setMaxTopPadding() maxTopPadding:1252 StackScrollAlpha:1.0
11-29 18:55:21.045  1413  1413 D StackScroller: setMaxTopPadding() maxTopPadding:1252 StackScrollAlpha:1.0
11-29 18:55:21.046  1413  1413 D PanelView: getHeaderTranslation() translation:-656.46576
11-29 18:55:21.046   614  1975 I BufferQueueProducer: [StatusBar#0](this:0xb40000708eb47f58,id:7,api:1,p:1413,c:614) queueBuffer: fps=0.65 dur=1539.32 max=1539.32 min=1539.32
11-29 18:55:21.047  1413  1413 D PanelView: updateExpandedHeight() expandedHeight:0.0
11-29 18:55:21.048  1413  1413 D PanelView: getHeaderTranslation() translation:-656.46576
11-29 18:55:21.051   588   720 I hwcomposer: [HWCDisplay] [Display_0 (type:1)] fps:0.651412,dur:1535.13,max:1535.13,min:1535.13  
11-29 18:55:21.051  1413  1413 D TAG     : updateClearButton: cccc
11-29 18:55:21.232 19680 19680 W ThreadPoolForeg: type=1400 audit(0.0:179223): avc: denied { write } for name="traced_producer" dev="tmpfs" ino=10766 scontext=u:r:gmscore_app:s0:c512,c768 tcontext=u:object_r:traced_producer_socket:s0 tclass=sock_file permissive=0 app=com.google.android.gms
11-29 18:55:21.795  1203  1338 W SoftApManager: DIFF 145486104
11-29 18:55:21.796  1203  1338 W SoftApManager: datalimit kick 145486104
11-29 18:55:22.645  6223  6224 I simo_trace: function:silver_socket_init	line:1659	
11-29 18:55:22.650  6223  6224 I simo_trace: function:val_is_used_unix_name	line:1789	silver SDKvercode:30
11-29 18:55:22.689  6223  6224 I simo_trace: function:val_is_used_unix_name	line:1789	silver SDKvercode:30
11-29 18:55:22.696  6223  6224 I simo_trace: function:_map_ret_err_code	line:107	err = Connection refused
11-29 18:55:22.800  1203  1338 W SoftApManager: DIFF 145486192
11-29 18:55:22.800  1203  1338 W SoftApManager: datalimit kick 145486192
11-29 18:55:23.041   614  1975 I BufferQueueProducer: [StatusBar#0](this:0xb40000708eb47f58,id:7,api:1,p:1413,c:614) queueBuffer: fps=1.00 dur=1995.20 max=1750.97 min=244.23
11-29 18:55:23.046  1413  1413 D StackScroller: setMaxTopPadding() maxTopPadding:1252 StackScrollAlpha:1.0
11-29 18:55:23.046  1413  1413 D StackScroller: setMaxTopPadding() maxTopPadding:1252 StackScrollAlpha:1.0
11-29 18:55:23.046  1413  1413 D PanelView: getHeaderTranslation() translation:-656.46576
11-29 18:55:23.046  1413  1413 D PanelView: updateExpandedHeight() expandedHeight:0.0
11-29 18:55:23.047  1413  1413 D PanelView: getHeaderTranslation() translation:-656.46576
11-29 18:55:23.048  1413  1413 D TAG     : updateClearButton: cccc
11-29 18:55:23.053   588   720 I hwcomposer: [HWCDisplay] [Display_0 (type:1)] fps:0.998721,dur:2002.56,max:1746.43,min:256.13  
11-29 18:55:23.338  1413  1535 D MobileSignalController: roaming = false , isCdma = false
11-29 18:55:23.340  1691  1691 I TranPhoneSwitcher: mDefaultsign:4subid :6
11-29 18:55:23.341  1413  1535 I NetworkController.MobileSignalController(6): isImsOverWfc = false , mDisableWfc = false , mHideWfcInCsCall = false , isImsOverVoice = false , isLteNetWork = true
11-29 18:55:23.341  1413  1535 D MobileSignalController: show->falseVolteIcon->0:!isImsOverWfc:->true::airplaneMode:->false:::mCurrentState.volteIcon:0
11-29 18:55:23.341  1413  1413 D StatusBarSignalPolicy: state.show = falsestate.mMobileVolteId = 0 subId = 6
11-29 18:55:23.466   825   943 D ULogGuard: Monitoring: 16 threads, 0 requests, 0 time-bombs; 1 guards. ResetFlags = 0x7
11-29 18:55:23.805  1203  1338 W SoftApManager: DIFF 145486489
11-29 18:55:23.805  1203  1338 W SoftApManager: datalimit kick 145486489
11-29 18:55:23.992  1203  1239 D ApplicationPackageManager: [getText] isMxtcMarket: false
11-29 18:55:24.310 29653 29697 W System.err: java.lang.NullPointerException: Attempt to invoke virtual method 'boolean e.d.a.h0.b.a.b()' on a null object reference
11-29 18:55:24.311 29653 29697 W System.err: 	at e.h.c.e$b.run(SourceFile:7)
11-29 18:55:24.311 29653 29697 W System.err: 	at android.os.Handler.handleCallback(Handler.java:938)
11-29 18:55:24.311 29653 29697 W System.err: 	at android.os.Handler.dispatchMessage(Handler.java:99)
11-29 18:55:24.311 29653 29697 W System.err: 	at android.os.Looper.loop(Looper.java:268)
11-29 18:55:24.311 29653 29697 W System.err: 	at android.os.HandlerThread.run(HandlerThread.java:67)
11-29 18:55:24.337 20246 14123 I FusedLocation: (REDACTED) location delivery to %s blocked - too close
11-29 18:55:24.341  1413  1535 D OsPrivacyNotifyManager: onActiveStateChanged ENABLE true code != OP_RECORD_AUDIO true
11-29 18:55:24.344  1413  1535 D OsPrivacyNotifyManager: onActiveStateChanged ENABLE true code != OP_RECORD_AUDIO true
11-29 18:55:24.346  1203  2838 D os.LocationLice: wz1 wz=Location[fused -6.976589,106.909496 hAcc=100 et=+1d10h28m57s786ms alt=471.9000244140625 vAcc=100 sAcc=??? bAcc=??? {Bundle[EMPTY_PARCEL]}], this=com.transsion.server.location.LocationLice@272e63b
11-29 18:55:24.342 20246 14123 I FusedLocation: (REDACTED) location delivery to %s blocked - too close
11-29 18:55:24.347  1203  2838 D LocationManagerService: incoming location: Location[fused hAcc=100 et=+1d10h28m57s786ms vAcc=100 sAcc=??? bAcc=???]
11-29 18:55:24.354  1203  2838 D LocationManagerService: incoming location: Location[fused hAcc=100 et=+1d10h28m57s786ms vAcc=100 sAcc=??? bAcc=???]
11-29 18:55:24.357  1413  1413 D StackScroller: setMaxTopPadding() maxTopPadding:1252 StackScrollAlpha:1.0
11-29 18:55:24.357  1413  1413 D PanelView: getHeaderTranslation() translation:-656.46576
11-29 18:55:24.358  1413  1413 D PanelView: updateExpandedHeight() expandedHeight:0.0
11-29 18:55:24.358  1413  1413 D PanelView: getHeaderTranslation() translation:-656.46576
11-29 18:55:24.360  1413  1413 D TAG     : updateClearButton: cccc
11-29 18:55:24.366   614  1975 I BufferQueueProducer: [StatusBar#0](this:0xb40000708eb47f58,id:7,api:1,p:1413,c:614) queueBuffer: fps=0.75 dur=1325.02 max=1325.02 min=1325.02
11-29 18:55:24.385   588   720 I hwcomposer: [HWCDisplay] [Display_0 (type:1)] fps:0.750712,dur:1332.07,max:1332.07,min:1332.07  
11-29 18:55:24.389 20246 20246 D BoundBrokerSvc: onRebind: Intent { act=com.google.android.gms.auth.aang.events.services.START dat=chimera-action: cmp=com.google.android.gms/.chimera.PersistentApiService }
11-29 18:55:24.445 20246 14157 E AuthPII : [RequestTokenManager] getToken() -> BAD_AUTHENTICATION. App: com.google.android.gms, Service: oauth2:https://www.googleapis.com/auth/webhistory
11-29 18:55:24.445 20246 14157 E AuthPII : azjv: Long live credential not available.
11-29 18:55:24.445 20246 14157 E AuthPII : 	at acvr.a(:com.google.android.gms@254730022@25.47.30 (150400-833691957):1301)
11-29 18:55:24.445 20246 14157 E AuthPII : 	at acvy.b(:com.google.android.gms@254730022@25.47.30 (150400-833691957):26)
11-29 18:55:24.445 20246 14157 E AuthPII : 	at acvw.a(:com.google.android.gms@254730022@25.47.30 (150400-833691957):748)
11-29 18:55:24.445 20246 14157 E AuthPII : 	at acvv.b(:com.google.android.gms@254730022@25.47.30 (150400-833691957):144)
11-29 18:55:24.445 20246 14157 E AuthPII : 	at wrr.d(:com.google.android.gms@254730022@25.47.30 (150400-833691957):656)
11-29 18:55:24.445 20246 14157 E AuthPII : 	at abzg.a(:com.google.android.gms@254730022@25.47.30 (150400-833691957):33)
11-29 18:55:24.445 20246 14157 E AuthPII : 	at abzm.m(:com.google.android.gms@254730022@25.47.30 (150400-833691957):34)
11-29 18:55:24.445 20246 14157 E AuthPII : 	at abzm.o(:com.google.android.gms@254730022@25.47.30 (150400-833691957):64)
11-29 18:55:24.445 20246 14157 E AuthPII : 	at abzm.h(:com.google.android.gms@254730022@25.47.30 (150400-833691957):4)
11-29 18:55:24.445 20246 14157 E AuthPII : 	at acob.d(:com.google.android.gms@254730022@25.47.30 (150400-833691957):42)
11-29 18:55:24.445 20246 14157 E AuthPII : 	at acob.b(:com.google.android.gms@254730022@25.47.30 (150400-833691957):6)
11-29 18:55:24.445 20246 14157 E AuthPII : 	at dsdu.a(:com.google.android.gms@254730022@25.47.30 (150400-833691957):26)
11-29 18:55:24.445 20246 14157 E AuthPII : 	at dsdd.a(:com.google.android.gms@254730022@25.47.30 (150400-833691957):59)
11-29 18:55:24.445 20246 14157 E AuthPII : 	at fnuy.d(:com.google.android.gms@254730022@25.47.30 (150400-833691957):3)
11-29 18:55:24.445 20246 14157 E AuthPII : 	at fnva.run(:com.google.android.gms@254730022@25.47.30 (150400-833691957):38)
11-29 18:55:24.445 20246 14157 E AuthPII : 	at fnwm.execute(:com.google.android.gms@254730022@25.47.30 (150400-833691957):1)
11-29 18:55:24.445 20246 14157 E AuthPII : 	at fnxu.hv(:com.google.android.gms@254730022@25.47.30 (150400-833691957):6)
11-29 18:55:24.445 20246 14157 E AuthPII : 	at fnxa.hv(:com.google.android.gms@254730022@25.47.30 (150400-833691957):3)
11-29 18:55:24.445 20246 14157 E AuthPII : 	at fnva.g(:com.google.android.gms@254730022@25.47.30 (150400-833691957):10)
11-29 18:55:24.445 20246 14157 E AuthPII : 	at dsdc.a(:com.google.android.gms@254730022@25.47.30 (150400-833691957):20)
11-29 18:55:24.445 20246 14157 E AuthPII : 	at fnwt.a(:com.google.android.gms@254730022@25.47.30 (150400-833691957):20)
11-29 18:55:24.445 20246 14157 E AuthPII : 	at fnyx.a(:com.google.android.gms@254730022@25.47.30 (150400-833691957):3)
11-29 18:55:24.445 20246 14157 E AuthPII : 	at fnxy.run(:com.google.android.gms@254730022@25.47.30 (150400-833691957):19)
11-29 18:55:24.445 20246 14157 E AuthPII : 	at fnyz.run(:com.google.android.gms@254730022@25.47.30 (150400-833691957):5)
11-29 18:55:24.445 20246 14157 E AuthPII : 	at fnwv.run(:com.google.android.gms@254730022@25.47.30 (150400-833691957):53)
11-29 18:55:24.445 20246 14157 E AuthPII : 	at fnwm.execute(:com.google.android.gms@254730022@25.47.30 (150400-833691957):1)
11-29 18:55:24.445 20246 14157 E AuthPII : 	at fnwv.execute(:com.google.android.gms@254730022@25.47.30 (150400-833691957):76)
11-29 18:55:24.445 20246 14157 E AuthPII : 	at fnun.f(:com.google.android.gms@254730022@25.47.30 (150400-833691957):1)
11-29 18:55:24.445 20246 14157 E AuthPII : 	at fnun.hv(:com.google.android.gms@254730022@25.47.30 (150400-833691957):41)
11-29 18:55:24.445 20246 14157 E AuthPII : 	at fnwx.b(:com.google.android.gms@254730022@25.47.30 (150400-833691957):33)
11-29 18:55:24.445 20246 14157 E AuthPII : 	at dsdl.a(:com.google.android.gms@254730022@25.47.30 (150400-833691957):10)
11-29 18:55:24.445 20246 14157 E AuthPII : 	at dscl.a(:com.google.android.gms@254730022@25.47.30 (150400-833691957):3)
11-29 18:55:24.445 20246 14157 E AuthPII : 	at dsbe.c(:com.google.android.gms@254730022@25.47.30 (150400-833691957):9)
11-29 18:55:24.445 20246 14157 E AuthPII : 	at dscb.b(:com.google.android.gms@254730022@25.47.30 (150400-833691957):81)
11-29 18:55:24.445 20246 14157 E AuthPII : 	at dsar.b(:com.google.android.gms@254730022@25.47.30 (150400-833691957):614)
11-29 18:55:24.445 20246 14157 E AuthPII : 	at dsaj.m(:com.google.android.gms@254730022@25.47.30 (150400-833691957):357)
11-29 18:55:24.445 20246 14157 E AuthPII : 	at dsaj.k(:com.google.android.gms@254730022@25.47.30 (150400-833691957):159)
11-29 18:55:24.445 20246 14157 E AuthPII : 	at dsaj.n(:com.google.android.gms@254730022@25.47.30 (150400-833691957):50)
11-29 18:55:24.445 20246 14157 E AuthPII : 	at dsaj.d(:com.google.android.gms@254730022@25.47.30 (150400-833691957):1452)
11-29 18:55:24.445 20246 14157 E AuthPII : 	at dsac.jL(:com.google.android.gms@254730022@25.47.30 (150400-833691957):9)
11-29 18:55:24.445 20246 14157 E AuthPII : 	at fnxf.run(:com.google.android.gms@254730022@25.47.30 (150400-833691957):29)
11-29 18:55:24.445 20246 14157 E AuthPII : 	at baqh.c(:com.google.android.gms@254730022@25.47.30 (150400-833691957):50)
11-29 18:55:24.445 20246 14157 E AuthPII : 	at baqh.run(:com.google.android.gms@254730022@25.47.30 (150400-833691957):92)
11-29 18:55:24.445 20246 14157 E AuthPII : 	at java.util.concurrent.ThreadPoolExecutor.runWorker(ThreadPoolExecutor.java:1167)
11-29 18:55:24.445 20246 14157 E AuthPII : 	at java.util.concurrent.ThreadPoolExecutor$Worker.run(ThreadPoolExecutor.java:641)
11-29 18:55:24.445 20246 14157 E AuthPII : 	at bavy.run(:com.google.android.gms@254730022@25.47.30 (150400-833691957):8)
11-29 18:55:24.445 20246 14157 E AuthPII : 	at java.lang.Thread.run(Thread.java:923)
11-29 18:55:24.445 20246 14157 E AuthPII : Message is Long live credential not available.
11-29 18:55:24.445 20246 14157 E AuthPII : azjv: Long live credential not available.
11-29 18:55:24.445 20246 14157 E AuthPII : 	at acvr.a(:com.google.android.gms@254730022@25.47.30 (150400-833691957):1301)
11-29 18:55:24.445 20246 14157 E AuthPII : 	at acvy.b(:com.google.android.gms@254730022@25.47.30 (150400-833691957):26)
11-29 18:55:24.445 20246 14157 E AuthPII : 	at acvw.a(:com.google.android.gms@254730022@25.47.30 (150400-833691957):748)
11-29 18:55:24.445 20246 14157 E AuthPII : 	at acvv.b(:com.google.android.gms@254730022@25.47.30 (150400-833691957):144)
11-29 18:55:24.445 20246 14157 E AuthPII : 	at wrr.d(:com.google.android.gms@254730022@25.47.30 (150400-833691957):656)
11-29 18:55:24.445 20246 14157 E AuthPII : 	at abzg.a(:com.google.android.gms@254730022@25.47.30 (150400-833691957):33)
11-29 18:55:24.445 20246 14157 E AuthPII : 	at abzm.m(:com.google.android.gms@254730022@25.47.30 (150400-833691957):34)
11-29 18:55:24.445 20246 14157 E AuthPII : 	at abzm.o(:com.google.android.gms@254730022@25.47.30 (150400-833691957):64)
11-29 18:55:24.445 20246 14157 E AuthPII : 	at abzm.h(:com.google.android.gms@254730022@25.47.30 (150400-833691957):4)
11-29 18:55:24.445 20246 14157 E AuthPII : 	at acob.d(:com.google.android.gms@254730022@25.47.30 (150400-833691957):42)
11-29 18:55:24.445 20246 14157 E AuthPII : 	at acob.b(:com.google.android.gms@254730022@25.47.30 (150400-833691957):6)
11-29 18:55:24.445 20246 14157 E AuthPII : 	at dsdu.a(:com.google.android.gms@254730022@25.47.30 (150400-833691957):26)
11-29 18:55:24.445 20246 14157 E AuthPII : 	at dsdd.a(:com.google.android.gms@254730022@25.47.30 (150400-833691957):59)
11-29 18:55:24.445 20246 14157 E AuthPII : 	at fnuy.d(:com.google.android.gms@254730022@25.47.30 (150400-833691957):3)
11-29 18:55:24.445 20246 14157 E AuthPII : 	at fnva.run(:com.google.android.gms@254730022@25.47.30 (150400-833691957):38)
11-29 18:55:24.445 20246 14157 E AuthPII : 	at fnwm.execute(:com.google.android.gms@254730022@25.47.30 (150400-833691957):1)
11-29 18:55:24.445 20246 14157 E AuthPII : 	at fnxu.hv(:com.google.android.gms@254730022@25.47.30 (150400-833691957):6)
11-29 18:55:24.445 20246 14157 E AuthPII : 	at fnxa.hv(:com.google.android.gms@254730022@25.47.30 (150400-833691957):3)
11-29 18:55:24.445 20246 14157 E AuthPII : 	at fnva.g(:com.google.android.gms@254730022@25.47.30 (150400-833691957):10)
11-29 18:55:24.445 20246 14157 E AuthPII : 	at dsdc.a(:com.google.android.gms@254730022@25.47.30 (150400-833691957):20)
11-29 18:55:24.445 20246 14157 E AuthPII : 	at fnwt.a(:com.google.android.gms@254730022@25.47.30 (150400-833691957):20)
11-29 18:55:24.445 20246 14157 E AuthPII : 	at fnyx.a(:com.google.android.gms@254730022@25.47.30 (150400-833691957):3)
11-29 18:55:24.445 20246 14157 E AuthPII : 	at fnxy.run(:com.google.android.gms@254730022@25.47.30 (150400-833691957):19)
11-29 18:55:24.445 20246 14157 E AuthPII : 	at fnyz.run(:com.google.android.gms@254730022@25.47.30 (150400-833691957):5)
11-29 18:55:24.445 20246 14157 E AuthPII : 	at fnwv.run(:com.google.android.gms@254730022@25.47.30 (150400-833691957):53)
11-29 18:55:24.445 20246 14157 E AuthPII : 	at fnwm.execute(:com.google.android.gms@254730022@25.47.30 (150400-833691957):1)
11-29 18:55:24.445 20246 14157 E AuthPII : 	at fnwv.execute(:com.google.android.gms@254730022@25.47.30 (150400-833691957):76)
11-29 18:55:24.445 20246 14157 E AuthPII : 	at fnun.f(:com.google.android.gms@254730022@25.47.30 (150400-833691957):1)
11-29 18:55:24.445 20246 14157 E AuthPII : 	at fnun.hv(:com.google.android.gms@254730022@25.47.30 (150400-833691957):41)
11-29 18:55:24.445 20246 14157 E AuthPII : 	at fnwx.b(:com.google.android.gms@254730022@25.47.30 (150400-833691957):33)
11-29 18:55:24.445 20246 14157 E AuthPII : 	at dsdl.a(:com.google.android.gms@254730022@25.47.30 (150400-833691957):10)
11-29 18:55:24.445 20246 14157 E AuthPII : 	at dscl.a(:com.google.android.gms@254730022@25.47.30 (150400-833691957):3)
11-29 18:55:24.445 20246 14157 E AuthPII : 	at dsbe.c(:com.google.android.gms@254730022@25.47.30 (150400-833691957):9)
11-29 18:55:24.445 20246 14157 E AuthPII : 	at dscb.b(:com.google.android.gms@254730022@25.47.30 (150400-833691957):81)
11-29 18:55:24.445 20246 14157 E AuthPII : 	at dsar.b(:com.google.android.gms@254730022@25.47.30 (150400-833691957):614)
11-29 18:55:24.445 20246 14157 E AuthPII : 	at dsaj.m(:com.google.android.gms@254730022@25.47.30 (150400-833691957):357)
11-29 18:55:24.445 20246 14157 E AuthPII : 	at dsaj.k(:com.google.android.gms@254730022@25.47.30 (150400-833691957):159)
11-29 18:55:24.445 20246 14157 E AuthPII : 	at dsaj.n(:com.google.android.gms@254730022@25.47.30 (150400-833691957):50)
11-29 18:55:24.445 20246 14157 E AuthPII : 	at dsaj.d(:com.google.android.gms@254730022@25.47.30 (150400-833691957):1452)
11-29 18:55:24.445 20246 14157 E AuthPII : 	at dsac.jL(:com.google.android.gms@254730022@25.47.30 (150400-833691957):9)
11-29 18:55:24.445 20246 14157 E AuthPII : 	at fnxf.run(:com.google.android.gms@254730022@25.47.30 (150400-833691957):29)
11-29 18:55:24.445 20246 14157 E AuthPII : 	at baqh.c(:com.google.android.gms@254730022@25.47.30 (150400-833691957):50)
11-29 18:55:24.445 20246 14157 E AuthPII : 	at baqh.run(:com.google.android.gms@254730022@25.47.30 (150400-833691957):92)
11-29 18:55:24.445 20246 14157 E AuthPII : 	at java.util.concurrent.ThreadPoolExecutor.runWorker(ThreadPoolExecutor.java:1167)
11-29 18:55:24.445 20246 14157 E AuthPII : 	at java.util.concurrent.ThreadPoolExecutor$Worker.run(ThreadPoolExecutor.java:641)
11-29 18:55:24.445 20246 14157 E AuthPII : 	at bavy.run(:com.google.android.gms@254730022@25.47.30 (150400-833691957):8)
11-29 18:55:24.445 20246 14157 E AuthPII : 	at java.lang.Thread.run(Thread.java:923)
11-29 18:55:24.474 20246 14157 I Auth    : (REDACTED) [GetToken] GetToken failed for app=%s with userRecoverable status: %s 
11-29 18:55:24.476 20246 14157 W Auth    : [ChimeraGetToken] exception while trying to fetch auth tokens for app=com.google.android.gms, scope=oauth2:https://www.googleapis.com/auth/webhistory [CONTEXT service_id=153 ]
11-29 18:55:24.476 20246 14157 W Auth    : acvq: GetToken failed with status code and recovery intent: BadAuthentication
11-29 18:55:24.476 20246 14157 W Auth    : 	at acvv.b(:com.google.android.gms@254730022@25.47.30 (150400-833691957):341)
11-29 18:55:24.476 20246 14157 W Auth    : 	at wrr.d(:com.google.android.gms@254730022@25.47.30 (150400-833691957):656)
11-29 18:55:24.476 20246 14157 W Auth    : 	at abzg.a(:com.google.android.gms@254730022@25.47.30 (150400-833691957):33)
11-29 18:55:24.476 20246 14157 W Auth    : 	at abzm.m(:com.google.android.gms@254730022@25.47.30 (150400-833691957):34)
11-29 18:55:24.476 20246 14157 W Auth    : 	at abzm.o(:com.google.android.gms@254730022@25.47.30 (150400-833691957):64)
11-29 18:55:24.476 20246 14157 W Auth    : 	at abzm.h(:com.google.android.gms@254730022@25.47.30 (150400-833691957):4)
11-29 18:55:24.476 20246 14157 W Auth    : 	at acob.d(:com.google.android.gms@254730022@25.47.30 (150400-833691957):42)
11-29 18:55:24.476 20246 14157 W Auth    : 	at acob.b(:com.google.android.gms@254730022@25.47.30 (150400-833691957):6)
11-29 18:55:24.476 20246 14157 W Auth    : 	at dsdu.a(:com.google.android.gms@254730022@25.47.30 (150400-833691957):26)
11-29 18:55:24.476 20246 14157 W Auth    : 	at dsdd.a(:com.google.android.gms@254730022@25.47.30 (150400-833691957):59)
11-29 18:55:24.476 20246 14157 W Auth    : 	at fnuy.d(:com.google.android.gms@254730022@25.47.30 (150400-833691957):3)
11-29 18:55:24.476 20246 14157 W Auth    : 	at fnva.run(:com.google.android.gms@254730022@25.47.30 (150400-833691957):38)
11-29 18:55:24.476 20246 14157 W Auth    : 	at fnwm.execute(:com.google.android.gms@254730022@25.47.30 (150400-833691957):1)
11-29 18:55:24.476 20246 14157 W Auth    : 	at fnxu.hv(:com.google.android.gms@254730022@25.47.30 (150400-833691957):6)
11-29 18:55:24.476 20246 14157 W Auth    : 	at fnxa.hv(:com.google.android.gms@254730022@25.47.30 (150400-833691957):3)
11-29 18:55:24.476 20246 14157 W Auth    : 	at fnva.g(:com.google.android.gms@254730022@25.47.30 (150400-833691957):10)
11-29 18:55:24.476 20246 14157 W Auth    : 	at dsdc.a(:com.google.android.gms@254730022@25.47.30 (150400-833691957):20)
11-29 18:55:24.476 20246 14157 W Auth    : 	at fnwt.a(:com.google.android.gms@254730022@25.47.30 (150400-833691957):20)
11-29 18:55:24.476 20246 14157 W Auth    : 	at fnyx.a(:com.google.android.gms@254730022@25.47.30 (150400-833691957):3)
11-29 18:55:24.476 20246 14157 W Auth    : 	at fnxy.run(:com.google.android.gms@254730022@25.47.30 (150400-833691957):19)
11-29 18:55:24.476 20246 14157 W Auth    : 	at fnyz.run(:com.google.android.gms@254730022@25.47.30 (150400-833691957):5)
11-29 18:55:24.476 20246 14157 W Auth    : 	at fnwv.run(:com.google.android.gms@254730022@25.47.30 (150400-833691957):53)
11-29 18:55:24.476 20246 14157 W Auth    : 	at fnwm.execute(:com.google.android.gms@254730022@25.47.30 (150400-833691957):1)
11-29 18:55:24.476 20246 14157 W Auth    : 	at fnwv.execute(:com.google.android.gms@254730022@25.47.30 (150400-833691957):76)
11-29 18:55:24.476 20246 14157 W Auth    : 	at fnun.f(:com.google.android.gms@254730022@25.47.30 (150400-833691957):1)
11-29 18:55:24.476 20246 14157 W Auth    : 	at fnun.hv(:com.google.android.gms@254730022@25.47.30 (150400-833691957):41)
11-29 18:55:24.476 20246 14157 W Auth    : 	at fnwx.b(:com.google.android.gms@254730022@25.47.30 (150400-833691957):33)
11-29 18:55:24.476 20246 14157 W Auth    : 	at dsdl.a(:com.google.android.gms@254730022@25.47.30 (150400-833691957):10)
11-29 18:55:24.476 20246 14157 W Auth    : 	at dscl.a(:com.google.android.gms@254730022@25.47.30 (150400-833691957):3)
11-29 18:55:24.476 20246 14157 W Auth    : 	at dsbe.c(:com.google.android.gms@254730022@25.47.30 (150400-833691957):9)
11-29 18:55:24.476 20246 14157 W Auth    : 	at dscb.b(:com.google.android.gms@254730022@25.47.30 (150400-833691957):81)
11-29 18:55:24.476 20246 14157 W Auth    : 	at dsar.b(:com.google.android.gms@254730022@25.47.30 (150400-833691957):614)
11-29 18:55:24.476 20246 14157 W Auth    : 	at dsaj.m(:com.google.android.gms@254730022@25.47.30 (150400-833691957):357)
11-29 18:55:24.476 20246 14157 W Auth    : 	at dsaj.k(:com.google.android.gms@254730022@25.47.30 (150400-833691957):159)
11-29 18:55:24.476 20246 14157 W Auth    : 	at dsaj.n(:com.google.android.gms@254730022@25.47.30 (150400-833691957):50)
11-29 18:55:24.476 20246 14157 W Auth    : 	at dsaj.d(:com.google.android.gms@254730022@25.47.30 (150400-833691957):1452)
11-29 18:55:24.476 20246 14157 W Auth    : 	at dsac.jL(:com.google.android.gms@254730022@25.47.30 (150400-833691957):9)
11-29 18:55:24.476 20246 14157 W Auth    : 	at fnxf.run(:com.google.android.gms@254730022@25.47.30 (150400-833691957):29)
11-29 18:55:24.476 20246 14157 W Auth    : 	at baqh.c(:com.google.android.gms@254730022@25.47.30 (150400-833691957):50)
11-29 18:55:24.476 20246 14157 W Auth    : 	at baqh.run(:com.google.android.gms@254730022@25.47.30 (150400-833691957):92)
11-29 18:55:24.476 20246 14157 W Auth    : 	at java.util.concurrent.ThreadPoolExecutor.runWorker(ThreadPoolExecutor.java:1167)
11-29 18:55:24.476 20246 14157 W Auth    : 	at java.util.concurrent.ThreadPoolExecutor$Worker.run(ThreadPoolExecutor.java:641)
11-29 18:55:24.476 20246 14157 W Auth    : 	at bavy.run(:com.google.android.gms@254730022@25.47.30 (150400-833691957):8)
11-29 18:55:24.476 20246 14157 W Auth    : 	at java.lang.Thread.run(Thread.java:923)
11-29 18:55:24.477 20246 14157 W Auth    : [GoogleAuthUtil] [GoogleAuthUtil] error status:BAD_AUTHENTICATION with method:getTokenWithDetails
11-29 18:55:24.478 20246 14157 W SemanticLocation: [GellerSyncMgr] getToken fails - recoverable auth exception [CONTEXT service_id=173 ]
11-29 18:55:24.478 20246 14157 W SemanticLocation: com.google.android.gms.auth.UserRecoverableAuthException: BadAuthentication
11-29 18:55:24.478 20246 14157 W SemanticLocation: 	at abzm.l(:com.google.android.gms@254730022@25.47.30 (150400-833691957):38)
11-29 18:55:24.478 20246 14157 W SemanticLocation: 	at abzg.a(:com.google.android.gms@254730022@25.47.30 (150400-833691957):122)
11-29 18:55:24.478 20246 14157 W SemanticLocation: 	at abzm.m(:com.google.android.gms@254730022@25.47.30 (150400-833691957):34)
11-29 18:55:24.478 20246 14157 W SemanticLocation: 	at abzm.o(:com.google.android.gms@254730022@25.47.30 (150400-833691957):64)
11-29 18:55:24.478 20246 14157 W SemanticLocation: 	at abzm.h(:com.google.android.gms@254730022@25.47.30 (150400-833691957):4)
11-29 18:55:24.478 20246 14157 W SemanticLocation: 	at acob.d(:com.google.android.gms@254730022@25.47.30 (150400-833691957):42)
11-29 18:55:24.478 20246 14157 W SemanticLocation: 	at acob.b(:com.google.android.gms@254730022@25.47.30 (150400-833691957):6)
11-29 18:55:24.478 20246 14157 W SemanticLocation: 	at dsdu.a(:com.google.android.gms@254730022@25.47.30 (150400-833691957):26)
11-29 18:55:24.478 20246 14157 W SemanticLocation: 	at dsdd.a(:com.google.android.gms@254730022@25.47.30 (150400-833691957):59)
11-29 18:55:24.478 20246 14157 W SemanticLocation: 	at fnuy.d(:com.google.android.gms@254730022@25.47.30 (150400-833691957):3)
11-29 18:55:24.478 20246 14157 W SemanticLocation: 	at fnva.run(:com.google.android.gms@254730022@25.47.30 (150400-833691957):38)
11-29 18:55:24.478 20246 14157 W SemanticLocation: 	at fnwm.execute(:com.google.android.gms@254730022@25.47.30 (150400-833691957):1)
11-29 18:55:24.478 20246 14157 W SemanticLocation: 	at fnxu.hv(:com.google.android.gms@254730022@25.47.30 (150400-833691957):6)
11-29 18:55:24.478 20246 14157 W SemanticLocation: 	at fnxa.hv(:com.google.android.gms@254730022@25.47.30 (150400-833691957):3)
11-29 18:55:24.478 20246 14157 W SemanticLocation: 	at fnva.g(:com.google.android.gms@254730022@25.47.30 (150400-833691957):10)
11-29 18:55:24.478 20246 14157 W SemanticLocation: 	at dsdc.a(:com.google.android.gms@254730022@25.47.30 (150400-833691957):20)
11-29 18:55:24.478 20246 14157 W SemanticLocation: 	at fnwt.a(:com.google.android.gms@254730022@25.47.30 (150400-833691957):20)
11-29 18:55:24.478 20246 14157 W SemanticLocation: 	at fnyx.a(:com.google.android.gms@254730022@25.47.30 (150400-833691957):3)
11-29 18:55:24.478 20246 14157 W SemanticLocation: 	at fnxy.run(:com.google.android.gms@254730022@25.47.30 (150400-833691957):19)
11-29 18:55:24.478 20246 14157 W SemanticLocation: 	at fnyz.run(:com.google.android.gms@254730022@25.47.30 (150400-833691957):5)
11-29 18:55:24.478 20246 14157 W SemanticLocation: 	at fnwv.run(:com.google.android.gms@254730022@25.47.30 (150400-833691957):53)
11-29 18:55:24.478 20246 14157 W SemanticLocation: 	at fnwm.execute(:com.google.android.gms@254730022@25.47.30 (150400-833691957):1)
11-29 18:55:24.478 20246 14157 W SemanticLocation: 	at fnwv.execute(:com.google.android.gms@254730022@25.47.30 (150400-833691957):76)
11-29 18:55:24.478 20246 14157 W SemanticLocation: 	at fnun.f(:com.google.android.gms@254730022@25.47.30 (150400-833691957):1)
11-29 18:55:24.478 20246 14157 W SemanticLocation: 	at fnun.hv(:com.google.android.gms@254730022@25.47.30 (150400-833691957):41)
11-29 18:55:24.478 20246 14157 W SemanticLocation: 	at fnwx.b(:com.google.android.gms@254730022@25.47.30 (150400-833691957):33)
11-29 18:55:24.478 20246 14157 W SemanticLocation: 	at dsdl.a(:com.google.android.gms@254730022@25.47.30 (150400-833691957):10)
11-29 18:55:24.478 20246 14157 W SemanticLocation: 	at dscl.a(:com.google.android.gms@254730022@25.47.30 (150400-833691957):3)
11-29 18:55:24.478 20246 14157 W SemanticLocation: 	at dsbe.c(:com.google.android.gms@254730022@25.47.30 (150400-833691957):9)
11-29 18:55:24.478 20246 14157 W SemanticLocation: 	at dscb.b(:com.google.android.gms@254730022@25.47.30 (150400-833691957):81)
11-29 18:55:24.478 20246 14157 W SemanticLocation: 	at dsar.b(:com.google.android.gms@254730022@25.47.30 (150400-833691957):614)
11-29 18:55:24.478 20246 14157 W SemanticLocation: 	at dsaj.m(:com.google.android.gms@254730022@25.47.30 (150400-833691957):357)
11-29 18:55:24.478 20246 14157 W SemanticLocation: 	at dsaj.k(:com.google.android.gms@254730022@25.47.30 (150400-833691957):159)
11-29 18:55:24.478 20246 14157 W SemanticLocation: 	at dsaj.n(:com.google.android.gms@254730022@25.47.30 (150400-833691957):50)
11-29 18:55:24.478 20246 14157 W SemanticLocation: 	at dsaj.d(:com.google.android.gms@254730022@25.47.30 (150400-833691957):1452)
11-29 18:55:24.478 20246 14157 W SemanticLocation: 	at dsac.jL(:com.google.android.gms@254730022@25.47.30 (150400-833691957):9)
11-29 18:55:24.478 20246 14157 W SemanticLocation: 	at fnxf.run(:com.google.android.gms@254730022@25.47.30 (150400-833691957):29)
11-29 18:55:24.478 20246 14157 W SemanticLocation: 	at baqh.c(:com.google.android.gms@254730022@25.47.30 (150400-833691957):50)
11-29 18:55:24.478 20246 14157 W SemanticLocation: 	at baqh.run(:com.google.android.gms@254730022@25.47.30 (150400-833691957):92)
11-29 18:55:24.478 20246 14157 W SemanticLocation: 	at java.util.concurrent.ThreadPoolExecutor.runWorker(ThreadPoolExecutor.java:1167)
11-29 18:55:24.478 20246 14157 W SemanticLocation: 	at java.util.concurrent.ThreadPoolExecutor$Worker.run(ThreadPoolExecutor.java:641)
11-29 18:55:24.478 20246 14157 W SemanticLocation: 	at bavy.run(:com.google.android.gms@254730022@25.47.30 (150400-833691957):8)
11-29 18:55:24.478 20246 14157 W SemanticLocation: 	at java.lang.Thread.run(Thread.java:923)
11-29 18:55:24.565 20246 14157 I TFLite-in-PlayServices: Created interpreter.
11-29 18:55:24.346  1203  2838 D os.LocationLice: wz1 wz=Location[fused -6.976589,106.909496 hAcc=100 et=+1d10h28m57s786ms alt=471.9000244140625 vAcc=100 sAcc=??? bAcc=??? {Bundle[EMPTY_PARCEL]}], this=com.transsion.server.location.LocationLice@272e63b
11-29 18:55:24.580  1203  1203 I MWN     : onSignalStrengthsChanged...
11-29 18:55:24.581  1203  1203 I MWN     : network type = 0
11-29 18:55:24.583  1203  1203 I MWN     : mobile type = 13
11-29 18:55:24.583  1203  1203 I MWN     : Write 0 to node. type=4G mSimExist=true mFlightMode=false
11-29 18:55:24.584  1413  1535 D MobileSignalController: roaming = false , isCdma = false
11-29 18:55:24.584  1203  1203 I MWN     : write the value:0 to node successfully.
11-29 18:55:24.585  1691  1691 I OtherSimPSListener: mOthersign:3subid :1
11-29 18:55:24.588  1413  1535 I NetworkController.MobileSignalController(1): isImsOverWfc = false , mDisableWfc = false , mHideWfcInCsCall = false , isImsOverVoice = true , isLteNetWork = true
11-29 18:55:24.589  1413  1535 D MobileSignalController: show->trueVolteIcon->2131233145:!isImsOverWfc:->true::airplaneMode:->false:::mCurrentState.volteIcon:2131233145
11-29 18:55:24.589  1413  1413 D StatusBarSignalPolicy: state.show = truestate.mMobileVolteId = 2131233145 subId = 1
11-29 18:55:24.599 20246 14157 I TFLite-in-PlayServices: Created interpreter.
11-29 18:55:24.616 20246 14157 I SemanticLocation: (REDACTED) [Inferrer] %s%s
11-29 18:55:24.809  1203  1338 W SoftApManager: DIFF 145486489
11-29 18:55:24.810  1203  1338 W SoftApManager: datalimit kick 145486489
11-29 18:55:25.119   979   996 I VoLTE SOC: recv() failed, idx:105054211 (0xe87837c0), fd:17,  EAGAIN:11, errno:104, msg:Connection reset by peer (module/volte//volte_stack/src/soc/soc_api.c:970)
11-29 18:55:25.119   979   996 I VoLTE SIPTX: siptx_soc_disconnect_by_peer, sock_idx:105054211 (0xe87837c0) (module/volte//volte_stack/src/sip/sip_transport.c:2099)
11-29 18:55:25.119   979   996 I VoLTE SIPTX: conn->soc_client_idx = 105054211, conn->soc_server_idx = 83427411 (module/volte//volte_stack/src/sip/sip_transport.c:2114)
11-29 18:55:25.119   979   996 I VoLTE SIPTX: clear the conn->soc_client_idx to 0, conn : 0xe76c6130, conn_id = 393219 (module/volte//volte_stack/src/sip/sip_transport.c:2116)
11-29 18:55:25.119   979   996 I VoLTE SIPTX: conn : 0xe76c6130, conn_id = 393219, conn->ipsec:0xe7708800 (module/volte//volte_stack/src/sip/sip_transport.c:2121)
11-29 18:55:25.119   979   996 I VoLTE SIPTX: conn : 0xe76c6130, conn_id = 393219, channel:0xe7708c28, ch->state:2 (module/volte//volte_stack/src/sip/sip_transport.c:2125)
11-29 18:55:25.120   979   996 I VoLTE SIPTX: channel:0xe7708c28, channel->soc_client_idx:83558485, channel->soc_server_idx:83689559 (module/volte//volte_stack/src/sip/sip_transport.c:2127)
11-29 18:55:25.120   979   996 I VoLTE TRANS: sip_ts_handler => SIP_TS_SOC_DISCONNECT, request_id = 128, ts_id = 255, found_ts = 0, run_ts_fsm = 0 (module/volte//volte_stack/src/sip/sip_transaction.c:2479)
11-29 18:55:25.120   979   996 I VoLTE SIPTX: enter siptx_recv_data_tcp (sock_idx:105054211); new tcp_buffer; sizeof(tcp_buffer->buffer) : 65535[0xe8d4a040], tcp_buffer->offset : 0, tcp_buffer->body_offset :0, tcp_buffer->body_length :0; ret : -15;  (module/volte//volte_stack/src/sip/sip_transport.c:4484)
11-29 18:55:25.120   979   996 I VoLTE SIPTX: reset type: 1 (module/volte//volte_stack/src/sip/sip_transport.c:4689)
11-29 18:55:25.121   979   996 I VoLTE SIPTX: conn(393219) start TCP connect (module/volte//volte_stack/src/sip/sip_transport.c:1773)
11-29 18:55:25.168   979   996 I VoLTE SIPTX: conn(393219) complete TCP connect - result: Success (type: 3040) (module/volte//volte_stack/src/sip/sip_transport.c:4876)
11-29 18:55:25.169   979   996 I VoLTE SIPTX: siptx_reset_tcp_client,  client connect, conn_id = 393219, soc_idx = 105119747/105119747 is connected(set_ondemand) (module/volte//volte_stack/src/sip/sip_transport.c:4962)
11-29 18:55:25.169   979   996 I VoLTE SIPTX: conn(393219) send backup TCP message done (module/volte//volte_stack/src/sip/sip_transport.c:5010)
11-29 18:55:25.391 20246 20246 D BoundBrokerSvc: onRebind: Intent { act=com.google.android.gms.libs.gmscorelogger.service.START dat=chimera-action: cmp=com.google.android.gms/.chimera.PersistentDirectBootAwareApiService }
11-29 18:55:25.815  1203  1338 W SoftApManager: DIFF 145486489
11-29 18:55:25.816  1203  1338 W SoftApManager: datalimit kick 145486489
11-29 18:55:26.015  1413  1535 D MobileSignalController: roaming = false , isCdma = false
11-29 18:55:26.016  1691  1691 I TranPhoneSwitcher: mDefaultsign:4subid :6
11-29 18:55:26.017  1413  1535 I NetworkController.MobileSignalController(6): isImsOverWfc = false , mDisableWfc = false , mHideWfcInCsCall = false , isImsOverVoice = false , isLteNetWork = true
11-29 18:55:26.017  1413  1535 D MobileSignalController: show->falseVolteIcon->0:!isImsOverWfc:->true::airplaneMode:->false:::mCurrentState.volteIcon:0
11-29 18:55:26.018  1413  1413 D StatusBarSignalPolicy: state.show = falsestate.mMobileVolteId = 0 subId = 6
11-29 18:55:26.292   614  1975 I BufferQueueProducer: [StatusBar#0](this:0xb40000708eb47f58,id:7,api:1,p:1413,c:614) queueBuffer: fps=1.04 dur=1925.66 max=1684.06 min=241.60
11-29 18:55:26.305   588   720 I hwcomposer: [HWCDisplay] [Display_0 (type:1)] fps:1.041716,dur:1919.91,max:1681.90,min:238.01  
11-29 18:55:26.456 19680 19680 W PerfettoTrace: type=1400 audit(0.0:179224): avc: denied { write } for name="traced_producer" dev="tmpfs" ino=10766 scontext=u:r:gmscore_app:s0:c512,c768 tcontext=u:object_r:traced_producer_socket:s0 tclass=sock_file permissive=0 app=com.google.android.gms
11-29 18:55:26.467   825   943 D ULogGuard: Monitoring: 16 threads, 0 requests, 0 time-bombs; 1 guards. ResetFlags = 0x7
11-29 18:55:26.781 12193 12260 E fb4a.ConnectionTester: timeout
11-29 18:55:26.785 12193 12260 I System.out: [okhttp]:check permission begin!
11-29 18:55:26.785 12193 12260 I System.out: [okhttp]:not MMS!
11-29 18:55:26.785 12193 12260 I System.out: [okhttp]:not Email!
11-29 18:55:26.786 12193 12260 I System.out: [socket]:check permission begin!
11-29 18:55:26.820  1203  1338 W SoftApManager: DIFF 145486489
11-29 18:55:26.820  1203  1338 W SoftApManager: datalimit kick 145486489
11-29 18:55:27.044  1413  1413 D StackScroller: setMaxTopPadding() maxTopPadding:1252 StackScrollAlpha:1.0
11-29 18:55:27.044  1413  1413 D StackScroller: setMaxTopPadding() maxTopPadding:1252 StackScrollAlpha:1.0
11-29 18:55:27.045  1413  1413 D PanelView: getHeaderTranslation() translation:-656.46576
11-29 18:55:27.045  1413  1413 D PanelView: updateExpandedHeight() expandedHeight:0.0
11-29 18:55:27.045  1413  1413 D PanelView: getHeaderTranslation() translation:-656.46576
11-29 18:55:27.046  1413  1413 D TAG     : updateClearButton: cccc
11-29 18:55:27.143  1203  1203 I MWN     : onSignalStrengthsChanged...
11-29 18:55:27.144  1203  1203 I MWN     : network type = 0
11-29 18:55:27.145  1691  1691 I OtherSimPSListener: mOthersign:3subid :1
11-29 18:55:27.147  1203  1203 I MWN     : mobile type = 13
11-29 18:55:27.148  1203  1203 I MWN     : Write 0 to node. type=4G mSimExist=true mFlightMode=false
11-29 18:55:27.149  1413  1535 D MobileSignalController: roaming = false , isCdma = false
11-29 18:55:27.149  1203  1203 I MWN     : write the value:0 to node successfully.
11-29 18:55:27.150  1413  1535 I NetworkController.MobileSignalController(1): isImsOverWfc = false , mDisableWfc = false , mHideWfcInCsCall = false , isImsOverVoice = true , isLteNetWork = true
11-29 18:55:27.151  1413  1535 D MobileSignalController: show->trueVolteIcon->2131233145:!isImsOverWfc:->true::airplaneMode:->false:::mCurrentState.volteIcon:2131233145
11-29 18:55:27.151  1413  1413 D StatusBarSignalPolicy: state.show = truestate.mMobileVolteId = 2131233145 subId = 1
11-29 18:55:27.216   830   830 I thermal_repeater: [recvMdThermalInfo] ret=27, strLen=127,  3, 50, 5, -28405, 32767, 0
11-29 18:55:27.226   619   619 W ccci_fsd(1): O: X://NA77_006, flag 0x700, ret 1
11-29 18:55:27.232   619   619 W ccci_fsd(1): O: X://NA77_006, flag 0x10400, ret 1
11-29 18:55:27.233 12193 12260 I System.out: [OkHttp] sendRequest>>
11-29 18:55:27.234 12193 12260 I System.out: [OkHttp] sendRequest<<
11-29 18:55:27.245   619   619 W ccci_fsd(1): O: Y://NA77_006, flag 0x10400, ret 1
11-29 18:55:27.253   619   619 W ccci_fsd(1): O: X://NA77_006, flag 0x21010400, ret 1
11-29 18:55:27.262   619   619 W ccci_fsd(1): O: Y://NA77_006, flag 0x21010400, ret 1
11-29 18:55:27.270   619   619 W ccci_fsd(1): O: X://NA77_006, flag 0x700, ret 1
11-29 18:55:27.272   619   619 W ccci_fsd(1): O: X://NA77_006, flag 0x10400, ret 1
11-29 18:55:27.276   619   619 W ccci_fsd(1): O: Y://NA77_006, flag 0x10400, ret 1
11-29 18:55:27.281   619   619 W ccci_fsd(1): O: X://NA77_006, flag 0x21010400, ret 1
11-29 18:55:27.289   619   619 W ccci_fsd(1): O: Y://NA77_006, flag 0x21010400, ret 1
11-29 18:55:27.473   619   619 W ccci_fsd(1): O: X://NA77_006, flag 0x700, ret 1
11-29 18:55:27.477   619   619 W ccci_fsd(1): O: X://NA77_006, flag 0x10400, ret 1
11-29 18:55:27.482   619   619 W ccci_fsd(1): O: Y://NA77_006, flag 0x10400, ret 1
11-29 18:55:27.488   619   619 W ccci_fsd(1): O: X://NA77_006, flag 0x21010400, ret 1
11-29 18:55:27.495   619   619 W ccci_fsd(1): O: Y://NA77_006, flag 0x21010400, ret 1
11-29 18:55:27.503   619   619 W ccci_fsd(1): O: X://NA77_006, flag 0x700, ret 1
11-29 18:55:27.505   619   619 W ccci_fsd(1): O: X://NA77_006, flag 0x10400, ret 1
11-29 18:55:27.511   619   619 W ccci_fsd(1): O: Y://NA77_006, flag 0x10400, ret 1
11-29 18:55:27.517   619   619 W ccci_fsd(1): O: X://NA77_006, flag 0x21010400, ret 1
11-29 18:55:27.533   619   619 W ccci_fsd(1): O: Y://NA77_006, flag 0x21010400, ret 1
11-29 18:55:27.645  6223  6224 I simo_trace: function:silver_socket_init	line:1659	
11-29 18:55:27.653  6223  6224 I simo_trace: function:val_is_used_unix_name	line:1789	silver SDKvercode:30
11-29 18:55:27.698  6223  6224 I simo_trace: function:val_is_used_unix_name	line:1789	silver SDKvercode:30
11-29 18:55:27.703  6223  6224 I simo_trace: function:_map_ret_err_code	line:107	err = Connection refused
11-29 18:55:27.707  1413  1535 D MobileSignalController: roaming = false , isCdma = false
11-29 18:55:27.708  1691  1691 I TranPhoneSwitcher: mDefaultsign:4subid :6
11-29 18:55:27.708  1413  1535 I NetworkController.MobileSignalController(6): isImsOverWfc = false , mDisableWfc = false , mHideWfcInCsCall = false , isImsOverVoice = false , isLteNetWork = true
11-29 18:55:27.709  1413  1535 D MobileSignalController: show->falseVolteIcon->0:!isImsOverWfc:->true::airplaneMode:->false:::mCurrentState.volteIcon:0
11-29 18:55:27.709  1413  1413 D StatusBarSignalPolicy: state.show = falsestate.mMobileVolteId = 0 subId = 6
11-29 18:55:27.825  1203  1338 W SoftApManager: DIFF 145486489
11-29 18:55:27.826  1203  1338 W SoftApManager: datalimit kick 145486489
11-29 18:55:28.059  1413  1413 D StackScroller: setMaxTopPadding() maxTopPadding:1252 StackScrollAlpha:1.0
11-29 18:55:28.059  1413  1413 D StackScroller: setMaxTopPadding() maxTopPadding:1252 StackScrollAlpha:1.0
11-29 18:55:28.060  1413  1413 D PanelView: getHeaderTranslation() translation:-656.46576
11-29 18:55:28.060  1413  1413 D PanelView: updateExpandedHeight() expandedHeight:0.0
11-29 18:55:28.060  1413  1413 D PanelView: getHeaderTranslation() translation:-656.46576
11-29 18:55:28.060   614  1975 I BufferQueueProducer: [StatusBar#0](this:0xb40000708eb47f58,id:7,api:1,p:1413,c:614) queueBuffer: fps=1.13 dur=1768.46 max=1014.57 min=753.88
11-29 18:55:28.061  1413  1413 D TAG     : updateClearButton: cccc
11-29 18:55:28.073   588   720 I hwcomposer: [HWCDisplay] [Display_0 (type:1)] fps:1.131177,dur:1768.07,max:1011.38,min:756.69  
11-29 18:55:28.830  1203  1338 W SoftApManager: DIFF 145486577
11-29 18:55:28.831  1203  1338 W SoftApManager: datalimit kick 145486577
11-29 18:55:29.355  1413  1535 D OsPrivacyNotifyManager: onActiveStateChanged ENABLE true code != OP_RECORD_AUDIO true
11-29 18:55:29.373  1413  1413 D StackScroller: setMaxTopPadding() maxTopPadding:1252 StackScrollAlpha:1.0
11-29 18:55:29.373  1413  1413 D PanelView: getHeaderTranslation() translation:-656.46576
11-29 18:55:29.374  1413  1413 D PanelView: updateExpandedHeight() expandedHeight:0.0
11-29 18:55:29.374  1413  1413 D PanelView: getHeaderTranslation() translation:-656.46576
11-29 18:55:29.375  1413  1413 D TAG     : updateClearButton: cccc
11-29 18:55:29.381   614  1975 I BufferQueueProducer: [StatusBar#0](this:0xb40000708eb47f58,id:7,api:1,p:1413,c:614) queueBuffer: fps=0.76 dur=1321.10 max=1321.10 min=1321.10
11-29 18:55:29.391   588   720 I hwcomposer: [HWCDisplay] [Display_0 (type:1)] fps:0.758733,dur:1317.99,max:1317.99,min:1317.99  
11-29 18:55:29.470   825   943 D ULogGuard: Monitoring: 16 threads, 0 requests, 0 time-bombs; 1 guards. ResetFlags = 0x7
11-29 18:55:29.507   590   590 D IMGMemtrackHAL: hal_get_memory: memtrack cache rebuild was required
11-29 18:55:29.780 12193 12260 I System.out: [okhttp]:check permission begin!
11-29 18:55:29.780 12193 12260 I System.out: [okhttp]:not MMS!
11-29 18:55:29.780 12193 12260 I System.out: [okhttp]:not Email!
11-29 18:55:29.782 12193 12260 I System.out: [socket]:check permission begin!
11-29 18:55:29.834  1203  1338 W SoftApManager: DIFF 145486652
11-29 18:55:29.835  1203  1338 W SoftApManager: datalimit kick 145486652
11-29 18:55:29.881 12193 12260 I System.out: [OkHttp] sendRequest>>
11-29 18:55:29.881 12193 12260 I System.out: [OkHttp] sendRequest<<
11-29 18:55:29.955 12193 12260 I System.out: [socket]:check permission begin!
11-29 18:55:30.427  1413  1535 D MobileSignalController: roaming = false , isCdma = false
11-29 18:55:30.428  1691  1691 I TranPhoneSwitcher: mDefaultsign:4subid :6
11-29 18:55:30.430  1413  1535 I NetworkController.MobileSignalController(6): isImsOverWfc = false , mDisableWfc = false , mHideWfcInCsCall = false , isImsOverVoice = false , isLteNetWork = true
11-29 18:55:30.430  1413  1535 D MobileSignalController: show->falseVolteIcon->0:!isImsOverWfc:->true::airplaneMode:->false:::mCurrentState.volteIcon:0
11-29 18:55:30.431  1413  1413 D StatusBarSignalPolicy: state.show = falsestate.mMobileVolteId = 0 subId = 6
11-29 18:55:30.499 12193 12260 I System.out: [okhttp]:check permission begin!
11-29 18:55:30.500 12193 12260 I System.out: [okhttp]:not MMS!
11-29 18:55:30.500 12193 12260 I System.out: [okhttp]:not Email!
11-29 18:55:30.502 12193 12260 I System.out: [socket]:check permission begin!
11-29 18:55:30.839  1203  1338 W SoftApManager: DIFF 145486652
11-29 18:55:30.839  1203  1338 W SoftApManager: datalimit kick 145486652
11-29 18:55:31.282 12193 12260 I System.out: [OkHttp] sendRequest>>
11-29 18:55:31.282 12193 12260 I System.out: [OkHttp] sendRequest<<
11-29 18:55:31.300   614  1966 I BufferQueueProducer: [StatusBar#0](this:0xb40000708eb47f58,id:7,api:1,p:1413,c:614) queueBuffer: fps=0.52 dur=1918.37 max=1918.37 min=1918.37
11-29 18:55:31.309   588   720 I hwcomposer: [HWCDisplay] [Display_0 (type:1)] fps:0.521538,dur:1917.40,max:1917.40,min:1917.40  
11-29 18:55:31.844  1203  1338 W SoftApManager: DIFF 145486652
11-29 18:55:31.844  1203  1338 W SoftApManager: datalimit kick 145486652
