11-29 18:56:22.338   825 15923 I mtkcam-SensorSettingPolicy: [determineAlternativeMode] alt sensor mode: CUSTOM1 -> CUSTOM1
11-29 18:56:22.338   825 15923 I mtkcam-SensorSettingPolicy: [determineAlternativeMode] alt sensor mode: SLIM_VIDEO2 -> SLIM_VIDEO2
11-29 18:56:22.338   825 15923 I mtkcam-SensorSettingPolicy: [determineAlternativeMode] alt sensor mode: SLIM_VIDEO1 -> SLIM_VIDEO1
11-29 18:56:22.338   825 15923 I mtkcam-SensorSettingPolicy: [determineAlternativeMode] alt sensor mode: CAPTURE -> CAPTURE
11-29 18:56:22.338   825 15923 I mtkcam-SensorSettingPolicy: [determineAlternativeMode] alt sensor mode: VIDEO -> VIDEO
11-29 18:56:22.338   825 15923 I mtkcam-SensorSettingPolicy: [determineAlternativeMode] alt sensor mode: PREVIEW -> PREVIEW
11-29 18:56:22.338   825 15923 W mtkcam-SensorSettingPolicy: [check4CellSensor] tryGetMetadata is4Cell is NULL
11-29 18:56:22.338   825 15923 I mtkcam-SensorSettingPolicy: [determineScenDefault] skip video related mode since it didn't have full capbility
11-29 18:56:22.338   825 15923 I mtkcam-SensorSettingPolicy: select size(4208x3120)@30  sensorMode:1 hdrSensorMode:0 hdrHalMode:0, hfpsMode:0
11-29 18:56:22.338   825 15923 W mtkcam-P1HwSettingPolicy: [evaluateDeviceRawBitDepth] By default bitdepth:10
11-29 18:56:22.341   825 15923 E NormalPipe: [query] unsupport cmd(0x4000)
11-29 18:56:22.341   825 15923 E NormalPipe:  (query){#670:vendor/mediatek/proprietary/hardware/mtkcam/drv/src/isp/mt6765/iopipe/CamIO/NormalPipeModule.cpp}
11-29 18:56:22.341   825 15923 W MtkCam/HwInfoHelper: [quertMaxRrzoWidth] this platform not support ENPipeQueryCmd_MAX_PREVIEW_SIZE, use default value : 2560
11-29 18:56:22.341   825 15923 I mtkcam-P1HwSettingPolicy: [configP1HwSetting] maxYuvStreamSize is too small(960x720)
11-29 18:56:22.341   825 15923 I mtkcam-P1HwSettingPolicy: [configP1HwSetting] maxYuvStreamSize set rrzo to 1280x960
11-29 18:56:22.345   825 15923 I MtkCam/HwInfoHelper: [getImgoFmt] debug.camera.rawunpak = -1,  useUnpakFmt = 0
11-29 18:56:22.345   825 15923 I MtkCam/HwInfoHelper: [getImgoFmt] vendor.debug.camera.afraw = -1, don't use Af Raw
11-29 18:56:22.345   825 15923 I MtkCam/HwInfoHelper: [getImgoFmt] debug.camera.rawunpak = -1,  useUnpakFmt = 0
11-29 18:56:22.345   825 15923 I MtkCam/HwInfoHelper: [getImgoFmt] vendor.debug.camera.afraw = -1, don't use Af Raw
11-29 18:56:22.345   825 15923 I mtkcam-P1HwSettingPolicy: { .imgoAlloc={ format:0x2201 4208x3120 } .imgoDefaultRequest={ format:0x2201 4208x3120 } .rrzoDefaultRequest={ format:0x2205 1296x960 } .rssoSize=288x512 .pixelMode=1 .usingCamSV=0 }
11-29 18:56:22.346   825 15923 I mtkcam-StreamInfoPluginDecider: [decideStreamInfoPlugin_STT] PluginId:P1STT
11-29 18:56:22.349   825 15923 I mtkcam-PipelineModelSessionDefault: [onConfig_Capture] ZSL mode enable = 0
11-29 18:56:22.352   825 15923 E ImgSensorDrv: [sendCommand]Err( 1285):[sendCommand]Command ID = 16413 is undefined (sendCommand){#1285:vendor/mediatek/proprietary/hardware/mtkcam/drv/src/sensor/mt6765/../common/v1/imgsensor_drv.cpp}
11-29 18:56:22.352   825 15923 E MtkCam/HalSensor: [sendCommand] [sendCommand] sendCommand fail! 16413 (sendCommand){#738:vendor/mediatek/proprietary/hardware/mtkcam/drv/src/sensor/mt6765/../common/v1/HalSensor.control.cpp}
11-29 18:56:22.353   825 15923 I BWC     : cam_id=0 sen_fps=30 sen_size=13128960 pd=99840 video=0 vb_ratio=0.000000 vb_time=0.000000 rawi=0 yuv=0 raw_bbp=1.250951 is_smvr=0
11-29 18:56:22.353   825 15923 I BWC     : cam_id=0 table=90000000.000000 ccu=60000000.000000 ccu_r=60000000.000000 capture=492710401.785278 aa=-5120.000000 pd=2995200.000000 video=0.000000 yuv=0.000000 rawi=0.000000 total=705705601.785278
11-29 18:56:22.353   825 15923 I BWC     : cal_cam_bw hrt bw=705
11-29 18:56:22.353   825 15923 E BWC     : MTK_IOC_SMI_BWC_INFO_GET failed.:Inappropriate ioctl for device
11-29 18:56:22.354   825 15923 E BWC     : fail to open mem_bw_ctrl driver file
11-29 18:56:22.354   825 15923 E BWC     : Failed to switch EMI profile, error: -1
11-29 18:56:22.354   825 15923 E BWC     : MTK_IOC_SMI_BWC_INFO_SET failed.:Inappropriate ioctl for device
11-29 18:56:22.354   825 15923 I BWC     : Profile_Change:[BWCPT_CAMERA_CAPTURE]:ON,current concurrency is 0x10,DDR=,EMI scenario=BWL_SCN_ICFP ON
11-29 18:56:22.354   825 15923 I BWC     : MMDVFS SET 1
11-29 18:56:22.354   823   926 E android.hardware.sensors@2.0-service-mediatek: MEMSIC  vir111 gyro algoRstGyro = 0 algoRst = 0
11-29 18:56:22.354   825 15923 E BWC     : MTK_IOC_MMDVFS_CMD failed.:Inappropriate ioctl for device
11-29 18:56:22.352   825   825 W HwBinder:825_D: type=1400 audit(0.0:179235): avc: denied { write } for name="concurrency_scenario" dev="sysfs" ino=8254 scontext=u:r:mtk_hal_camera:s0 tcontext=u:object_r:sysfs:s0 tclass=file permissive=0
11-29 18:56:22.356   823   926 E android.hardware.sensors@2.0-service-mediatek: Error 13, memsic_log open SYS_FS_USB_ONLINE failed
11-29 18:56:22.356   823   926 E android.hardware.sensors@2.0-service-mediatek: MEMSICBEFORE compenstation MEMSIC memsic_log get_battery_current_now  = -195100 current_avg = -195100 current_chg = 0, charge_ret = 2 torch_ret  = -1 x y z -0.635700 0.127900 2.873000 
11-29 18:56:22.358   825 15923 I MtkCam/ppl_context: [PipelineContext] <Default/0> (0xb400007115f45b20)
11-29 18:56:22.363   825 15923 I mtkcam-PipelineContextBuilder: [configContextLocked_P1Node] 0x100000001 4208x3120 ImgFormat:0x2201(BAYER10) BufPlanes(strides/sizeInBytes):[ 5264/16423680 ] startOffset:0 bufStep:0 t:0 maxBufNum:10 minInitBufNum:0 Hal:Image:P1:Fullraw_main1 AllocImgFormat:0x21(BLOB) AllocBufPlanes(strides/sizeInBytes):[ 16423680/16423680 ] Private{exist?0 id:0}
11-29 18:56:22.363   825 15923 W MtkCam/HwInfoHelper: [queryRawTypeSupport] INormalPipeModule::query(ENPipeQueryCmd_IQ_LEVEL) is unsupported. Maybe it's ISP5 or below.
11-29 18:56:22.372   825 15923 I MtkCam/P1NodeImp: [P1NodeImp] mEnableAIAWB(0)
11-29 18:56:22.372   825 15923 I MtkCam/P1NodeImp: [P1NodeImp] LOGD[0](1) LOGI[1](0) prop(cam:0 pl:1 pi:0 g:0:0 SR:0) -  SYS[1-3:9](3) - MetaLog(p:0/0 m:0/x0) - SmvrLog(0) DumpRaw(0) DataDump(0) DrawLine(0) - StuffBufCtrl[0](8:16) StuffFully[0](0) - DelRelOff(0) - TF(1) - IV(0) - WB(0) - IMGO(-1,-1) - IonVersion(1)
11-29 18:56:22.373   825 15923 I mtkcam-PipelineContextBuilder: [configContextLocked_P2SNode] operation_mode=0 p2_type=1 p2_node_type=1 app_mode=0 fd=640x480 3dnr_mode=0x43 fsc_mode=0x0 eis_mode=0x0 eis_factor=100 stream_size=1296x960 video=0x0 p2TpiMargin(1.000000), p2TpiMargin(1.000000), dsdnHint(1) mSecType(0) timestamp(79888622347376), reqFps(30) HDR10(0/0), DispStreamId(0x000000000), PQIdx(1)
11-29 18:56:22.374   823   926 E android.hardware.sensors@2.0-service-mediatek: MEMSIC  vir111 gyro algoRstGyro = 0 algoRst = 0
11-29 18:56:22.376   823   926 E android.hardware.sensors@2.0-service-mediatek: Error 13, memsic_log open SYS_FS_USB_ONLINE failed
11-29 18:56:22.377   823   926 E android.hardware.sensors@2.0-service-mediatek: MEMSICBEFORE compenstation MEMSIC memsic_log get_battery_current_now  = -256400 current_avg = -256400 current_chg = 0, charge_ret = 2 torch_ret  = -1 x y z -0.635700 0.129800 2.867100 
11-29 18:56:22.394   823   926 E android.hardware.sensors@2.0-service-mediatek: MEMSIC  vir111 gyro algoRstGyro = 0 algoRst = 0
11-29 18:56:22.396   823   926 E android.hardware.sensors@2.0-service-mediatek: Error 13, memsic_log open SYS_FS_USB_ONLINE failed
11-29 18:56:22.397   823   926 E android.hardware.sensors@2.0-service-mediatek: MEMSICBEFORE compenstation MEMSIC memsic_log get_battery_current_now  = -373400 current_avg = -373400 current_chg = 0, charge_ret = 2 torch_ret  = -1 x y z -0.635700 0.131800 2.871000 
11-29 18:56:22.397   825 15923 I MtkCam/P2/CaptureProcessor: [CaptureProcessor](0xb4000071b5f44030) ctor
11-29 18:56:22.398   825 15923 I MtkCam/P2/CaptureNode: [P2CaptureNodeImp] : (0xb4000071b5f43fc0) ctor, uniqueKey:185622302, supportedScenarioFeatures:0x70000001008320f5, bgPreRelease:0, hidlIsp:0 sessionparam:0xb4000071b5f43998
11-29 18:56:22.398   825 15923 I MtkCam/ppl_context: [dump] <Default/0>
11-29 18:56:22.399   825 15923 I MtkCam/ppl_context: [dump] .root={ 0x1 }, .edges={(0x1 -> 0x15)(0x1 -> 0x14)(0x15 -> 0x16)(0x14 -> 0x16)(0x15 -> 0x23)(0x14 -> 0x23)}
11-29 18:56:22.399   825 15923 I MtkCam/ppl_context: [dump] <nodeId=0x1 (P1Node) NO-INIT>
11-29 18:56:22.399   825 15923 I MtkCam/ppl_context: [dump]     In: .AppImage={ } .HalImage={ } .AppMeta={ 0x80000000 } .HalMeta={ 0x100000015 }
11-29 18:56:22.399   825 15923 I MtkCam/ppl_context: [dump]    Out: .AppImage={ } .HalImage={ 0x100000001 0x100000002 0x100000003 } .AppMeta={ 0x100000020 } .HalMeta={ 0x100000018 }
11-29 18:56:22.399   825 15923 I MtkCam/ppl_context: [dump] <nodeId=0x14 (P2CaptureNode) NO-INIT>
11-29 18:56:22.399   825 15923 I MtkCam/ppl_context: [dump]     In: .AppImage={ } .HalImage={ 0x100000001 0x100000002 0x100000003 } .AppMeta={ 0x80000000 0x100000020 } .HalMeta={ 0x100000018 }
11-29 18:56:22.399   825 15923 I MtkCam/ppl_context: [dump]    Out: .AppImage={ 0 0x2 } .HalImage={ 0x10000000d 0x10000000e } .AppMeta={ 0x100000024 } .HalMeta={ 0x10000001c }
11-29 18:56:22.399   825 15923 I MtkCam/ppl_context: [dump] <nodeId=0x15 (P2StreamNode) NO-INIT>
11-29 18:56:22.399   825 15923 I MtkCam/ppl_context: [dump]     In: .AppImage={ } .HalImage={ 0x100000001 0x100000002 0x100000003 } .AppMeta={ 0x80000000 0x100000020 } .HalMeta={ 0x100000018 }
11-29 18:56:22.400   825 15923 I MtkCam/ppl_context: [dump]    Out: .AppImage={ 0 0x2 } .HalImage={ 0x10000000d 0x10000000e 0x100000010 } .AppMeta={ 0x100000023 } .HalMeta={ 0x10000001b }
11-29 18:56:22.400   825 15923 I MtkCam/ppl_context: [dump] <nodeId=0x16 (FDNode) NO-INIT>
11-29 18:56:22.400   825 15923 I MtkCam/ppl_context: [dump]     In: .AppImage={ } .HalImage={ 0x100000010 } .AppMeta={ 0x80000000 } .HalMeta={ 0x10000001b }
11-29 18:56:22.400   825 15923 I MtkCam/ppl_context: [dump]    Out: .AppImage={ } .HalImage={ } .AppMeta={ 0x100000025 } .HalMeta={ }
11-29 18:56:22.400   825 15923 I MtkCam/ppl_context: [dump] <nodeId=0x23 (JpegNode) NO-INIT>
11-29 18:56:22.400   825 15923 I MtkCam/ppl_context: [dump]     In: .AppImage={ } .HalImage={ 0x10000000d 0x10000000e } .AppMeta={ 0x80000000 } .HalMeta={ 0x10000001b 0x10000001c }
11-29 18:56:22.400   825 15923 I MtkCam/ppl_context: [dump]    Out: .AppImage={ 0x1 } .HalImage={ } .AppMeta={ 0x100000026 } .HalMeta={ }
11-29 18:56:22.400   825 15923 I MtkCam/ppl_context: [dump] <image streams>
11-29 18:56:22.403   825 15923 I MtkCam/ppl_context: [dump]     [IMAGE-APP-PROVIDER]0  960x720  OUT ImgFormat:0x32315659(YV12) BufPlanes(strides/sizeInBytes):[ 960/691200 480/172800 480/200960 ] startOffset:0 bufStep:0 t:0/r:0 maxBuffers:12 d/s:0x00000000(UNKNOWN) s0:d0:App:YV12:0|HW_TEXTURE|HW_COMPOSER AllocImgFormat:0x32315659(YV12) AllocBufPlanes(strides/sizeInBytes):[ 960/691200 480/172800 480/200960 ] Real:0x32315659(YV12) Request:0x22(IMPLEMENTATION_DEFINED) Override:0x32315659(YV12) Hal-Client-usage:0x900(0|HW_TEXTURE|HW_COMPOSER) Hal-usage:0x20033(0|SW_READ_OFTEN|SW_WRITE_OFTEN|HW_CAMERA_WRITE) HalStream::(consumer/producer)Usage:0/0x20033 0xb4000071a5f07f90 phy:-1
11-29 18:56:22.403   825 15923 I MtkCam/ppl_context: [dump]     [IMAGE-APP-PROVIDER]0x1 4160x3120 OUT ImgFormat:0x2300(JPEG) BufPlanes(strides/sizeInBytes):[ 19468800/19472384 ] startOffset:0 bufStep:0 t:0/r:0 maxBuffers:6 d/s:0x08c20000(V0_JFIF|STANDARD_BT601_625|TRANSFER_SMPTE_170M|RANGE_FULL) s1:d0:App:BLOB:0|SW_READ_OFTEN AllocImgFormat:0x21(BLOB) AllocBufPlanes(strides/sizeInBytes):[ 19468800/19472384 ] Real:0x21(BLOB) Request:0x21(BLOB) Override:0x21(BLOB) Hal-Client-usage:0x3(0|SW_READ_OFTEN) Hal-usage:0x20033(0|SW_READ_OFTEN|SW_WRITE_OFTEN|HW_CAMERA_WRITE) HalStream::(consumer/producer)Usage:0/0x20033 0xb4000071a5f53710 phy:-1
11-29 18:56:22.403   825 15923 I MtkCam/ppl_context: [dump]     [IMAGE-APP-PROVIDER]0x2  960x720  OUT ImgFormat:0x11(NV21) BufPlanes(strides/sizeInBytes):[ 960/737280 960/397312 ] startOffset:0 bufStep:0 t:0/r:0 maxBuffers:12 d/s:0x08c20000(V0_JFIF|STANDARD_BT601_625|TRANSFER_SMPTE_170M|RANGE_FULL) s2:d0:App:YCrCb_420_SP:0|SW_READ_OFTEN AllocImgFormat:0x11(NV21) AllocBufPlanes(strides/sizeInBytes):[ 960/737280 960/397312 ] Real:0x11(YCrCb_420_SP) Request:0x23(YCbCr_420_888) Override:0x23(YCbCr_420_888) Hal-Client-usage:0x3(0|SW_READ_OFTEN) Hal-usage:0x20033(0|SW_READ_OFTEN|SW_WRITE_OFTEN|HW_CAMERA_WRITE) HalStream::(consumer/producer)Usage:0/0x20033 0xb4000071a5f1ef10 phy:-1
11-29 18:56:22.403   825 15923 I MtkCam/ppl_context: [dump]     [IMAGE-HAL-RUNTIME ]0x100000001 4208x3120 ImgFormat:0x2201(BAYER10) BufPlanes(strides/sizeInBytes):[ 5264/16423680 ] startOffset:0 bufStep:0 t:0 maxBufNum:10 minInitBufNum:0 Hal:Image:P1:Fullraw_main1 AllocImgFormat:0x21(BLOB) AllocBufPlanes(strides/sizeInBytes):[ 16423680/16423680 ] Private{exist?0 id:0}
11-29 18:56:22.403   825 15923 I MtkCam/ppl_context: [dump]     [IMAGE-HAL-POOL    ]0x100000002 1296x960  ImgFormat:0x2205(FG_BAYER10) BufPlanes(strides/sizeInBytes):[ 2432/2334720 ] startOffset:0 bufStep:0 t:0 maxBufNum:12 minInitBufNum:0 Hal:Image:P1:Resizeraw_main1 AllocImgFormat:0x2205(FG_BAYER10) AllocBufPlanes(strides/sizeInBytes):[ 2432/2334720 ] Private{exist?0 id:0}
11-29 18:56:22.404   825 15923 I MtkCam/ppl_context: [dump]     [IMAGE-HAL-POOL    ]0x100000003 294912x1    ImgFormat:0x21(BLOB) BufPlanes(strides/sizeInBytes):[ 294912/294912 ] startOffset:0 bufStep:0 t:0 maxBufNum:12 minInitBufNum:1 Hal:Image:STT_main1 AllocImgFormat:0x21(BLOB) AllocBufPlanes(strides/sizeInBytes):[ 294912/294912 ] Private{exist?1 id:2}
11-29 18:56:22.404   825 15923 I MtkCam/ppl_context: [dump]     [IMAGE-HAL-RUNTIME ]0x10000000d 4160x3120 ImgFormat:0x11(NV21) BufPlanes(strides/sizeInBytes):[ 4160/12979200 4160/6489600 ] startOffset:0 bufStep:0 t:0 maxBufNum:6 minInitBufNum:0 Hal:Image:JpegYuv AllocImgFormat:0x11(NV21) AllocBufPlanes(strides/sizeInBytes):[ 4160/12979200 4160/6489600 ] Private{exist?0 id:0}
11-29 18:56:22.404   825 15923 I MtkCam/ppl_context: [dump]     [IMAGE-HAL-RUNTIME ]0x10000000e   -1x-1   ImgFormat:0x14(YUY2) BufPlanes(strides/sizeInBytes):[ 0/0 ] startOffset:0 bufStep:0 t:0 maxBufNum:6 minInitBufNum:0 Hal:Image:ThumbnailYuv AllocImgFormat:0x14(YUY2) AllocBufPlanes(strides/sizeInBytes):[ 0/0 ] Private{exist?0 id:0}
11-29 18:56:22.404   825 15923 I MtkCam/ppl_context: [dump]     [IMAGE-HAL-POOL    ]0x100000010  640x480  ImgFormat:0x14(YUY2) BufPlanes(strides/sizeInBytes):[ 1280/614400 ] startOffset:0 bufStep:0 t:0 maxBufNum:5 minInitBufNum:1 Hal:Image:FD AllocImgFormat:0x14(YUY2) AllocBufPlanes(strides/sizeInBytes):[ 1280/614400 ] Private{exist?0 id:0}
11-29 18:56:22.404   825 15923 I MtkCam/ppl_context: [dump] <meta streams>
11-29 18:56:22.404   825 15923 I MtkCam/ppl_context: [dump]     [META -APP-USER    ]0x80000000 maxBuffers:0 minInitBufNum:0 Meta:App:Control phy:0
11-29 18:56:22.404   825 15923 I MtkCam/ppl_context: [dump]     [META -HAL-USER    ]0x100000015 maxBuffers:10 minInitBufNum:1 Hal:Meta:Control_main1 phy:-1
11-29 18:56:22.404   825 15923 I MtkCam/ppl_context: [dump]     [META -HAL-USER    ]0x100000018 maxBuffers:10 minInitBufNum:1 Hal:Meta:P1:Dynamic_main1 phy:-1
11-29 18:56:22.404   825 15923 I MtkCam/ppl_context: [dump]     [META -HAL-USER    ]0x10000001b maxBuffers:10 minInitBufNum:1 Hal:Meta:P2:Dynamic phy:-1
11-29 18:56:22.404   825 15923 I MtkCam/ppl_context: [dump]     [META -HAL-USER    ]0x10000001c maxBuffers:10 minInitBufNum:1 Hal:Meta:P2C:Dynamic phy:-1
11-29 18:56:22.404   825 15923 I MtkCam/ppl_context: [dump]     [META -APP-USER    ]0x100000020 maxBuffers:10 minInitBufNum:1 App:Meta:DynamicP1_main1 phy:-1
11-29 18:56:22.404   825 15923 I MtkCam/ppl_context: [dump]     [META -APP-USER    ]0x100000023 maxBuffers:10 minInitBufNum:1 App:Meta:DynamicP2 phy:-1
11-29 18:56:22.404   825 15923 I MtkCam/ppl_context: [dump]     [META -APP-USER    ]0x100000024 maxBuffers:10 minInitBufNum:1 App:Meta:DynamicP2Cap phy:-1
11-29 18:56:22.404   825 15923 I MtkCam/ppl_context: [dump]     [META -APP-USER    ]0x100000025 maxBuffers:10 minInitBufNum:1 App:Meta:FD phy:-1
11-29 18:56:22.404   825 15923 I MtkCam/ppl_context: [dump]     [META -APP-USER    ]0x100000026 maxBuffers:10 minInitBufNum:1 App:Meta:Jpeg phy:-1
11-29 18:56:22.404   825 15923 I MtkCam/ppl_context: [dump] <image buffer pool>
11-29 18:56:22.404   825 15923 I mtkcam-fbm_producer: [dump] dump Producer(0xb400007195f0a430) stream(0x100000002:Hal:Image:P1:Resizeraw_main1) pool(0xb4000071a5f09f10)->size(0)
11-29 18:56:22.404   825 15923 I mtkcam-fbm_producer: [dump] Acquired Buffer: 
11-29 18:56:22.404   825 15923 I mtkcam-fbm_pool: [dumpPool] [Hal:Image:P1:Resizeraw_main1]
11-29 18:56:22.404   825 15923 I mtkcam-fbm_pool: [dumpPool] logLevel:0 pIonDevice:0xb400007135f221e8 Max:12 Min:0 future:1 inUse:0 available:12
11-29 18:56:22.404   825 15923 I mtkcam-fbm_pool: [dumpPool] Available Buffer: 0xb4000071c5f2c8f0; 0xb4000071c5f23c50; 0xb4000071c5f18d50; 0xb4000071c5f1e4d0; 0xb4000071c5f22030; 0xb4000071c5f33fb0; 0xb4000071c5f09cb0; 0xb4000071c5f057f0; 0xb4000071c5f1d210; 0xb4000071c5f22350; 0xb4000071c5f183f0; 0xb4000071c5f0a610; 
11-29 18:56:22.404   825 15923 I mtkcam-fbm_pool: [dumpPool] Inuse Buffer: 
11-29 18:56:22.404   825 15923 I mtkcam-fbm_producer: [dump] dump Producer(0xb400007195f067b0) stream(0x100000003:Hal:Image:STT_main1) pool(0xb4000071a5f38c10)->size(0)
11-29 18:56:22.404   825 15923 I mtkcam-fbm_producer: [dump] Acquired Buffer: 
11-29 18:56:22.404   825 15923 I mtkcam-fbm_pool: [dumpPool] [Hal:Image:STT_main1]
11-29 18:56:22.404   825 15923 I mtkcam-fbm_pool: [dumpPool] logLevel:0 pIonDevice:0xb400007135f1bcd8 Max:12 Min:1 future:1 inUse:0 available:12
11-29 18:56:22.404   825 15923 I mtkcam-fbm_pool: [dumpPool] Available Buffer: 0xb4000071c5f04b70; 0xb4000071c5f22670; 0xb4000071c5f13c10; 0xb4000071c5f14890; 0xb4000071c5f05b10; 0xb4000071c5f2cf30; 0xb4000071c5f261d0; 0xb4000071c5f326b0; 0xb4000071c5f0c550; 0xb4000071c5f0f750; 0xb4000071c5f248d0; 0xb4000071c5f28110; 
11-29 18:56:22.404   825 15923 I mtkcam-fbm_pool: [dumpPool] Inuse Buffer: 
11-29 18:56:22.404   825 15923 I mtkcam-fbm_producer: [dump] dump Producer(0xb400007195f0add0) stream(0x100000010:Hal:Image:FD) pool(0xb4000071a5f2db50)->size(0)
11-29 18:56:22.404   825 15923 I mtkcam-fbm_producer: [dump] Acquired Buffer: 
11-29 18:56:22.404   825 15923 I mtkcam-fbm_pool: [dumpPool] [Hal:Image:FD]
11-29 18:56:22.404   825 15923 I mtkcam-fbm_pool: [dumpPool] logLevel:0 pIonDevice:0xb400007135f0df08 Max:5 Min:1 future:1 inUse:0 available:5
11-29 18:56:22.404   825 15923 I mtkcam-fbm_pool: [dumpPool] Available Buffer: 0xb4000071c5f0ceb0; 0xb4000071c5f0d810; 0xb4000071c5f01650; 0xb4000071c5f290b0; 0xb4000071c5f30770; 
11-29 18:56:22.404   825 15923 I mtkcam-fbm_pool: [dumpPool] Inuse Buffer: 
11-29 18:56:22.404   825 15923 I MtkCam/ppl_context: [dump] <InFlightList>
11-29 18:56:22.404   825 15923 I MtkCam/ppl_context: [dump] <ReadyList>
11-29 18:56:22.404   825 15923 I MtkCam/ppl_context: [dump] mReadyStreamCounters: 
11-29 18:56:22.404   825 15923 I MtkCam/ppl_context: [dump] mInSelect(0)
11-29 18:56:22.404   825 15923 I MtkCam/ppl_context: [dump]  
11-29 18:56:22.404   825 15923 I MtkCam/ppl_context: [dump] mConfigInitFrameCount=0
11-29 18:56:22.404   825 15923 I MtkCam/ppl_context: [dump] mFrameCountQueued=0
11-29 18:56:22.404   825 15923 I MtkCam/ppl_context: [dump] RequestNo:[-1,-1] (being) queued!
11-29 18:56:22.404   825 15923 I MtkCam/ppl_context: [dump] RequestNo<=-1 (being) flushed! No flush
11-29 18:56:22.406   825 15923 I mtkcam-AppStreamMgr: [0-FrameHandler::setOperationMode] operationMode change: 0xffffffff -> 0
11-29 18:56:22.407   825 15923 I mtkpower_client: perf_lock_rel, hdl:35067, tid:15923
11-29 18:56:22.407   825 15923 I mtkpower_client: perf_lock_rel, hdl:35066, tid:15923
11-29 18:56:22.407   825 15923 I mtkcam-dev3: [0-session::tryRunCommandLocked] Run command onConfigureStreamsLocked -
11-29 18:56:22.407   598   668 I libPowerHal: [perfLockRel] hdl:35067, idx:6
11-29 18:56:22.407   598   668 I libPowerHal: [PD] scn:6 hdl:35067 lock_user:camerahalserver pid:825 tid:15923 dur:1000
11-29 18:56:22.407   598   668 I libPowerHal: camerahalserver: set gpu opp level: 2
11-29 18:56:22.408   614   684 I BufferQueueProducer: [SurfaceView - host.exp.exponent/host.exp.exponent.experience.HomeActivity#0](id:26600000ad6,api:4,p:774,c:614) connect(): api=4 producerControlledByApp=true
11-29 18:56:22.408   825 15923 I mtkcam-dev3-hidl: [0-hidl-session::configureStreams_3_6] [PerformanceFlow] configureStreams_3_6 -
11-29 18:56:22.409 14828 15025 I BufferQueueProducer: [ImageReader-4160x3120f100m4-14828-0](id:39ec00000000,api:4,p:774,c:14828) connect(): api=4 producerControlledByApp=false
11-29 18:56:22.409   598   668 I libPowerHal: camerahalserver: set gpu opp level max: 0
11-29 18:56:22.410 14828 15025 I BufferQueueProducer: [ImageReader-960x720f23m4-14828-1](id:39ec00000001,api:4,p:774,c:14828) connect(): api=4 producerControlledByApp=false
11-29 18:56:22.412   825 15056 I MtkCam/P2/StreamingNode: [init] P2S cam 0: init lock +
11-29 18:56:22.412   774  9117 D Camera3-Device: Set real time priority for request queue thread (tid 15041)
11-29 18:56:22.413   825 15056 I MtkCam/P2/StreamingNode: [init] P2S cam 0: init lock -
11-29 18:56:22.414   823   926 E android.hardware.sensors@2.0-service-mediatek: MEMSIC  vir111 gyro algoRstGyro = 0 algoRst = 0
11-29 18:56:22.416 14828 15025 D SyncCaptureSessionImpl: [w.q2@567bc9b] Session onConfigured()
11-29 18:56:22.416   598   668 I libPowerHal: [perfLockRel] hdl:35066, idx:5
11-29 18:56:22.416   598   668 I libPowerHal: [PD] scn:5 hdl:35066 lock_user:camerahalserver pid:825 tid:15923 dur:1000
11-29 18:56:22.416   825 15056 I MtkCam/P2/DispatchProcessor: [onInit]Enable Basic/Streaming (0/1)
11-29 18:56:22.417 14828 15025 D CaptureSession: Attempting to send capture request onConfigured
11-29 18:56:22.417 14828 15025 D CaptureSession: Issuing request for session.
11-29 18:56:22.417   823   926 E android.hardware.sensors@2.0-service-mediatek: Error 13, memsic_log open SYS_FS_USB_ONLINE failed
11-29 18:56:22.417   823   926 E android.hardware.sensors@2.0-service-mediatek: MEMSICBEFORE compenstation MEMSIC memsic_log get_battery_current_now  = -488100 current_avg = -545300 current_chg = 0, charge_ret = 2 torch_ret  = -1 x y z -0.633700 0.140600 2.871000 
11-29 18:56:22.417 14828 15025 D Camera2CaptureRequestBuilder: createCaptureRequest
11-29 18:56:22.417   825 15053 I MtkCam/JpegNode: [waitJpegEncodeReqDone] mReqNewTriggerEncodeCond wait + 
11-29 18:56:22.418 14828 15025 D Camera2CaptureRequestBuilder: applyAeFpsRange: expectedFrameRateRange = [0, 0]
11-29 18:56:22.419 14828 15025 D Camera2CaptureRequestBuilder: applyVideoStabilization: mode = null
11-29 18:56:22.419   825 15050 E cam_capibitiliy: cam_capibitiliy[GetCapibility]ERR(  148):some query cmd(0x20000) is not supported. valid cmd(0x7300327f)
11-29 18:56:22.419   825 15050 E cam_capibitiliy:  (GetCapibility){#148:vendor/mediatek/proprietary/hardware/mtkcam/drv/src/isp/mt6765/imageio/drv/cam/cam_capibility.cpp}
11-29 18:56:22.419   825 15050 E cam_capi: cam_capi[GetCapibility]ERR(  309):user:NormalPipe query fail(module:0)
11-29 18:56:22.419   825 15050 E NormalPipe: [query] some query op fail
11-29 18:56:22.419   825 15050 E NormalPipe:  (query){#293:vendor/mediatek/proprietary/hardware/mtkcam/drv/src/isp/mt6765/iopipe/CamIO/NormalPipeModule.cpp}
11-29 18:56:22.420   825 15054 D AppFDFT_SW: Face Detection Version: 2047501, [83]s102s103 [87]s107s108
11-29 18:56:22.421   825 15054 D AppFDFT_SW: Secure Face Detection Version: 1919401, [83]s102s103 [87]s107s108
11-29 18:56:22.421   825 15054 D AppFDFT_SW: Facial Landmark Detection Version: 878 / 856 (Front/Profile)
11-29 18:56:22.421   825 15054 D FD_CORE : [AppFDFT_SW] g_maxExtra: 3
11-29 18:56:22.425   825 15054 I MtkCam/fdNodeImp: [config] is FD in secure mode : 0
11-29 18:56:22.425 14828 15025 D CaptureSession: Issuing capture request.
11-29 18:56:22.429 14828 15025 D Camera2CaptureRequestBuilder: createCaptureRequest
11-29 18:56:22.431 14828 15025 D Camera2CaptureRequestBuilder: applyAeFpsRange: expectedFrameRateRange = [0, 0]
11-29 18:56:22.432 14828 15025 D Camera2CaptureRequestBuilder: applyVideoStabilization: mode = null
11-29 18:56:22.434   823   926 E android.hardware.sensors@2.0-service-mediatek: MEMSIC  vir111 gyro algoRstGyro = 0 algoRst = 0
11-29 18:56:22.435 14828 15025 D CaptureSession: CameraCaptureSession.onConfigured() mState=OPENED
11-29 18:56:22.435   825 15050 I MtkCam/P1NodeImp: [check_config] [Cam::0] Cam::0 Param[N:m0,p1,c3,q0,t0,b0,a0,i0,r0,w1,g0,s0,v10001000_B:p1,b0,t1,h0,u0,e1,l1,r0,f0,d0,q0,c0,f0,v0,s0,LL0,SSC0,SE0,ST0,SB0x0,O:1,OI:0] S(1,30,1,0,x2,4208x3120) R(0x2201-5264-16423680,1-1-1,1-0x3) D(b0,t1,h0) E(e1,l1,r0,u0,d0,q0,c0,f0,s0,p0) M(m0x0,p0x1,c0x3,q0,t0,b1,a1,u1,d1,r0,i0,g0,s0,k0,v10001000) Dm(1) Rc(0x0) Sh(0x0) SenCfg(0,0,0) Pool(IMG0x0,RRZ0x0,LCS0x0,RSS0x0,YUV0x0,CRZ10x0,CRZ20x0) MetaInAPP_0:0x80000000 MetaInHAL_1:0x100000015 MetaOutAPP_2:0x100000020 MetaOutHAL_3:0x100000018 ImgOutIMG_4:0x100000001(4208x3120)[0x2201] ImgOutRRZ_6:0x100000002(1296x960)[0x2205] ImgOutLCS_7:0x100000003(384x384)[0x2401] Meta(APP:1=1,HAL:5=5) RR(25) AA(0,0-4208x3120) TS(0) 
11-29 18:56:22.435   825 15055 I MtkCam/P1NodeUtility: [wait] [Cam::0] StageCtrl waiting(0)
11-29 18:56:22.436 14828 15025 D CaptureSession: CameraCaptureSession.onReady() OPENED
11-29 18:56:22.438   823   926 E android.hardware.sensors@2.0-service-mediatek: Error 13, memsic_log open SYS_FS_USB_ONLINE failed
11-29 18:56:22.438   823   926 E android.hardware.sensors@2.0-service-mediatek: MEMSICBEFORE compenstation MEMSIC memsic_log get_battery_current_now  = -366500 current_avg = -366500 current_chg = 0, charge_ret = 2 torch_ret  = -1 x y z -0.630800 0.150300 2.867100 
11-29 18:56:22.440   825 15056 I MtkCam/StreamingPipe/MDPWrapper: [MDPWrapper][p2s] out port count=2, mUseIONFD=0
11-29 18:56:22.442   825 15050 I LMVHal  : [CreateInstance]user(MtkCam/P1NodeConnectLMV),sensorId(0)
11-29 18:56:22.442   825 15050 I LMVDrv  : [GetInstance]aSensorIdx(0)
11-29 18:56:22.446   825 15056 I MtkCam/StreamingPipe/MDPWrapper: [MDPWrapper][p2s] out port count=2, mUseIONFD=0
11-29 18:56:22.446   825 15056 I MtkCam/StreamingPipe/MDPWrapper: [MDPWrapper][p2s] out port count=2, mUseIONFD=0
11-29 18:56:22.446   825 15050 I LCSHal  : [Init]mSensorIdx(0)  init
11-29 18:56:22.447   825 15056 I MtkCam/StreamingPipe/MDPWrapper: [MDPWrapper][p2s] out port count=2, mUseIONFD=0
11-29 18:56:22.447   825 15056 I MtkCam/StreamingPipe/MDPWrapper: [MDPWrapper][fpipe.helper] out port count=2, mUseIONFD=0
11-29 18:56:22.447   825 15056 I MtkCam/StreamingPipe/MDPWrapper: [MDPWrapper][VMDPNode] out port count=2, mUseIONFD=0
11-29 18:56:22.448   825 15056 I MtkCam/StreamingPipe/MDPWrapper: [MDPWrapper][VMDPNode] out port count=2, mUseIONFD=0
11-29 18:56:22.448   825 15056 I MtkCam/StreamingPipe/MDPWrapper: [MDPWrapper][XNode] out port count=2, mUseIONFD=0
11-29 18:56:22.448   825 15056 I MtkCam/StreamingPipe/Pipe: [StreamingFeaturePipe]create pipe(0xb4000070358de040): SensorIndex=0 sensorNum(1) dualMode(0),UsageMode=2 EisMode=0x0 3DNRMode=67 AISSMode=0 DSDN(mode/m/d/layer/p1ctrl/10bit)=(0/1/2/1/0/0) tsq=0 StreamingSize=1296x960 Out(max/phy/large/fd/video)=(4/0/1/640x480/0x0) In(fps/p1Batch)=(30/1), secType=0 HDR10=(0/0)
11-29 18:56:22.450   825 15056 I MtkCam/StreamingPipe/Pipe: [prepareGeneralPipe]create & init DIPStream ++
11-29 18:56:22.450   825 15056 I DIPStream: [createInstance]createInstance DIPStream_NormalStream
11-29 18:56:22.453   825 15712 I mtkcam-dev3: [0-session::processCaptureRequest] [PerformanceFlow] processCaptureRequest +
11-29 18:56:22.454   823   926 E android.hardware.sensors@2.0-service-mediatek: MEMSIC  vir111 gyro algoRstGyro = 0 algoRst = 0
11-29 18:56:22.455   849   934 D AAL     : 11-29 06:56:22.222 BL= 247,ESS= 256, 11-29 06:56:22.288 BL= 248,ESS= 256, 11-29 06:56:22.338 BL= 249,ESS= 256, 11-29 06:56:22.405 BL= 250,ESS= 256, 11-29 06:56:22.455 BL= 251,ESS= 256, 
11-29 18:56:22.456   825 15712 D mtkcam-dev3-utils: [capture intent: 1] +  ULog#356
11-29 18:56:22.456   825 15712 D mtkcam-dev3-utils: [capture intent: 1] -  ULog#357
11-29 18:56:22.456   823   926 E android.hardware.sensors@2.0-service-mediatek: Error 13, memsic_log open SYS_FS_USB_ONLINE failed
11-29 18:56:22.457   823   926 E android.hardware.sensors@2.0-service-mediatek: MEMSICBEFORE compenstation MEMSIC memsic_log get_battery_current_now  = -386300 current_avg = -386300 current_chg = 0, charge_ret = 2 torch_ret  = -1 x y z -0.634700 0.157200 2.870100 
11-29 18:56:22.457   825 15712 I mtkcam-AppStreamMgr: [earlyCallbackMeta] early callback metadata, requestNo: 0
11-29 18:56:22.458   825 15712 I mtkcam-PipelineModelSession: [submitRequest] <Default/0> requestNo:0 { repeating:0 control.aeTargetFpsRange:5,30 control.captureIntent:1 control.enableZsl:0 control.processRawEn:0 control.mode:1 control.sceneMode:0 control.videoStabilizationMode:0 edge.mode:1 }
11-29 18:56:22.458   825 15712 I mtkcam-FeatureSettingPolicy: [collectDefaultSensorInfo] keep the first request config as default config
11-29 18:56:22.458   825 15036 W MtkCam/streambuf: [haveAllUsersReleasedLocked] [subject:0 s0:d0:App:YV12:0|HW_TEXTURE|HW_COMPOSER] NO_INIT
11-29 18:56:22.459   825 15036 W MtkCam/streambuf: [haveAllUsersReleasedOrPreReleasedLocked] [subject:0 s0:d0:App:YV12:0|HW_TEXTURE|HW_COMPOSER] NO_INIT
11-29 18:56:22.459   825 15036 W MtkCam/streambuf: [haveAllUsersReleasedLocked] [subject:0x2 s2:d0:App:YCrCb_420_SP:0|SW_READ_OFTEN] NO_INIT
11-29 18:56:22.459   825 15036 W MtkCam/streambuf: [haveAllUsersReleasedOrPreReleasedLocked] [subject:0x2 s2:d0:App:YCrCb_420_SP:0|SW_READ_OFTEN] NO_INIT
11-29 18:56:22.459   825 15036 W MtkCam/streambuf: [haveAllUsersReleasedLocked] [subject:0 s0:d0:App:YV12:0|HW_TEXTURE|HW_COMPOSER] NO_INIT
11-29 18:56:22.459   825 15036 W MtkCam/streambuf: [haveAllUsersReleasedOrPreReleasedLocked] [subject:0 s0:d0:App:YV12:0|HW_TEXTURE|HW_COMPOSER] NO_INIT
11-29 18:56:22.459   825 15036 W MtkCam/streambuf: [haveAllUsersReleasedLocked] [subject:0x2 s2:d0:App:YCrCb_420_SP:0|SW_READ_OFTEN] NO_INIT
11-29 18:56:22.459   825 15036 W MtkCam/streambuf: [haveAllUsersReleasedOrPreReleasedLocked] [subject:0x2 s2:d0:App:YCrCb_420_SP:0|SW_READ_OFTEN] NO_INIT
11-29 18:56:22.459   825 15036 W MtkCam/streambuf: [haveAllUsersReleasedLocked] [subject:0 s0:d0:App:YV12:0|HW_TEXTURE|HW_COMPOSER] NO_INIT
11-29 18:56:22.459   825 15036 W MtkCam/streambuf: [haveAllUsersReleasedLocked] [subject:0x2 s2:d0:App:YCrCb_420_SP:0|SW_READ_OFTEN] NO_INIT
11-29 18:56:22.462   825 15712 I MtkCam/ppl_context: [waitUntilConfigDone] sendFrame: wait for pipeline config done
11-29 18:56:22.474   823   926 E android.hardware.sensors@2.0-service-mediatek: MEMSIC  vir111 gyro algoRstGyro = 0 algoRst = 0
11-29 18:56:22.477   823   926 E android.hardware.sensors@2.0-service-mediatek: Error 13, memsic_log open SYS_FS_USB_ONLINE failed
11-29 18:56:22.477   823   926 E android.hardware.sensors@2.0-service-mediatek: MEMSICBEFORE compenstation MEMSIC memsic_log get_battery_current_now  = -170900 current_avg = -170900 current_chg = 0, charge_ret = 2 torch_ret  = -1 x y z -0.637600 0.154200 2.867100 
11-29 18:56:22.485   825 15056 I MtkCam/StreamingPipe/Pipe: [prepareGeneralPipe]create & init DIPStream(0xb4000070f5f3a3a0) -- secTag(0), #P2EnqueDepth(3), #subFrame(2), #SMVRBatchNum(0)
11-29 18:56:22.485   825 15056 I MtkCam/StreamingPipe/TPI_MGR_Plugin: [createSession]+ sensor(#1:main=0) mask=[0x8000400c00181020] size(raw:1296x960 app:960x720) margin(1.000)
11-29 18:56:22.485   825 15056 I MtkCam/ppl_plugin: [PipelinePlugin] Join: ctor(0xb400007155f1c248), hash:0
11-29 18:56:22.485   825 15056 I MtkCam/ppl_plugin: [getInstance] Join: create plugin(0xb400007155f1c248), hash:0, uniqueKey:0, mInstances size:1
11-29 18:56:22.485   825 15056 I MtkCam/TPI_S_ASYNC: [S_ASYNC_Plugin] create S_ASYNC plugin
11-29 18:56:22.485   825 15056 I MtkCam/TPI_S_META: [S_META_Plugin] create S_META plugin
11-29 18:56:22.485   825 15056 I MtkCam/TPI_S_Disp: [S_DISP_Plugin] create S_DISP plugin
11-29 18:56:22.485   825 15056 I MtkCam/TPI_S_EISQ: [S_EISQ_Plugin] create S_EISQ plugin
11-29 18:56:22.485   825 15056 I MtkCam/TPI_S_FB: [S_FB_Plugin] create S_FB plugin
11-29 18:56:22.485   825 15056 I MtkCam/TPI_S_Green: [S_GREEN_Plugin] create S_GREEN plugin
11-29 18:56:22.488   825 15056 W StereoSettingProvider: [getStereoSensorIndex] WRN(  208):Cannot get sensor index by logical device ID 0, return 0, 1
11-29 18:56:22.488   825 15056 I TranCam/Plugin_TranStream: [TranStream_Plugin] create TranStream plugin
11-29 18:56:22.488   825 15056 D MtkCam/Plugin_TRAN_S_DUAL: [TRAN_S_DUAL_Plugin] TRAN_S_DUAL_Plugin +
11-29 18:56:22.488   825 15056 W StereoSettingProvider: [getStereoSensorIndex] WRN(  208):Cannot get sensor index by logical device ID 0, return 0, 1
11-29 18:56:22.488   825 15056 I MtkCam/Plugin_TRAN_S_DUAL: [TRAN_S_DUAL_Plugin] TPI create S_DUAL plugin: Tolerence:700000000, DpBit:0xb400007215f70680 DumpBuffer:0
11-29 18:56:22.488   825 15056 D MtkCam/Plugin_TRAN_S_DUAL: [TRAN_S_DUAL_Plugin] mActiveCropSift 8 381 4192 2358
11-29 18:56:22.488   825 15056 D MtkCam/Plugin_TRAN_S_DUAL: [TRAN_S_DUAL_Plugin] TRAN_S_DUAL_Plugin -
11-29 18:56:22.488   825 15056 I MtkCam/StreamingPipe/TPI_MGR_Plugin: [createPluginSession]negotiate[ID:1]+ [0x0000000000080000][MTK ASYNC ASD] match=1 isDualPlugin=0
11-29 18:56:22.488   825 15056 I MtkCam/StreamingPipe/TPI_MGR_Plugin: [createPluginSession]negotiate[ID:1]- name=[MTK ASYNC ASD] match=1 run=0
11-29 18:56:22.488   825 15056 I MtkCam/StreamingPipe/TPI_MGR_Plugin: [createPluginSession]negotiate[ID:2]+ [0x0000000000080000][MTK META only] match=1 isDualPlugin=0
11-29 18:56:22.488   825 15056 I MtkCam/StreamingPipe/TPI_MGR_Plugin: [createPluginSession]negotiate[ID:2]- name=[MTK META only] match=1 run=0
11-29 18:56:22.488   825 15056 I MtkCam/StreamingPipe/TPI_MGR_Plugin: [createPluginSession]negotiate[ID:3]+ [0x0000000000000020][MTK DISP] match=1 isDualPlugin=0
11-29 18:56:22.488   825 15056 I MtkCam/StreamingPipe/TPI_MGR_Plugin: [createPluginSession]negotiate[ID:3]- name=[MTK DISP] match=1 run=0
11-29 18:56:22.489   825 15056 I MtkCam/StreamingPipe/TPI_MGR_Plugin: [createPluginSession]negotiate[ID:4]+ [0x0000000000001000][MTK EISQ] match=1 isDualPlugin=0
11-29 18:56:22.489   825 15056 I MtkCam/TPI_S_EISQ: [getConfigSetting] max out size(960x720)
11-29 18:56:22.489   825 15056 I MtkCam/StreamingPipe/TPI_MGR_Plugin: [createPluginSession]negotiate[ID:4]- name=[MTK EISQ] match=1 run=0
11-29 18:56:22.489   825 15056 I MtkCam/StreamingPipe/TPI_MGR_Plugin: [createPluginSession]negotiate[ID:5]+ [0x0000000000000020][MTK FB] match=1 isDualPlugin=0
11-29 18:56:22.489   825 15056 I MtkCam/TPI_S_FB: [getConfigSetting] max out size(960x720), StreamingSize (1296x960), AllSensorSize is 1, first sensor is 0, Timestamp: 79888622347376
11-29 18:56:22.489   825 15056 I MtkCam/StreamingPipe/TPI_MGR_Plugin: [createPluginSession]negotiate[ID:5]- name=[MTK FB] match=1 run=0
11-29 18:56:22.489   825 15056 I MtkCam/StreamingPipe/TPI_MGR_Plugin: [createPluginSession]negotiate[ID:6]+ [0x0000000000000020][MTK GREEN] match=1 isDualPlugin=0
11-29 18:56:22.489   825 15056 I MtkCam/StreamingPipe/TPI_MGR_Plugin: [createPluginSession]negotiate[ID:6]- name=[MTK GREEN] match=1 run=0
11-29 18:56:22.489   825 15056 I MtkCam/StreamingPipe/TPI_MGR_Plugin: [createPluginSession]negotiate[ID:7]+ [0x0000000000008000][MTK TK_3rdPartyPlugin] match=0 isDualPlugin=1
11-29 18:56:22.489   825 15056 I MtkCam/StreamingPipe/TPI_MGR_Plugin: [createPluginSession]negotiate[ID:7]- name=[MTK TK_3rdPartyPlugin] match=0 run=0
11-29 18:56:22.489   825 15056 I MtkCam/StreamingPipe/TPI_MGR_Plugin: [createPluginSession]negotiate[ID:8]+ [0x8000000000000000][TRAN STREAM] match=1 isDualPlugin=0
11-29 18:56:22.489   825 15056 I MtkCam/StreamingPipe/TPI_MGR_Plugin: [createPluginSession]negotiate[ID:8]- name=[TRAN STREAM] match=1 run=0
11-29 18:56:22.489   825 15056 I MtkCam/StreamingPipe/TPI_MGR_Plugin: [createPluginSession]negotiate[ID:9]+ [0x0000020000000000][TRAN DUAL 3rdPartyPlugin] match=0 isDualPlugin=1
11-29 18:56:22.489   825 15056 I MtkCam/StreamingPipe/TPI_MGR_Plugin: [createPluginSession]negotiate[ID:9]- name=[TRAN DUAL 3rdPartyPlugin] match=0 run=0
11-29 18:56:22.489   825 15056 I MtkCam/StreamingPipe/TPI_MGR_Plugin: [createSession]- ret=1
11-29 18:56:22.489   825 15056 I MtkCam/StreamingPipe/PipeUsage: [config]config usage : mSuppoRtSharedInput(1),supportSlaveNR(0), supportPhysicalNR(0)
11-29 18:56:22.491   825 15056 E MtkCam/StreamingPipe/DcesoHal: [init]missing isp buffer info (init){#72:vendor/mediatek/proprietary/hardware/mtkcam3/feature/core/featurePipe/streaming/DcesoHal.cpp}
11-29 18:56:22.491   825 15056 I MtkCam/StreamingPipe/DreHal: [init]info=0 infoSize=0 debugSize=0 usedSize=0
11-29 18:56:22.491   825 15056 I MtkCam/StreamingPipe/SMVRHal: [init]SMVR enable=0 size=(1296x960) p1=1 p2=1->1 recover=0
11-29 18:56:22.491   825 15056 I MtkCam/StreamingPipe/P2G_MGR: [printBufferPool]BufferPool: fat[1],tun[9]sync[0]dre_tun[0]msftun[0]msfSram[0]omctun[0]dce[8]timg[3]full[6]conf[0]idi[0]omc[0]ds[0x0=>0]dn[0x0=>0]pds[0x0=>0]wei[0x0=>0]dsw[0x0=>0]
11-29 18:56:22.491   825 15056 I MtkCam/StreamingPipe/EISQControl: [init]useQ=0 tsQ=0 pSize=1 qSize=0
11-29 18:56:22.491   825 15056 I MtkCam/StreamingPipe/Pipe: [onInit]+
11-29 18:56:22.492   825 15056 I MtkCam/StreamingPipe/Pipe: [onInit]-
11-29 18:56:22.492   825 15056 I MtkCam/StreamingPipe/Node: [enableDumpMask]fpipe.p2amdp current dumpMask(0xcff) prop(vendor.debug.mask.fpipe.p2amdp)
11-29 18:56:22.494   823   926 E android.hardware.sensors@2.0-service-mediatek: MEMSIC  vir111 gyro algoRstGyro = 0 algoRst = 0
11-29 18:56:22.496   823   926 E android.hardware.sensors@2.0-service-mediatek: Error 13, memsic_log open SYS_FS_USB_ONLINE failed
11-29 18:56:22.496   823   926 E android.hardware.sensors@2.0-service-mediatek: MEMSICBEFORE compenstation MEMSIC memsic_log get_battery_current_now  = -406400 current_avg = -406400 current_chg = 0, charge_ret = 2 torch_ret  = -1 x y z -0.633700 0.143500 2.867100 
11-29 18:56:22.496  1203  1540 W SensorService: sensor 00000004 already enabled in connection 0xb4000071b92d5730 (ignoring)
11-29 18:56:22.496   823   823 I VGyroscope: batch: handle:3, flag:0,samplingPeriodNs:10000000 maxBatchReportLatencyNs:0
11-29 18:56:22.496   823   823 I Accelerometer: batch: handle:0, flag:0,samplingPeriodNs:10000000 maxBatchReportLatencyNs:0
11-29 18:56:22.498   825 15056 I MtkCam/P2/P2DumpPlugin: [P2DumpPlugin]mode/start/count(0/0/0) mask: in/out(0x0/0x0)
11-29 18:56:22.499   825 15056 I MtkCam/P2/StreamingProcessor: [needReConfig] P2S cam 0: re-config=0, EISMode(0=>0), EISFactor(100=>100), Size(1296x960=>1296x960)
11-29 18:56:22.500   823   926 E android.hardware.sensors@2.0-service-mediatek: MEMSIC  vir111 gyro algoRstGyro = 0 algoRst = 0
11-29 18:56:22.500   825 15112 I MtkCam/P2/CaptureProcessor: [onInit] P2C cam 0: (0xb4000071b5f44030) uniqueKey:185622302
11-29 18:56:22.500   825 15112 I MtkCam/P2/CaptureProcessor: [onInit] P2C cam 0: create captureFeaturePipe, isDualCam:0, sensor count:1
11-29 18:56:22.502   825 15112 I MtkCam/P2/CaptureProcessor: [onInit] P2C cam 0: supportSceneroiFeatures:0x70000001008320f5 dualMode:0
11-29 18:56:22.506   825 15112 I MtkCam/CapturePipe/RAWNode: [RAWNode](0xb4000071e5f439f0) ctor
11-29 18:56:22.511   823   926 E android.hardware.sensors@2.0-service-mediatek: MEMSIC  vir111 gyro algoRstGyro = 0 algoRst = 0
11-29 18:56:22.511   825 15112 I MtkCam/CapturePipe/MultiFrameNode: [MultiFrameNode](0xb4000071e5f32b90) ctor
11-29 18:56:22.511   825 15112 I MtkCam/CapturePipe/YUVNode: [YUVNode](0xb4000071e5f2f810) ctor
11-29 18:56:22.514   825 15112 D AppFDFT_SW: Face Detection Version: 2047501, [83]s102s103 [87]s107s108
11-29 18:56:22.515   825 15112 D AppFDFT_SW: Secure Face Detection Version: 1919401, [83]s102s103 [87]s107s108
11-29 18:56:22.515   825 15112 D AppFDFT_SW: Facial Landmark Detection Version: 878 / 856 (Front/Profile)
11-29 18:56:22.515   825 15112 D FD_CORE : [AppFDFT_SW] g_maxExtra: 3
11-29 18:56:22.515   825 15112 I MtkCam/CapturePipe/YUVNode: [onInit](0xb4000071e5f2f810)(9) uniqueKey:185622302
11-29 18:56:22.516   825 15112 I MtkCam/CapturePipe/MultiFrameNode: [onInit](0xb4000071e5f32b90) uniqueKey:185622302
11-29 18:56:22.517   823   926 E android.hardware.sensors@2.0-service-mediatek: Error 13, memsic_log open SYS_FS_USB_ONLINE failed
11-29 18:56:22.517   823   926 E android.hardware.sensors@2.0-service-mediatek: MEMSICBEFORE compenstation MEMSIC memsic_log get_battery_current_now  = -446000 current_avg = -446000 current_chg = 0, charge_ret = 2 torch_ret  = -1 x y z -0.632800 0.159100 2.869100 
11-29 18:56:22.521   823   926 E android.hardware.sensors@2.0-service-mediatek: MEMSIC  vir111 gyro algoRstGyro = 0 algoRst = 0
11-29 18:56:22.521   825 15112 I MtkCam/CapturePipe/RAWNode: [onInit](0xb4000071e5f439f0) uniqueKey:185622302
11-29 18:56:22.527   825 15050 I Drv/HWsync: Drv/HWsync[sendCommand] mSensorIdxList.size(1)
11-29 18:56:22.527   825 15050 I Drv/HWsync: Drv/HWsync[calCurrentFps] idx(0) pclk(480000000),period(4896,6866), fps(142)
11-29 18:56:22.527   825 15050 I Drv/HWsync: Drv/HWsync[sendCommand] dev(0x1),scen(1) cFps(142), userFps(300), frmTimeDelay(1), hwsync_idx(0)
11-29 18:56:22.531   823   926 E android.hardware.sensors@2.0-service-mediatek: MEMSIC  vir111 gyro algoRstGyro = 0 algoRst = 0
11-29 18:56:22.532   825 15109 I MtkCam/StreamingPipe/Util: [allocate]mFullImg pool allocate: 6/6 buf (0x32315659/YV12)(1344x960) in 38 ms
11-29 18:56:22.533   825 15109 I MtkCam/StreamingPipe/Util: [allocate]mTuning pool allocate: 9/9 buf (0x21/BLOB)(0x0) in 0 ms
11-29 18:56:22.536   823   926 E android.hardware.sensors@2.0-service-mediatek: Error 13, memsic_log open SYS_FS_USB_ONLINE failed
11-29 18:56:22.536   823   926 E android.hardware.sensors@2.0-service-mediatek: MEMSICBEFORE compenstation MEMSIC memsic_log get_battery_current_now  = -628300 current_avg = -628300 current_chg = 0, charge_ret = 2 torch_ret  = -1 x y z -0.633700 0.157200 2.866200 
11-29 18:56:22.541   823   926 E android.hardware.sensors@2.0-service-mediatek: MEMSIC  vir111 gyro algoRstGyro = 0 algoRst = 0
11-29 18:56:22.542   825 15050 I LMVTuning: [LMVTuning][Cam::0]LMV(1/0xb4000070e5f16c30@0xb400007195f0fd90),SGG2(1@0xb4000070e5f02770),isHalBypassControl(1)
11-29 18:56:22.543   825 15050 I MtkCam/P1NodeUtility: [done] [Cam::0] StageCtrl signal(0)
11-29 18:56:22.543   825 15055 I MtkCam/P1NodeUtility: [wait] [Cam::0] StageCtrl wait(0) OK
11-29 18:56:22.543   825 15050 I Cam3TranServerEngine: [getTranServerpackageName] +
11-29 18:56:22.543   825 15050 I Cam3TranServerEngine: [operator()] get CamName from TranCamServer packagename host.exp.exponent
11-29 18:56:22.543   825 15050 I Cam3TranServerEngine: [getTranServerpackageName] -
11-29 18:56:22.543   825 15050 D Hal3Av3 : [setupStaticInfo] +
11-29 18:56:22.543   825 15050 D Hal3Av3 : [buildSceneModeOverride] +
11-29 18:56:22.544   825 15050 D Hal3Av3 : [buildSceneModeOverride] -
11-29 18:56:22.544   825 15050 D Hal3Av3 : [setupStaticInfo] -
11-29 18:56:22.544   825 15050 E Hal3Av3 : [parseConfig] MTK_LOGICAL_MULTI_CAMERA_PHYSICAL_IDS are not defined (parseConfig){#5530:vendor/mediatek/proprietary/hardware/mtkcam/aaa/source/common/hal3a/v1.0/Hal3AAdapter3.cpp}
11-29 18:56:22.547   825 15050 D ae_mgr  : [setDigZoomRatio] i4SensorDev:1, ZoomRatio:400->100
11-29 18:56:22.547   825 15050 I FlickerHal: setFlickerMode(): mode change(3->0).
11-29 18:56:22.550   825 15050 I af_mgr_v3: [getPdInfoForSttCtrl] Dev 0x0001, sensormode(1) TGSZ(4208,3120), BINSZ(4208,3120), BPCITbl(Valid=1): xSz(7679) ySz(0) pa(0xa100000) va(0x72e74e7000) memID(133), PDO: xSz(0x207) ySz(0x23f), isTGInfoValid(1)/isFrontalBINDisable(1)/isFullMode(1)
11-29 18:56:22.550   825 15050 I af_mgr_v3: [getPdInfoForSttCtrl] SensorMode(1), PDAF_Support(1), bSensorModeSupportPDAF(1), Info for 3A framework to Cfg sttPipe :PDAFStatus(1), PDOSzW(272 PIXELS), PDOSzH(576)
11-29 18:56:22.551   823   926 E android.hardware.sensors@2.0-service-mediatek: MEMSIC  vir111 gyro algoRstGyro = 0 algoRst = 0
11-29 18:56:22.551   825 15050 I af_mgr_v3: cmd-setSensorMode Dev 1, Mode 1, BINSZ(4208, 3120)
11-29 18:56:22.551   825 15050 I FlickerHal: setSensorMode(): m_sensorDev(1) sensorMode(1) width(2104) height(3120)
11-29 18:56:22.551   825 15126 I af_mgr_v3: #(  221,  218) setCamScenarioMode 0 -> 2
11-29 18:56:22.551   825 15124 D LensMCU : [Main ][isSupportLens] : [CurrSensorId]0x30c6 [McuDevIdx]0x0000
11-29 18:56:22.552   825 15124 I af_mgr_v3: [getAFMaxAreaNum] (1)
11-29 18:56:22.552   825 15124 I isp_mgr_af_stat: [isCCUSupport] (0) Dev(1) Idx(0) 
11-29 18:56:22.552   825 15124 I isp_mgr_af_stat: [isCCUSupport] Enable CCU_AF(0)
11-29 18:56:22.552   825 15126 I af_mgr_v3: #(  221,  218) setCamScenarioMode NVRAM is not initialized, update m_eCamScenarioMode only, no need update to algo
11-29 18:56:22.552   825 15126 I af_mgr_v3: AF-Start          : + Dev 1
11-29 18:56:22.555   825 15124 D camerahalserver: skinCompatible Main Ae Light Supply:2
11-29 18:56:22.555   825 15126 I af_mgr_v3: AF-Start          : Dev(0x0001), set CurAFMode to EDOF to enable LaunchCamTrigger
11-29 18:56:22.555   825 15126 D LensMCU : [Main ][lensSearch] : [CurrSensorId]0x30c6 [CurrModuleId]0x0000 [McuDevIdx]0x0000
11-29 18:56:22.555   825 15126 D LensMCU : [Main ][lensSearch] : [1] ListSensorID : 30c6 - ListModuleID : 0
11-29 18:56:22.555   825 15126 D LensMCU : [Main ][lensSearch] : [1] ListLens Name DW9718SAF - SensorID : 30c6 - ModuleID : 0
11-29 18:56:22.555   825 15126 D LensMCU : [Main ][lensSearch] : [CurrLensIdx]1
11-29 18:56:22.555   825 15126 I af_mgr_v3: AF-Start          : Dev(0x0001), PixId (2)(0:B, 1:GB, 2:GR, 3:R), SensorID (0x30c6), ModuleId (0x0000), LensId (0x9719), EnableAF (1), IsAFSupport(1), PD_Support(1)
11-29 18:56:22.555   825 15126 D LensMCU : [Main ][setLensNvramIdx] : [CurrLensIdx]1
11-29 18:56:22.555   825 15126 W nvbuf_util.cpp: [getInstance:398] getInstance, bInit(1)
11-29 18:56:22.555   825 15126 W nvbuf_util.cpp: [getBufAndReadNoLock:684] ramId(3), sensorDev(1), p(0x0), bForceRead(0) +
11-29 18:56:22.555   825 15126 I af_mgr_v3: AF-Start          : Dev(0x0001), Scenario Mode(2), NVRAM File Path vendor/mediatek/proprietary/custom/x688b_h659/hal/lens/dw9718saf/lens_para_DW9718SAF_cap.cpp
11-29 18:56:22.555   825 15126 I af_mgr_v3: AF-Start          : Dev(0x0001), ParamInfo : CamScenarioMode(2), [nvram] ver(1), Sz(225280, 4, 8, 10216, 2592, 4104, 208356),Normal Num(15) Macro Num(15) Normal min step(4) Macro min step(4)
11-29 18:56:22.555   825 15126 I af_mgr_v3: AF-Start          : Dev(0x0001), needCheckSendCallback 1, CallbackInfo.Targets: PDCL 100, FPS 0, ISO 0
11-29 18:56:22.555   825 15126 I af_mgr_v3: AF-Start          : Dev(0x0001), TGSZ: W 4208, H 3120, BINSZ: W 4208, H 3120
11-29 18:56:22.555   825 15126 I af_mgr_v3: AF-Start          : Dev(0x0001), [AFParam] AFS_MODE(1), AFC_MODE(1), VAFC_MODE(2), TBLL(9), [DefAFConfig] AF_EXT_ENABLE(1)
11-29 18:56:22.555   825 15126 I af_mgr_v3: AF-SDAF_Start     : default data [af_dac_inf]271 [af_dac_marco]571 [af_dac_min]271 [af_dac_max]571 [af_distance_inf]0 [af_distance_marco]0
11-29 18:56:22.555   825 15124 I isp_mgr_af_stat: [isCCUSupport] (0) Dev(1) Idx(0) 
11-29 18:56:22.556   825 15124 I isp_mgr_af_stat: [isCCUSupport] Enable CCU_AF(0)
11-29 18:56:22.556   825 15124 I afo_buf_mgr: [AFOBufMgrImp] IsCCUSupport(0)
11-29 18:56:22.556   825 15124 I afo_buf_mgr: [AFOBufMgrImp] SensorDev(1) -
11-29 18:56:22.556   825 15124 D camerahalserver: skinCompatible Main Ae Light Supply:2
11-29 18:56:22.556   825 15124 I FLKOBufMgr: FLKOBufMgr(): Expo type = FLK_SENSOR_TYPE_NORMAL
11-29 18:56:22.557   823   926 E android.hardware.sensors@2.0-service-mediatek: Error 13, memsic_log open SYS_FS_USB_ONLINE failed
11-29 18:56:22.557   823   926 E android.hardware.sensors@2.0-service-mediatek: MEMSICBEFORE compenstation MEMSIC memsic_log get_battery_current_now  = -485900 current_avg = -485900 current_chg = 0, charge_ret = 2 torch_ret  = -1 x y z -0.632800 0.154200 2.859300 
11-29 18:56:22.560   825 15050 D AppTsf  : [TsfExit] TsfExit
11-29 18:56:22.561   823   926 E android.hardware.sensors@2.0-service-mediatek: MEMSIC  vir111 gyro algoRstGyro = 0 algoRst = 0
11-29 18:56:22.562   825 15050 D utilMetCtrl: MET TAG is Disabled
11-29 18:56:22.563   825 15050 D tsf_core: [TsfCoreSetEnvInfo] 7365001 5393001 7365001 9245001 7103001 9245001 5393001
11-29 18:56:22.563   825 15050 D AppTsf  : [TsfReset] TsfReset
11-29 18:56:22.564   825 15050 I FlickerHal: setTGInfo(): m_sensorDev(1) tgInfo(1) width(4208) height(3120)
11-29 18:56:22.564   825 15050 W nvbuf_util.cpp: [getInstance:398] getInstance, bInit(1)
11-29 18:56:22.564   825 15050 W nvbuf_util.cpp: [getBufAndReadNoLock:684] ramId(1), sensorDev(1), p(0xb4000072e7c69040), bForceRead(0) +
11-29 18:56:22.564   825 15050 W nvbuf_util.cpp: [getInstance:398] getInstance, bInit(1)
11-29 18:56:22.564   825 15050 W nvbuf_util.cpp: [getBufAndReadNoLock:684] ramId(12), sensorDev(1), p(0xb4000072a5f25680), bForceRead(0) +
11-29 18:56:22.566   825 15050 D camerahalserver: skinCompatible Main awb light 2 suplly
11-29 18:56:22.566   825 15050 I chatty  : uid=1047(cameraserver) HwBinder:825_D identical 1 line
11-29 18:56:22.566   825 15050 D camerahalserver: skinCompatible Main awb light 2 suplly
11-29 18:56:22.569   825 15050 I FlashMgrM: setBitMode(): mode(1).
11-29 18:56:22.569   825 15050 I StrobeDrvFlashlight: setCharger(): ready(1).
11-29 18:56:22.569   825 15050 I StrobeDrvFlashlight: setCharger(): time(79889011).
11-29 18:56:22.569   825 15050 I FlashHal: setInCharge(): sensorDev(1), inCharge(1).
11-29 18:56:22.569   825 15050 I FlashMgrM: setInCharge(): sensorDev(1), inCharge(1).
